
[1m[46m RUN [49m[22m [36mv4.0.15 [39m[90mC:/pecuaria[39m

[90mstdout[2m | src/test/agents/AdminDashboard.test.tsx[2m > [22m[2mAdminDashboard Component[2m > [22m[2mPermission Validation[2m > [22m[2mshould load clients when user is admin
[22m[39m[AdminDashboard] Loading clients (attempt 1/3)...

[90mstdout[2m | src/test/agents/AdminDashboard.test.tsx[2m > [22m[2mAdminDashboard Component[2m > [22m[2mPermission Validation[2m > [22m[2mshould load clients when user is admin
[22m[39m[AdminDashboard] Loaded 3 client profiles from database
[AdminDashboard] Sample raw profile: {
  id: [32m'client-1'[39m,
  name: [32m'Client One'[39m,
  qualification: [90mundefined[39m,
  qualificationType: [32m'undefined'[39m
}
[AdminDashboard] Successfully mapped 3 clients
[AdminDashboard] Sample mapped client: { id: [32m'client-1'[39m, name: [32m'Client One'[39m, qualification: [32m'visitante'[39m }
[AdminDashboard] Loaded organizations: [33m3[39m unique organizations

[90mstdout[2m | src/test/agents/AdminDashboard.test.tsx[2m > [22m[2mAdminDashboard Component[2m > [22m[2mLoading State[2m > [22m[2mshould show loading spinner initially
[22m[39m[AdminDashboard] Loading clients (attempt 1/3)...

node.exe : [90mstderr[2m 
| src/test/agents/AdminDash
board.test.tsx[2m > 
[22m[2mAdminDashboard 
Component[2m > 
[22m[2mLoading State[2m 
> [22m[2mshould show 
loading spinner initially
No linha:1 caractere:1
+ & "C:\Program 
Files\nodejs/node.exe" 
"C:\Program 
Files\nodejs/node_mo ...
+ ~~~~~~~~~~~~~~~~~~~~~~~~~
~~~~~~~~~~~~~~~~~~~~~~~~~~~
~~~~~~~~~~~~~~~~~
    + CategoryInfo         
     : NotSpecified: ([9  
  0mstderr[2m...inner i   
 nitially:String) [], R    
emoteException
    + FullyQualifiedErrorI 
   d : NativeCommandError
 
[22m[39mAn update to 
AdminDashboard inside a 
test was not wrapped in 
act(...).

When testing, code that 
causes React state updates 
should be wrapped into 
act(...):

act(() => {
  /* fire events that 
update state */
});
/* assert on the output */

This ensures that you're 
testing the behavior the 
user would see in the 
browser. Learn more at http
s://react.dev/link/wrap-tes
ts-with-act
An update to 
AdminDashboard inside a 
test was not wrapped in 
act(...).

When testing, code that 
causes React state updates 
should be wrapped into 
act(...):

act(() => {
  /* fire events that 
update state */
});
/* assert on the output */

This ensures that you're 
testing the behavior the 
user would see in the 
browser. Learn more at http
s://react.dev/link/wrap-tes
ts-with-act
An update to 
AdminDashboard inside a 
test was not wrapped in 
act(...).

When testing, code that 
causes React state updates 
should be wrapped into 
act(...):

act(() => {
  /* fire events that 
update state */
});
/* assert on the output */

This ensures that you're 
testing the behavior the 
user would see in the 
browser. Learn more at http
s://react.dev/link/wrap-tes
ts-with-act
An update to 
AdminDashboard inside a 
test was not wrapped in 
act(...).

When testing, code that 
causes React state updates 
should be wrapped into 
act(...):

act(() => {
  /* fire events that 
update state */
});
/* assert on the output */

This ensures that you're 
testing the behavior the 
user would see in the 
browser. Learn more at http
s://react.dev/link/wrap-tes
ts-with-act
An update to 
AdminDashboard inside a 
test was not wrapped in 
act(...).

When testing, code that 
causes React state updates 
should be wrapped into 
act(...):

act(() => {
  /* fire events that 
update state */
});
/* assert on the output */

This ensures that you're 
testing the behavior the 
user would see in the 
browser. Learn more at http
s://react.dev/link/wrap-tes
ts-with-act

[90mstdout[2m | src/test/agents/AdminDashboard.test.tsx[2m > [22m[2mAdminDashboard Component[2m > [22m[2mLoading State[2m > [22m[2mshould show loading spinner initially
[22m[39m[AdminDashboard] Loaded 3 client profiles from database
[AdminDashboard] Sample raw profile: {
  id: [32m'client-1'[39m,
  name: [32m'Client One'[39m,
  qualification: [90mundefined[39m,
  qualificationType: [32m'undefined'[39m
}
[AdminDashboard] Successfully mapped 3 clients
[AdminDashboard] Sample mapped client: { id: [32m'client-1'[39m, name: [32m'Client One'[39m, qualification: [32m'visitante'[39m }
[AdminDashboard] Loaded organizations: [33m3[39m unique organizations

[90mstdout[2m | src/test/agents/AdminDashboard.test.tsx[2m > [22m[2mAdminDashboard Component[2m > [22m[2mData Loading[2m > [22m[2mshould load and display clients successfully
[22m[39m[AdminDashboard] Loading clients (attempt 1/3)...

[90mstdout[2m | src/test/agents/AdminDashboard.test.tsx[2m > [22m[2mAdminDashboard Component[2m > [22m[2mData Loading[2m > [22m[2mshould load and display clients successfully
[22m[39m[AdminDashboard] Loaded 3 client profiles from database
[AdminDashboard] Sample raw profile: {
  id: [32m'client-1'[39m,
  name: [32m'Client One'[39m,
  qualification: [90mundefined[39m,
  qualificationType: [32m'undefined'[39m
}
[AdminDashboard] Successfully mapped 3 clients
[AdminDashboard] Sample mapped client: { id: [32m'client-1'[39m, name: [32m'Client One'[39m, qualification: [32m'visitante'[39m }
[AdminDashboard] Loaded organizations: [33m3[39m unique organizations

[90mstdout[2m | src/test/agents/AdminDashboard.test.tsx[2m > [22m[2mAdminDashboard Component[2m > [22m[2mData Loading[2m > [22m[2mshould display client emails
[22m[39m[AdminDashboard] Loading clients (attempt 1/3)...

[90mstdout[2m | src/test/agents/AdminDashboard.test.tsx[2m > [22m[2mAdminDashboard Component[2m > [22m[2mData Loading[2m > [22m[2mshould display client emails
[22m[39m[AdminDashboard] Loaded 3 client profiles from database
[AdminDashboard] Sample raw profile: {
  id: [32m'client-1'[39m,
  name: [32m'Client One'[39m,
  qualification: [90mundefined[39m,
  qualificationType: [32m'undefined'[39m
}
[AdminDashboard] Successfully mapped 3 clients
[AdminDashboard] Sample mapped client: { id: [32m'client-1'[39m, name: [32m'Client One'[39m, qualification: [32m'visitante'[39m }
[AdminDashboard] Loaded organizations: [33m3[39m unique organizations

[90mstdout[2m | src/test/agents/AdminDashboard.test.tsx[2m > [22m[2mAdminDashboard Component[2m > [22m[2mData Loading[2m > [22m[2mshould handle empty client list
[22m[39m[AdminDashboard] Loading clients (attempt 1/3)...

[90mstdout[2m | src/test/agents/AdminDashboard.test.tsx[2m > [22m[2mAdminDashboard Component[2m > [22m[2mData Loading[2m > [22m[2mshould handle empty client list
[22m[39m[AdminDashboard] Loaded 0 client profiles from database
[AdminDashboard] Successfully mapped 0 clients

[90mstdout[2m | src/test/agents/AdminDashboard.test.tsx[2m > [22m[2mAdminDashboard Component[2m > [22m[2mError Handling[2m > [22m[2mshould display error message on query failure
[22m[39m[AdminDashboard] Loading clients (attempt 1/3)...

[90mstderr[2m | src/test/
agents/AdminDashboard.test.
tsx[2m > 
[22m[2mAdminDashboard 
Component[2m > 
[22m[2mError 
Handling[2m > 
[22m[2mshould display 
error message on query 
failure
[22m[39m[AdminDashboard] 
Error loading clients: {
  code: 
[32m'PGRST301'[39m,
  message: 
[32m'Permission 
denied'[39m,
  details: [1mnull[22m,
  hint: [1mnull[22m
}
[AdminDashboard] Error 
loading organizations: {
  code: 
[32m'PGRST301'[39m,
  message: 
[32m'Permission 
denied'[39m,
  details: [1mnull[22m,
  hint: [1mnull[22m
}

[90mstdout[2m | src/test/agents/AdminDashboard.test.tsx[2m > [22m[2mAdminDashboard Component[2m > [22m[2mError Handling[2m > [22m[2mshould display generic error message on unknown error
[22m[39m[AdminDashboard] Loading clients (attempt 1/3)...

[90mstderr[2m | src/test/
agents/AdminDashboard.test.
tsx[2m > 
[22m[2mAdminDashboard 
Component[2m > 
[22m[2mError 
Handling[2m > 
[22m[2mshould display 
generic error message on 
unknown error
[22m[39m[AdminDashboard] 
Error loading clients: {
  code: 
[32m'UNKNOWN'[39m,
  message: [32m'Something 
went wrong'[39m,
  details: [1mnull[22m,
  hint: [1mnull[22m
}
[AdminDashboard] Error 
loading organizations: {
  code: 
[32m'UNKNOWN'[39m,
  message: [32m'Something 
went wrong'[39m,
  details: [1mnull[22m,
  hint: [1mnull[22m
}

[90mstdout[2m | src/test/agents/AdminDashboard.test.tsx[2m > [22m[2mAdminDashboard Component[2m > [22m[2mError Handling[2m > [22m[2mshould display generic error message on unknown error
[22m[39m[AdminDashboard] Retrying after 1000ms...

[90mstderr[2m | src/test/
agents/AdminDashboard.test.
tsx[2m > 
[22m[2mAdminDashboard 
Component[2m > 
[22m[2mError 
Handling[2m > 
[22m[2mshould show retry 
button on error
[22m[39m[AdminDashboard] 
Error loading clients: { 
code: [32m'UNKNOWN'[39m, 
message: 
[32m'Error'[39m, 
details: [1mnull[22m, 
hint: [1mnull[22m }
[AdminDashboard] Error 
loading organizations: { 
code: [32m'UNKNOWN'[39m, 
message: 
[32m'Error'[39m, 
details: [1mnull[22m, 
hint: [1mnull[22m }
[90mstdout[2m | src/test/agents/AdminDashboard.test.tsx[2m > [22m[2mAdminDashboard Component[2m > [22m[2mError Handling[2m > [22m[2mshould show retry button on error
[22m[39m[AdminDashboard] Loading clients (attempt 1/3)...


[90mstdout[2m | src/test/agents/AdminDashboard.test.tsx[2m > [22m[2mAdminDashboard Component[2m > [22m[2mError Handling[2m > [22m[2mshould show retry button on error
[22m[39m[AdminDashboard] Retrying after 1000ms...

[90mstdout[2m | src/test/agents/AdminDashboard.test.tsx[2m > [22m[2mAdminDashboard Component[2m > [22m[2mError Handling[2m > [22m[2mshould show retry button on error
[22m[39m[AdminDashboard] Loading clients (attempt 2/3)...

[90mstdout[2m | src/test/agents/AdminDashboard.test.tsx[2m > [22m[2mAdminDashboard Component[2m > [22m[2mError Handling[2m > [22m[2mshould show retry button on error
[22m[39m[AdminDashboard] Retrying after 1000ms...

[90mstderr[2m | src/test/
agents/AdminDashboard.test.
tsx[2m > 
[22m[2mAdminDashboard 
Component[2m > 
[22m[2mError 
Handling[2m > 
[22m[2mshould show retry 
button on error
[22m[39m[AdminDashboard] 
Error loading clients: { 
code: [32m'UNKNOWN'[39m, 
message: 
[32m'Error'[39m, 
details: [1mnull[22m, 
hint: [1mnull[22m }

[90mstdout[2m | src/test/agents/AdminDashboard.test.tsx[2m > [22m[2mAdminDashboard Component[2m > [22m[2mError Handling[2m > [22m[2mshould retry loading on retry button click
[22m[39m[AdminDashboard] Loading clients (attempt 1/3)...

[90mstderr[2m | src/test/
agents/AdminDashboard.test.
tsx[2m > 
[22m[2mAdminDashboard 
Component[2m > 
[22m[2mError 
Handling[2m > 
[22m[2mshould retry 
loading on retry button 
click
[22m[39m[AdminDashboard] 
Error loading clients: { 
code: [32m'UNKNOWN'[39m, 
message: 
[32m'Error'[39m, 
details: [1mnull[22m, 
hint: [1mnull[22m }

[90mstdout[2m | src/test/agents/AdminDashboard.test.tsx[2m > [22m[2mAdminDashboard Component[2m > [22m[2mError Handling[2m > [22m[2mshould retry loading on retry button click
[22m[39m[AdminDashboard] Retrying after 1000ms...
[AdminDashboard] Loaded organizations: [33m3[39m unique organizations

[90mstdout[2m | src/test/agents/AdminDashboard.test.tsx[2m > [22m[2mAdminDashboard Component[2m > [22m[2mError Handling[2m > [22m[2mshould retry loading on retry button click
[22m[39m[AdminDashboard] Loading clients (attempt 2/3)...

[90mstdout[2m | src/test/agents/AdminDashboard.test.tsx[2m > [22m[2mAdminDashboard Component[2m > [22m[2mError Handling[2m > [22m[2mshould retry loading on retry button click
[22m[39m[AdminDashboard] Loaded 3 client profiles from database
[AdminDashboard] Sample raw profile: {
  id: [32m'client-1'[39m,
  name: [32m'Client One'[39m,
  qualification: [90mundefined[39m,
  qualificationType: [32m'undefined'[39m
}
[AdminDashboard] Successfully mapped 3 clients
[AdminDashboard] Sample mapped client: { id: [32m'client-1'[39m, name: [32m'Client One'[39m, qualification: [32m'visitante'[39m }

[90mstdout[2m | src/test/agents/AdminDashboard.test.tsx[2m > [22m[2mAdminDashboard Component[2m > [22m[2mError Handling[2m > [22m[2mshould retry loading on retry button click
[22m[39m[AdminDashboard] Loading clients (attempt 3/3)...

[90mstdout[2m | src/test/agents/AdminDashboard.test.tsx[2m > [22m[2mAdminDashboard Component[2m > [22m[2mError Handling[2m > [22m[2mshould retry loading on retry button click
[22m[39m[AdminDashboard] Loaded 3 client profiles from database
[AdminDashboard] Sample raw profile: {
  id: [32m'client-1'[39m,
  name: [32m'Client One'[39m,
  qualification: [90mundefined[39m,
  qualificationType: [32m'undefined'[39m
}
[AdminDashboard] Successfully mapped 3 clients
[AdminDashboard] Sample mapped client: { id: [32m'client-1'[39m, name: [32m'Client One'[39m, qualification: [32m'visitante'[39m }

[90mstdout[2m | src/test/agents/AdminDashboard.test.tsx[2m > [22m[2mAdminDashboard Component[2m > [22m[2mSearch Functionality[2m > [22m[2mshould filter clients by name
[22m[39m[AdminDashboard] Loading clients (attempt 1/3)...

[90mstdout[2m | src/test/agents/AdminDashboard.test.tsx[2m > [22m[2mAdminDashboard Component[2m > [22m[2mSearch Functionality[2m > [22m[2mshould filter clients by name
[22m[39m[AdminDashboard] Loaded 3 client profiles from database
[AdminDashboard] Sample raw profile: {
  id: [32m'client-1'[39m,
  name: [32m'Client One'[39m,
  qualification: [90mundefined[39m,
  qualificationType: [32m'undefined'[39m
}
[AdminDashboard] Successfully mapped 3 clients
[AdminDashboard] Sample mapped client: { id: [32m'client-1'[39m, name: [32m'Client One'[39m, qualification: [32m'visitante'[39m }
[AdminDashboard] Loaded organizations: [33m3[39m unique organizations

[90mstdout[2m | src/test/agents/AdminDashboard.test.tsx[2m > [22m[2mAdminDashboard Component[2m > [22m[2mSearch Functionality[2m > [22m[2mshould filter clients by name
[22m[39m[AdminDashboard] Loading clients (attempt 2/3)...

[90mstdout[2m | src/test/agents/AdminDashboard.test.tsx[2m > [22m[2mAdminDashboard Component[2m > [22m[2mSearch Functionality[2m > [22m[2mshould filter clients by name
[22m[39m[AdminDashboard] Loaded 3 client profiles from database
[AdminDashboard] Sample raw profile: {
  id: [32m'client-1'[39m,
  name: [32m'Client One'[39m,
  qualification: [90mundefined[39m,
  qualificationType: [32m'undefined'[39m
}
[AdminDashboard] Successfully mapped 3 clients
[AdminDashboard] Sample mapped client: { id: [32m'client-1'[39m, name: [32m'Client One'[39m, qualification: [32m'visitante'[39m }

[90mstdout[2m | src/test/agents/AdminDashboard.test.tsx[2m > [22m[2mAdminDashboard Component[2m > [22m[2mSearch Functionality[2m > [22m[2mshould filter clients by email
[22m[39m[AdminDashboard] Loading clients (attempt 1/3)...

[90mstdout[2m | src/test/agents/AdminDashboard.test.tsx[2m > [22m[2mAdminDashboard Component[2m > [22m[2mSearch Functionality[2m > [22m[2mshould filter clients by email
[22m[39m[AdminDashboard] Loaded 3 client profiles from database
[AdminDashboard] Sample raw profile: {
  id: [32m'client-1'[39m,
  name: [32m'Client One'[39m,
  qualification: [90mundefined[39m,
  qualificationType: [32m'undefined'[39m
}
[AdminDashboard] Successfully mapped 3 clients
[AdminDashboard] Sample mapped client: { id: [32m'client-1'[39m, name: [32m'Client One'[39m, qualification: [32m'visitante'[39m }
[AdminDashboard] Loaded organizations: [33m3[39m unique organizations

[90mstdout[2m | src/test/agents/AdminDashboard.test.tsx[2m > [22m[2mAdminDashboard Component[2m > [22m[2mSearch Functionality[2m > [22m[2mshould show no results message when search has no matches
[22m[39m[AdminDashboard] Loading clients (attempt 1/3)...

[90mstdout[2m | src/test/agents/AdminDashboard.test.tsx[2m > [22m[2mAdminDashboard Component[2m > [22m[2mSearch Functionality[2m > [22m[2mshould show no results message when search has no matches
[22m[39m[AdminDashboard] Loaded 3 client profiles from database
[AdminDashboard] Sample raw profile: {
  id: [32m'client-1'[39m,
  name: [32m'Client One'[39m,
  qualification: [90mundefined[39m,
  qualificationType: [32m'undefined'[39m
}
[AdminDashboard] Successfully mapped 3 clients
[AdminDashboard] Sample mapped client: { id: [32m'client-1'[39m, name: [32m'Client One'[39m, qualification: [32m'visitante'[39m }
[AdminDashboard] Loaded organizations: [33m3[39m unique organizations

[90mstdout[2m | src/test/agents/AdminDashboard.test.tsx[2m > [22m[2mAdminDashboard Component[2m > [22m[2mSearch Functionality[2m > [22m[2mshould be case insensitive
[22m[39m[AdminDashboard] Loading clients (attempt 1/3)...

[90mstdout[2m | src/test/agents/AdminDashboard.test.tsx[2m > [22m[2mAdminDashboard Component[2m > [22m[2mSearch Functionality[2m > [22m[2mshould be case insensitive
[22m[39m[AdminDashboard] Loaded 3 client profiles from database
[AdminDashboard] Sample raw profile: {
  id: [32m'client-1'[39m,
  name: [32m'Client One'[39m,
  qualification: [90mundefined[39m,
  qualificationType: [32m'undefined'[39m
}
[AdminDashboard] Successfully mapped 3 clients
[AdminDashboard] Sample mapped client: { id: [32m'client-1'[39m, name: [32m'Client One'[39m, qualification: [32m'visitante'[39m }
[AdminDashboard] Loaded organizations: [33m3[39m unique organizations

[90mstdout[2m | src/test/agents/AdminDashboard.test.tsx[2m > [22m[2mAdminDashboard Component[2m > [22m[2mStatistics Calculation[2m > [22m[2mshould calculate total clients correctly
[22m[39m[AdminDashboard] Loading clients (attempt 1/3)...

[90mstdout[2m | src/test/agents/AdminDashboard.test.tsx[2m > [22m[2mAdminDashboard Component[2m > [22m[2mStatistics Calculation[2m > [22m[2mshould calculate total clients correctly
[22m[39m[AdminDashboard] Loaded 3 client profiles from database
[AdminDashboard] Sample raw profile: {
  id: [32m'client-1'[39m,
  name: [32m'Client One'[39m,
  qualification: [90mundefined[39m,
  qualificationType: [32m'undefined'[39m
}
[AdminDashboard] Successfully mapped 3 clients
[AdminDashboard] Sample mapped client: { id: [32m'client-1'[39m, name: [32m'Client One'[39m, qualification: [32m'visitante'[39m }
[AdminDashboard] Loaded organizations: [33m3[39m unique organizations

[90mstdout[2m | src/test/agents/AdminDashboard.test.tsx[2m > [22m[2mAdminDashboard Component[2m > [22m[2mStatistics Calculation[2m > [22m[2mshould calculate active clients correctly
[22m[39m[AdminDashboard] Loading clients (attempt 1/3)...

[90mstdout[2m | src/test/agents/AdminDashboard.test.tsx[2m > [22m[2mAdminDashboard Component[2m > [22m[2mStatistics Calculation[2m > [22m[2mshould calculate active clients correctly
[22m[39m[AdminDashboard] Loaded 3 client profiles from database
[AdminDashboard] Sample raw profile: {
  id: [32m'client-1'[39m,
  name: [32m'Client One'[39m,
  qualification: [90mundefined[39m,
  qualificationType: [32m'undefined'[39m
}
[AdminDashboard] Successfully mapped 3 clients
[AdminDashboard] Sample mapped client: { id: [32m'client-1'[39m, name: [32m'Client One'[39m, qualification: [32m'visitante'[39m }
[AdminDashboard] Loaded organizations: [33m3[39m unique organizations

[90mstdout[2m | src/test/agents/AdminDashboard.test.tsx[2m > [22m[2mAdminDashboard Component[2m > [22m[2mStatistics Calculation[2m > [22m[2mshould calculate MRR correctly
[22m[39m[AdminDashboard] Loading clients (attempt 1/3)...

[90mstdout[2m | src/test/agents/AdminDashboard.test.tsx[2m > [22m[2mAdminDashboard Component[2m > [22m[2mStatistics Calculation[2m > [22m[2mshould calculate MRR correctly
[22m[39m[AdminDashboard] Loaded 3 client profiles from database
[AdminDashboard] Sample raw profile: {
  id: [32m'client-1'[39m,
  name: [32m'Client One'[39m,
  qualification: [90mundefined[39m,
  qualificationType: [32m'undefined'[39m
}
[AdminDashboard] Successfully mapped 3 clients
[AdminDashboard] Sample mapped client: { id: [32m'client-1'[39m, name: [32m'Client One'[39m, qualification: [32m'visitante'[39m }
[AdminDashboard] Loaded organizations: [33m3[39m unique organizations

[90mstdout[2m | src/test/agents/AdminDashboard.test.tsx[2m > [22m[2mAdminDashboard Component[2m > [22m[2mStatistics Calculation[2m > [22m[2mshould handle zero MRR for basic plans
[22m[39m[AdminDashboard] Loading clients (attempt 1/3)...

[90mstdout[2m | src/test/agents/AdminDashboard.test.tsx[2m > [22m[2mAdminDashboard Component[2m > [22m[2mStatistics Calculation[2m > [22m[2mshould handle zero MRR for basic plans
[22m[39m[AdminDashboard] Loaded 1 client profiles from database
[AdminDashboard] Sample raw profile: {
  id: [32m'client-1'[39m,
  name: [32m'Client One'[39m,
  qualification: [90mundefined[39m,
  qualificationType: [32m'undefined'[39m
}
[AdminDashboard] Successfully mapped 1 clients
[AdminDashboard] Sample mapped client: { id: [32m'client-1'[39m, name: [32m'Client One'[39m, qualification: [32m'visitante'[39m }
[AdminDashboard] Loaded organizations: [33m1[39m unique organizations

[90mstdout[2m | src/test/agents/AdminDashboard.test.tsx[2m > [22m[2mAdminDashboard Component[2m > [22m[2mClient Display[2m > [22m[2mshould display client plan badges correctly
[22m[39m[AdminDashboard] Loading clients (attempt 1/3)...

[90mstdout[2m | src/test/agents/AdminDashboard.test.tsx[2m > [22m[2mAdminDashboard Component[2m > [22m[2mClient Display[2m > [22m[2mshould display client plan badges correctly
[22m[39m[AdminDashboard] Loaded 3 client profiles from database
[AdminDashboard] Sample raw profile: {
  id: [32m'client-1'[39m,
  name: [32m'Client One'[39m,
  qualification: [90mundefined[39m,
  qualificationType: [32m'undefined'[39m
}
[AdminDashboard] Successfully mapped 3 clients
[AdminDashboard] Sample mapped client: { id: [32m'client-1'[39m, name: [32m'Client One'[39m, qualification: [32m'visitante'[39m }
[AdminDashboard] Loaded organizations: [33m3[39m unique organizations

[90mstdout[2m | src/test/agents/AdminDashboard.test.tsx[2m > [22m[2mAdminDashboard Component[2m > [22m[2mClient Display[2m > [22m[2mshould display client status correctly
[22m[39m[AdminDashboard] Loading clients (attempt 1/3)...

[90mstdout[2m | src/test/agents/AdminDashboard.test.tsx[2m > [22m[2mAdminDashboard Component[2m > [22m[2mClient Display[2m > [22m[2mshould display client status correctly
[22m[39m[AdminDashboard] Loaded 3 client profiles from database
[AdminDashboard] Sample raw profile: {
  id: [32m'client-1'[39m,
  name: [32m'Client One'[39m,
  qualification: [90mundefined[39m,
  qualificationType: [32m'undefined'[39m
}
[AdminDashboard] Successfully mapped 3 clients
[AdminDashboard] Sample mapped client: { id: [32m'client-1'[39m, name: [32m'Client One'[39m, qualification: [32m'visitante'[39m }
[AdminDashboard] Loaded organizations: [33m3[39m unique organizations

[90mstdout[2m | src/test/agents/AdminDashboard.test.tsx[2m > [22m[2mAdminDashboard Component[2m > [22m[2mClient Display[2m > [22m[2mshould format last login correctly
[22m[39m[AdminDashboard] Loading clients (attempt 1/3)...

[90mstdout[2m | src/test/agents/AdminDashboard.test.tsx[2m > [22m[2mAdminDashboard Component[2m > [22m[2mClient Display[2m > [22m[2mshould format last login correctly
[22m[39m[AdminDashboard] Loaded 3 client profiles from database
[AdminDashboard] Sample raw profile: {
  id: [32m'client-1'[39m,
  name: [32m'Client One'[39m,
  qualification: [90mundefined[39m,
  qualificationType: [32m'undefined'[39m
}
[AdminDashboard] Successfully mapped 3 clients
[AdminDashboard] Sample mapped client: { id: [32m'client-1'[39m, name: [32m'Client One'[39m, qualification: [32m'visitante'[39m }
[AdminDashboard] Loaded organizations: [33m3[39m unique organizations

[90mstdout[2m | src/test/agents/AdminDashboard.test.tsx[2m > [22m[2mAdminDashboard Component[2m > [22m[2mClient Display[2m > [22m[2mshould display client avatar initials
[22m[39m[AdminDashboard] Loading clients (attempt 1/3)...

[90mstdout[2m | src/test/agents/AdminDashboard.test.tsx[2m > [22m[2mAdminDashboard Component[2m > [22m[2mClient Display[2m > [22m[2mshould display client avatar initials
[22m[39m[AdminDashboard] Loaded 3 client profiles from database
[AdminDashboard] Sample raw profile: {
  id: [32m'client-1'[39m,
  name: [32m'Client One'[39m,
  qualification: [90mundefined[39m,
  qualificationType: [32m'undefined'[39m
}
[AdminDashboard] Successfully mapped 3 clients
[AdminDashboard] Sample mapped client: { id: [32m'client-1'[39m, name: [32m'Client One'[39m, qualification: [32m'visitante'[39m }
[AdminDashboard] Loaded organizations: [33m3[39m unique organizations

[90mstdout[2m | src/test/agents/AdminDashboard.test.tsx[2m > [22m[2mAdminDashboard Component[2m > [22m[2mRetry Logic[2m > [22m[2mshould retry on transient errors
[22m[39m[AdminDashboard] Loading clients (attempt 1/3)...

[90mstdout[2m | src/test/agents/AdminDashboard.test.tsx[2m > [22m[2mAdminDashboard Component[2m > [22m[2mRetry Logic[2m > [22m[2mshould retry on transient errors
[22m[39m[AdminDashboard] Retrying after 1000ms...

[90mstderr[2m | src/test/
agents/AdminDashboard.test.
tsx[2m > 
[22m[2mAdminDashboard 
Component[2m > 
[22m[2mRetry Logic[2m > 
[22m[2mshould retry on 
transient errors
[22m[39m[AdminDashboard] 
Error loading clients: {
  code: 
[32m'PGRST500'[39m,
  message: [32m'Server 
error'[39m,
  details: [1mnull[22m,
  hint: [1mnull[22m
}
[AdminDashboard] Error 
loading organizations: {
  code: 
[32m'PGRST500'[39m,
  message: [32m'Server 
error'[39m,
  details: [1mnull[22m,
  hint: [1mnull[22m
}

[90mstdout[2m | src/test/agents/AdminDashboard.test.tsx[2m > [22m[2mAdminDashboard Component[2m > [22m[2mRetry Logic[2m > [22m[2mshould retry on transient errors
[22m[39m[AdminDashboard] Loading clients (attempt 2/3)...

[90mstdout[2m | src/test/agents/AdminDashboard.test.tsx[2m > [22m[2mAdminDashboard Component[2m > [22m[2mRetry Logic[2m > [22m[2mshould retry on transient errors
[22m[39m[AdminDashboard] Loaded 3 client profiles from database
[AdminDashboard] Sample raw profile: {
  id: [32m'client-1'[39m,
  name: [32m'Client One'[39m,
  qualification: [90mundefined[39m,
  qualificationType: [32m'undefined'[39m
}
[AdminDashboard] Successfully mapped 3 clients
[AdminDashboard] Sample mapped client: { id: [32m'client-1'[39m, name: [32m'Client One'[39m, qualification: [32m'visitante'[39m }

[90mstdout[2m | src/test/agents/AdminDashboard.test.tsx[2m > [22m[2mAdminDashboard Component[2m > [22m[2mEdge Cases[2m > [22m[2mshould handle null data response
[22m[39m[AdminDashboard] Loading clients (attempt 1/3)...

[90mstdout[2m | src/test/agents/AdminDashboard.test.tsx[2m > [22m[2mAdminDashboard Component[2m > [22m[2mEdge Cases[2m > [22m[2mshould handle null data response
[22m[39m[AdminDashboard] No data returned from query
[AdminDashboard] Loading clients (attempt 2/3)...

[90mstdout[2m | src/test/agents/AdminDashboard.test.tsx[2m > [22m[2mAdminDashboard Component[2m > [22m[2mEdge Cases[2m > [22m[2mshould handle null data response
[22m[39m[AdminDashboard] No data returned from query
[AdminDashboard] Loading clients (attempt 3/3)...

[90mstdout[2m | src/test/agents/AdminDashboard.test.tsx[2m > [22m[2mAdminDashboard Component[2m > [22m[2mEdge Cases[2m > [22m[2mshould handle null data response
[22m[39m[AdminDashboard] No data returned from query

[90mstdout[2m | src/test/agents/AdminDashboard.test.tsx[2m > [22m[2mAdminDashboard Component[2m > [22m[2mEdge Cases[2m > [22m[2mshould handle malformed client data gracefully
[22m[39m[AdminDashboard] Loading clients (attempt 1/3)...

[90mstderr[2m | src/test/
agents/AdminDashboard.test.
tsx[2m > 
[22m[2mAdminDashboard 
Component[2m > 
[22m[2mEdge Cases[2m > 
[22m[2mshould handle 
malformed client data 
gracefully
[22m[39m[mapUserProfile] 
Invalid profile: missing 
or invalid role {
  role: 
[90mundefined[39m,
  profile: { id: 
[32m'client-1'[39m, 
email: [32m'client1@exampl
e.com'[39m }
}
[mapUserProfile] Invalid 
profile: profile is null, 
undefined, or not an 
object [1mnull[22m
[mapUserProfile] Invalid 
profile: profile is null, 
undefined, or not an 
object [90mundefined[39m
[AdminDashboard] Error 
loading organizations: 
TypeError: Cannot read 
properties of undefined 
(reading 'toLowerCase')
    at C:/pecuaria/agents/A
dminDashboard.tsx:59:50
    at Array.findIndex 
(<anonymous>)
    at C:/pecuaria/agents/A
dminDashboard.tsx:59:26
    at Array.filter 
(<anonymous>)
    at loadOrganizations (C
:/pecuaria/agents/AdminDash
board.tsx:58:33)

[90mstdout[2m | src/test/agents/AdminDashboard.test.tsx[2m > [22m[2mAdminDashboard Component[2m > [22m[2mEdge Cases[2m > [22m[2mshould handle malformed client data gracefully
[22m[39m[AdminDashboard] Loaded 3 client profiles from database
[AdminDashboard] Sample raw profile: {
  id: [32m'client-1'[39m,
  name: [90mundefined[39m,
  qualification: [90mundefined[39m,
  qualificationType: [32m'undefined'[39m
}
[AdminDashboard] Successfully mapped 0 clients

[90mstdout[2m | src/test/agents/AdminDashboard.test.tsx[2m > [22m[2mAdminDashboard Component[2m > [22m[2mEdge Cases[2m > [22m[2mshould handle network timeout
[22m[39m[AdminDashboard] Loading clients (attempt 1/3)...

[90mstderr[2m | src/test/
agents/AdminDashboard.test.
tsx[2m > 
[22m[2mAdminDashboard 
Component[2m > 
[22m[2mEdge Cases[2m > 
[22m[2mshould handle 
network timeout
[22m[39m[AdminDashboard] 
Exception loading clients: 
Error: Network timeout
    at Timeout._onTimeout (
C:/pecuaria/src/test/agents
/AdminDashboard.test.tsx:48
0:35)
[90m    at listOnTimeout (
node:internal/timers:605:17
)[39m
[90m    at processTimers (
node:internal/timers:541:7)
[39m

[90mstdout[2m | src/test/agents/AdminDashboard.test.tsx[2m > [22m[2mAdminDashboard Component[2m > [22m[2mEdge Cases[2m > [22m[2mshould handle network timeout
[22m[39m[AdminDashboard] Retrying after 1000ms...

[90mstderr[2m | src/test/
agents/AdminDashboard.test.
tsx[2m > 
[22m[2mAdminDashboard 
Component[2m > 
[22m[2mEdge Cases[2m > 
[22m[2mshould handle 
network timeout
[22m[39m[AdminDashboard] 
Error loading 
organizations: Error: 
Network timeout
    at Timeout._onTimeout (
C:/pecuaria/src/test/agents
/AdminDashboard.test.tsx:48
0:35)
[90m    at listOnTimeout (
node:internal/timers:605:17
)[39m
[90m    at processTimers (
node:internal/timers:541:7)
[39m

[90mstdout[2m | src/test/agents/AdminDashboard.test.tsx[2m > [22m[2mAdminDashboard Component[2m > [22m[2mEdge Cases[2m > [22m[2mshould handle network timeout
[22m[39m[AdminDashboard] Loading clients (attempt 2/3)...

[90mstdout[2m | src/test/agents/AdminDashboard.test.tsx[2m > [22m[2mAdminDashboard Component[2m > [22m[2mEdge Cases[2m > [22m[2mshould handle network timeout
[22m[39m[AdminDashboard] Retrying after 1000ms...

[90mstderr[2m | src/test/
agents/AdminDashboard.test.
tsx[2m > 
[22m[2mAdminDashboard 
Component[2m > 
[22m[2mEdge Cases[2m > 
[22m[2mshould handle 
network timeout
[22m[39m[AdminDashboard] 
Exception loading clients: 
Error: Network timeout
    at Timeout._onTimeout (
C:/pecuaria/src/test/agents
/AdminDashboard.test.tsx:48
0:35)
[90m    at listOnTimeout (
node:internal/timers:605:17
)[39m
[90m    at processTimers (
node:internal/timers:541:7)
[39m

[90mstdout[2m | src/test/agents/AdminDashboard.test.tsx[2m > [22m[2mAdminDashboard Component[2m > [22m[2mTable Display[2m > [22m[2mshould show correct table headers
[22m[39m[AdminDashboard] Loading clients (attempt 1/3)...

[90mstdout[2m | src/test/agents/AdminDashboard.test.tsx[2m > [22m[2mAdminDashboard Component[2m > [22m[2mTable Display[2m > [22m[2mshould show correct table headers
[22m[39m[AdminDashboard] Loaded 3 client profiles from database
[AdminDashboard] Sample raw profile: {
  id: [32m'client-1'[39m,
  name: [32m'Client One'[39m,
  qualification: [90mundefined[39m,
  qualificationType: [32m'undefined'[39m
}
[AdminDashboard] Successfully mapped 3 clients
[AdminDashboard] Sample mapped client: { id: [32m'client-1'[39m, name: [32m'Client One'[39m, qualification: [32m'visitante'[39m }
[AdminDashboard] Loaded organizations: [33m3[39m unique organizations

[90mstdout[2m | src/test/agents/AdminDashboard.test.tsx[2m > [22m[2mAdminDashboard Component[2m > [22m[2mTable Display[2m > [22m[2mshould show correct table headers
[22m[39m[AdminDashboard] Loading clients (attempt 3/3)...

[90mstdout[2m | src/test/agents/AdminDashboard.test.tsx[2m > [22m[2mAdminDashboard Component[2m > [22m[2mTable Display[2m > [22m[2mshould show correct table headers
[22m[39m[AdminDashboard] Loaded 3 client profiles from database
[AdminDashboard] Sample raw profile: {
  id: [32m'client-1'[39m,
  name: [32m'Client One'[39m,
  qualification: [90mundefined[39m,
  qualificationType: [32m'undefined'[39m
}
[AdminDashboard] Successfully mapped 3 clients
[AdminDashboard] Sample mapped client: { id: [32m'client-1'[39m, name: [32m'Client One'[39m, qualification: [32m'visitante'[39m }

[90mstdout[2m | src/test/agents/AdminDashboard.test.tsx[2m > [22m[2mAdminDashboard Component[2m > [22m[2mTable Display[2m > [22m[2mshould show client count in footer
[22m[39m[AdminDashboard] Loading clients (attempt 1/3)...

[90mstdout[2m | src/test/agents/AdminDashboard.test.tsx[2m > [22m[2mAdminDashboard Component[2m > [22m[2mTable Display[2m > [22m[2mshould show client count in footer
[22m[39m[AdminDashboard] Loaded 3 client profiles from database
[AdminDashboard] Sample raw profile: {
  id: [32m'client-1'[39m,
  name: [32m'Client One'[39m,
  qualification: [90mundefined[39m,
  qualificationType: [32m'undefined'[39m
}
[AdminDashboard] Successfully mapped 3 clients
[AdminDashboard] Sample mapped client: { id: [32m'client-1'[39m, name: [32m'Client One'[39m, qualification: [32m'visitante'[39m }
[AdminDashboard] Loaded organizations: [33m3[39m unique organizations

 [31mΓ¥»[39m src/test/agents/AdminDashboard.test.tsx [2m([22m[2m29 tests[22m[2m | [22m[31m18 failed[39m[2m)[22m[33m 16428[2mms[22m[39m
       [32mΓ£ô[39m should export component[32m 1[2mms[22m[39m
       [32mΓ£ô[39m should show access denied for non-admin users[32m 38[2mms[22m[39m
[31m       [31m├ù[31m should load clients when user is admin[39m[33m 1023[2mms[22m[39m
       [32mΓ£ô[39m should show loading spinner initially[32m 8[2mms[22m[39m
       [32mΓ£ô[39m should load and display clients successfully[32m 25[2mms[22m[39m
       [32mΓ£ô[39m should display client emails[32m 16[2mms[22m[39m
[31m       [31m├ù[31m should handle empty client list[39m[33m 1007[2mms[22m[39m
       [32mΓ£ô[39m should display error message on query failure[32m 7[2mms[22m[39m
[31m       [31m├ù[31m should display generic error message on unknown error[39m[33m 1003[2mms[22m[39m
[31m       [31m├ù[31m should show retry button on error[39m[33m 1010[2mms[22m[39m
[31m       [31m├ù[31m should retry loading on retry button click[39m[33m 1005[2mms[22m[39m
[31m       [31m├ù[31m should filter clients by name[39m[32m 38[2mms[22m[39m
[31m       [31m├ù[31m should filter clients by email[39m[32m 29[2mms[22m[39m
[31m       [31m├ù[31m should show no results message when search has no matches[39m[32m 17[2mms[22m[39m
[31m       [31m├ù[31m should be case insensitive[39m[32m 20[2mms[22m[39m
[31m       [31m├ù[31m should calculate total clients correctly[39m[33m 1010[2mms[22m[39m
       [32mΓ£ô[39m should calculate active clients correctly[32m 13[2mms[22m[39m
[31m       [31m├ù[31m should calculate MRR correctly[39m[33m 1018[2mms[22m[39m
[31m       [31m├ù[31m should handle zero MRR for basic plans[39m[33m 1003[2mms[22m[39m
[31m       [31m├ù[31m should display client plan badges correctly[39m[33m 1008[2mms[22m[39m
       [32mΓ£ô[39m should display client status correctly[32m 14[2mms[22m[39m
       [32mΓ£ô[39m should format last login correctly[32m 18[2mms[22m[39m
       [32mΓ£ô[39m should display client avatar initials[32m 17[2mms[22m[39m
       [33m[2mΓ£ô[22m[39m should retry on transient errors [33m 1013[2mms[22m[39m
[31m       [31m├ù[31m should handle null data response[39m[33m 1012[2mms[22m[39m
[31m       [31m├ù[31m should handle malformed client data gracefully[39m[33m 1015[2mms[22m[39m
[31m       [31m├ù[31m should handle network timeout[39m[33m 2004[2mms[22m[39m
[31m       [31m├ù[31m should show correct table headers[39m[33m 1016[2mms[22m[39m
[31m       [31m├ù[31m should show client count in footer[39m[33m 1017[2mms[22m[39m

[31mΓÄ»ΓÄ»ΓÄ»ΓÄ»ΓÄ»ΓÄ»[39
m[1m[41m Failed Tests 18 
[49m[22m[31mΓÄ»ΓÄ»ΓÄ»ΓÄ»
ΓÄ»ΓÄ»ΓÄ»[39m

[41m[1m FAIL [22m[49m s
rc/test/agents/AdminDashboa
rd.test.tsx[2m > 
[22mAdminDashboard 
Component[2m > 
[22mPermission 
Validation[2m > 
[22mshould load clients 
when user is admin
[31m[1mAssertionError[22
m[39m: expected "vi.fn()" 
to be called with 
arguments: [ '*' ][90m

Received: 

[1m  1st vi.fn() call:

[22m[2m  [[22m
[32m-   "*",[90m
[31m+   "id, name, email, 
role, avatar, plan, 
status, last_login, 
organization_id, phone, 
qualification, created_at, 
updated_at",[90m
[2m  ][22m

[1m  2nd vi.fn() call:

[22m[2m  [[22m
[32m-   "*",[90m
[31m+   "id, name, 
status",[90m
[2m  ][22m
[39m[90m

Number of calls: [1m2[22m
[39m

Ignored nodes: comments, 
script, style
[36m<html>[39m
  [36m<head />[39m
  [36m<body>[39m
    [36m<div>[39m
      [36m<div[39m
        [33mclass[39m=[3
2m"h-full flex flex-col 
gap-6 p-2"[39m
      [36m>[39m
        [36m<div[39m
          
[33mclass[39m=[32m"grid 
grid-cols-2 gap-4"[39m
        [36m>[39m
          [36m<div[39m
            [33mclass[39m
=[32m"bg-white p-4 
rounded-xl border 
border-ai-border 
shadow-sm"[39m
          [36m>[39m
            [36m<div[39m
              
[33mclass[39m=[32m"flex 
items-center gap-3 
mb-2"[39m
            [36m>[39m
              
[36m<div[39m
                
[33mclass[39m=[32m"p-2 
bg-blue-50 text-blue-600 
rounded-lg"[39m
              [36m>[39m
                
[36m<svg[39m
                  [33maria
-hidden[39m=[32m"true"[3
9m
                  [33mclas
s[39m=[32m"lucide 
lucide-users"[39m
                  [33mfill
[39m=[32m"none"[39m
                  [33mheig
ht[39m=[32m"18"[39m
                  [33mstro
ke[39m=[32m"currentColor"
[39m
                  [33mstro
ke-linecap[39m=[32m"round
"[39m
                  [33mstro
ke-linejoin[39m=[32m"roun
d"[39m
                  [33mstro
ke-width[39m=[32m"2"[39m
                  
[33mviewBox[39m=[32m"0 
0 24 24"[39m
                  [33mwidt
h[39m=[32m"18"[39m
                  [33mxmln
s[39m=[32m"http://www.w3.
org/2000/svg"[39m
                [36m>[39m
                  
[36m<path[39m
                    
[33md[39m=[32m"M16 
21v-2a4 4 0 0 0-4-4H6a4 4 
0 0 0-4 4v2"[39m
                  
[36m/>[39m
                  
[36m<path[39m
                    
[33md[39m=[32m"M16 
3.128a4 4 0 0 1 0 
7.744"[39m
                  
[36m/>[39m
                  
[36m<path[39m
                    
[33md[39m=[32m"M22 
21v-2a4 4 0 0 
0-3-3.87"[39m
                  
[36m/>[39m
                  
[36m<circle[39m
                    
[33mcx[39m=[32m"9"[39m
                    
[33mcy[39m=[32m"7"[39m
                    
[33mr[39m=[32m"4"[39m
                  
[36m/>[39m
                
[36m</svg>[39m
              
[36m</div>[39m
              
[36m<span[39m
                [33mclass
[39m=[32m"text-xs 
font-bold text-ai-subtext 
uppercase"[39m
              [36m>[39m
                [0mTotal 
Usu├írios[0m
              
[36m</span>[39m
            
[36m</div>[39m
            [36m<div[39m
              [33mclass[3
9m=[32m"text-2xl 
font-mono font-bold 
text-ai-text"[39m
            [36m>[39m
              [0m3[0m
            
[36m</div>[39m
            [36m<div[39m
              [33mclass[3
9m=[32m"text-xs 
text-emerald-600 
font-medium mt-1"[39m
            [36m>[39m
              
[0mUsu├írios 
cadastrados[0m
            
[36m</div>[39m
          [36m</div>[39m
          [36m<div[39m
            [33mclass[39m
=[32m"bg-white p-4 
rounded-xl border 
border-ai-border 
shadow-sm"[39m
          [36m>[39m
            [36m<div[39m
              
[33mclass[39m=[32m"flex 
items-center gap-3 
mb-2"[39m
            [36m>[39m
              
[36m<div[39m
                
[33mclass[39m=[32m"p-2 
bg-emerald-50 
text-emerald-600 
rounded-lg"[39m
              [36m>[39m
                
[36m<svg[39m
                  [33maria
-hidden[39m=[32m"true"[3
9m
                  [33mclas
s[39m=[32m"lucide 
lucide-activity"[39m
                  [33mfill
[39m=[32m"none"[39m
                  [33mheig
ht[39m=[32m"18"[39m
                  [33mstro
ke[39m=[32m"currentColor"
[39m
                  [33mstro
ke-linecap[39m=[32m"round
"[39m
                  [33mstro
ke-linejoin[39m=[32m"roun
d"[39m
                  [33mstro
ke-width[39m=[32m"2"[39m
                  
[33mviewBox[39m=[32m"0 
0 24 24"[39m
                  [33mwidt
h[39m=[32m"18"[39m
                  [33mxmln
s[39m=[32m"http://www.w3.
org/2000/svg"[39m
                [36m>[39m
                  
[36m<path[39m
                    
[33md[39m=[32m"M22 
12h-2.48a2 2 0 0 0-1.93 
1.46l-2.35 8.36a.25.25 0 0 
1-.48 0L9.24 2.18a.25.25 0 
0 0-.48 0l-2.35 8.36A2 2 0 
0 1 4.49 12H2"[39m
                  
[36m/>[39m
                
[36m</svg>[39m
              
[36m</div>[39m
              
[36m<span[39m
                [33mclass
[39m=[32m"text-xs 
font-bold text-ai-subtext 
uppercase"[39m
              [36m>[39m
                
[0mAtivos[0m
              
[36m</span>[39m
            
[36m</div>[39m
            [36m<div[39m
              [33mclass[3
9m=[32m"text-2xl 
font-mono font-bold 
text-ai-text"[39m
            [36m>[39m
              [0m2[0m
            
[36m</div>[39m
            [36m<div[39m
              [33mclass[3
9m=[32m"text-xs 
text-ai-subtext 
font-medium mt-1"[39m
            [36m>[39m
              
[0mUsu├írios ativos[0m
            
[36m</div>[39m
          [36m</div>[39m
        [36m</div>[39m
        [36m<div[39m
          [33mclass[39m=
[32m"flex-1 bg-white 
rounded-xl border 
border-ai-border shadow-sm 
flex flex-col 
overflow-hidden"[39m
        [36m>[39m
          [36m<div[39m
            
[33mclass[39m=[32m"p-4 
border-b border-ai-border 
flex justify-between 
items-center"[39m
          [36m>[39m
            [36m<h2[39m
              [33mclass[3
9m=[32m"text-sm font-bold 
text-ai-text"[39m
            [36m>[39m
              [0mBase de 
Usu├írios[0m
            [36m</h2>[39m
            [36m<div[39m
              [33mclass[3
9m=[32m"relative 
w-64"[39m
            [36m>[39m
              
[36m<svg[39m
                [33maria-h
idden[39m=[32m"true"[39m
                [33mclass
[39m=[32m"lucide 
lucide-search absolute 
left-3 top-1/2 
-translate-y-1/2 
text-ai-subtext"[39m
                [33mfill[
39m=[32m"none"[39m
                [33mheight
[39m=[32m"14"[39m
                [33mstroke
[39m=[32m"currentColor"[
39m
                [33mstroke
-linecap[39m=[32m"round"
[39m
                [33mstroke
-linejoin[39m=[32m"round"
[39m
                [33mstroke
-width[39m=[32m"2"[39m
                
[33mviewBox[39m=[32m"0 
0 24 24"[39m
                [33mwidth
[39m=[32m"14"[39m
                [33mxmlns
[39m=[32m"http://www.w3.or
g/2000/svg"[39m
              [36m>[39m
                
[36m<path[39m
                  
[33md[39m=[32m"m21 
21-4.34-4.34"[39m
                
[36m/>[39m
                
[36m<circle[39m
                  
[33mcx[39m=[32m"11"[39m
                  
[33mcy[39m=[32m"11"[39m
                  
[33mr[39m=[32m"8"[39m
                
[36m/>[39m
              
[36m</svg>[39m
              
[36m<input[39m
                [33mclass
[39m=[32m"w-full pl-9 
pr-3 py-1.5 text-xs border 
border-ai-border 
rounded-md bg-ai-surface 
focus:outline-none 
focus:border-ai-text 
transition-colors"[39m
                [33mplaceh
older[39m=[32m"Buscar 
usu├írio..."[39m
                [33mtype[
39m=[32m"text"[39m
                [33mvalue
[39m=[32m""[39m
              [36m/>[39m
            
[36m</div>[39m
          
[36m</div>[39...
[36m [2mΓ¥»[22m src/test
/agents/AdminDashboard.test
.tsx:[2m128:28[22m[39m
    [90m126| [39m      
[35mawait[39m 
[34mwaitFor[39m(() 
[33m=>[39m {
    [90m127| [39m        
[34mexpect[39m(mockFrom)
[33m.[39m[34mtoHaveBeenCa
lledWith[39m([32m'user_pr
ofiles'[39m)[33m;[39m
    [90m128| [39m        
[34mexpect[39m(mockSelect
)[33m.[39m[34mtoHaveBeen
CalledWith[39m([32m'*'[3
9m)[33m;[39m
    [90m   | [39m        
                   
[31m^[39m
    [90m129| [39m        
[34mexpect[39m(mockEq)[3
3m.[39m[34mtoHaveBeenCall
edWith[39m([32m'role'[39
m[33m,[39m [32m'client'
[39m)[33m;[39m
    [90m130| [39m        
expect(mockOrder).toHaveBee
nCalledWith('created_at', 
{ ascendiΓÇª
[90m [2mΓ¥»[22m runWithE
xpensiveErrorDiagnosticsDis
abled node_modules/@testing
-library/dom/dist/config.js
:[2m47:12[22m[39m
[90m [2mΓ¥»[22m 
checkCallback node_modules/
@testing-library/dom/dist/w
ait-for.js:[2m124:77[22m
[39m
[90m [2mΓ¥»[22m Timeout.
checkRealTimersCallback nod
e_modules/@testing-library/
dom/dist/wait-for.js:[2m11
8:16[22m[39m

[31m[2mΓÄ»ΓÄ»ΓÄ»ΓÄ»ΓÄ»ΓÄ»
ΓÄ»ΓÄ»ΓÄ»ΓÄ»ΓÄ»ΓÄ»ΓÄ»ΓÄ»ΓÄ»
ΓÄ»ΓÄ»ΓÄ»ΓÄ»ΓÄ»ΓÄ»ΓÄ»ΓÄ»[1/
18]ΓÄ»[22m[39m

[41m[1m FAIL [22m[49m s
rc/test/agents/AdminDashboa
rd.test.tsx[2m > 
[22mAdminDashboard 
Component[2m > [22mData 
Loading[2m > [22mshould 
handle empty client list
[31m[1mTestingLibraryElem
entError[22m[39m: Unable 
to find an element with 
the text: /nenhum cliente 
cadastrado/i. This could 
be because the text is 
broken up by multiple 
elements. In this case, 
you can provide a function 
for your text matcher to 
make your matcher more 
flexible.

Ignored nodes: comments, 
script, style
[36m<body>[39m
  [36m<div>[39m
    [36m<div[39m
      [33mclass[39m=[32m
"h-full flex flex-col 
gap-6 p-2"[39m
    [36m>[39m
      [36m<div[39m
        
[33mclass[39m=[32m"grid 
grid-cols-2 gap-4"[39m
      [36m>[39m
        [36m<div[39m
          [33mclass[39m=
[32m"bg-white p-4 
rounded-xl border 
border-ai-border 
shadow-sm"[39m
        [36m>[39m
          [36m<div[39m
            
[33mclass[39m=[32m"flex 
items-center gap-3 
mb-2"[39m
          [36m>[39m
            [36m<div[39m
              
[33mclass[39m=[32m"p-2 
bg-blue-50 text-blue-600 
rounded-lg"[39m
            [36m>[39m
              
[36m<svg[39m
                [33maria-h
idden[39m=[32m"true"[39m
                [33mclass
[39m=[32m"lucide 
lucide-users"[39m
                [33mfill[
39m=[32m"none"[39m
                [33mheight
[39m=[32m"18"[39m
                [33mstroke
[39m=[32m"currentColor"[
39m
                [33mstroke
-linecap[39m=[32m"round"
[39m
                [33mstroke
-linejoin[39m=[32m"round"
[39m
                [33mstroke
-width[39m=[32m"2"[39m
                
[33mviewBox[39m=[32m"0 
0 24 24"[39m
                [33mwidth
[39m=[32m"18"[39m
                [33mxmlns
[39m=[32m"http://www.w3.or
g/2000/svg"[39m
              [36m>[39m
                
[36m<path[39m
                  
[33md[39m=[32m"M16 
21v-2a4 4 0 0 0-4-4H6a4 4 
0 0 0-4 4v2"[39m
                
[36m/>[39m
                
[36m<path[39m
                  
[33md[39m=[32m"M16 
3.128a4 4 0 0 1 0 
7.744"[39m
                
[36m/>[39m
                
[36m<path[39m
                  
[33md[39m=[32m"M22 
21v-2a4 4 0 0 
0-3-3.87"[39m
                
[36m/>[39m
                
[36m<circle[39m
                  
[33mcx[39m=[32m"9"[39m
                  
[33mcy[39m=[32m"7"[39m
                  
[33mr[39m=[32m"4"[39m
                
[36m/>[39m
              
[36m</svg>[39m
            
[36m</div>[39m
            [36m<span[39m
              [33mclass[3
9m=[32m"text-xs font-bold 
text-ai-subtext 
uppercase"[39m
            [36m>[39m
              [0mTotal 
Usu├írios[0m
            
[36m</span>[39m
          [36m</div>[39m
          [36m<div[39m
            [33mclass[39m
=[32m"text-2xl font-mono 
font-bold 
text-ai-text"[39m
          [36m>[39m
            [0m0[0m
          [36m</div>[39m
          [36m<div[39m
            [33mclass[39m
=[32m"text-xs 
text-emerald-600 
font-medium mt-1"[39m
          [36m>[39m
            [0mUsu├írios 
cadastrados[0m
          [36m</div>[39m
        [36m</div>[39m
        [36m<div[39m
          [33mclass[39m=
[32m"bg-white p-4 
rounded-xl border 
border-ai-border 
shadow-sm"[39m
        [36m>[39m
          [36m<div[39m
            
[33mclass[39m=[32m"flex 
items-center gap-3 
mb-2"[39m
          [36m>[39m
            [36m<div[39m
              
[33mclass[39m=[32m"p-2 
bg-emerald-50 
text-emerald-600 
rounded-lg"[39m
            [36m>[39m
              
[36m<svg[39m
                [33maria-h
idden[39m=[32m"true"[39m
                [33mclass
[39m=[32m"lucide 
lucide-activity"[39m
                [33mfill[
39m=[32m"none"[39m
                [33mheight
[39m=[32m"18"[39m
                [33mstroke
[39m=[32m"currentColor"[
39m
                [33mstroke
-linecap[39m=[32m"round"
[39m
                [33mstroke
-linejoin[39m=[32m"round"
[39m
                [33mstroke
-width[39m=[32m"2"[39m
                
[33mviewBox[39m=[32m"0 
0 24 24"[39m
                [33mwidth
[39m=[32m"18"[39m
                [33mxmlns
[39m=[32m"http://www.w3.or
g/2000/svg"[39m
              [36m>[39m
                
[36m<path[39m
                  
[33md[39m=[32m"M22 
12h-2.48a2 2 0 0 0-1.93 
1.46l-2.35 8.36a.25.25 0 0 
1-.48 0L9.24 2.18a.25.25 0 
0 0-.48 0l-2.35 8.36A2 2 0 
0 1 4.49 12H2"[39m
                
[36m/>[39m
              
[36m</svg>[39m
            
[36m</div>[39m
            [36m<span[39m
              [33mclass[3
9m=[32m"text-xs font-bold 
text-ai-subtext 
uppercase"[39m
            [36m>[39m
              
[0mAtivos[0m
            
[36m</span>[39m
          [36m</div>[39m
          [36m<div[39m
            [33mclass[39m
=[32m"text-2xl font-mono 
font-bold 
text-ai-text"[39m
          [36m>[39m
            [0m0[0m
          [36m</div>[39m
          [36m<div[39m
            [33mclass[39m
=[32m"text-xs 
text-ai-subtext 
font-medium mt-1"[39m
          [36m>[39m
            [0mUsu├írios 
ativos[0m
          [36m</div>[39m
        [36m</div>[39m
      [36m</div>[39m
      [36m<div[39m
        [33mclass[39m=[3
2m"flex-1 bg-white 
rounded-xl border 
border-ai-border shadow-sm 
flex flex-col 
overflow-hidden"[39m
      [36m>[39m
        [36m<div[39m
          
[33mclass[39m=[32m"p-4 
border-b border-ai-border 
flex justify-between 
items-center"[39m
        [36m>[39m
          [36m<h2[39m
            [33mclass[39m
=[32m"text-sm font-bold 
text-ai-text"[39m
          [36m>[39m
            [0mBase de 
Usu├írios[0m
          [36m</h2>[39m
          [36m<div[39m
            [33mclass[39m
=[32m"relative w-64"[39m
          [36m>[39m
            [36m<svg[39m
              [33maria-hid
den[39m=[32m"true"[39m
              [33mclass[3
9m=[32m"lucide 
lucide-search absolute 
left-3 top-1/2 
-translate-y-1/2 
text-ai-subtext"[39m
              [33mfill[39
m=[32m"none"[39m
              [33mheight[
39m=[32m"14"[39m
              [33mstroke[
39m=[32m"currentColor"[39
m
              [33mstroke-l
inecap[39m=[32m"round"[3
9m
              [33mstroke-l
inejoin[39m=[32m"round"[
39m
              [33mstroke-w
idth[39m=[32m"2"[39m
              
[33mviewBox[39m=[32m"0 
0 24 24"[39m
              [33mwidth[3
9m=[32m"14"[39m
              [33mxmlns[3
9m=[32m"http://www.w3.org/
2000/svg"[39m
            [36m>[39m
              
[36m<path[39m
                
[33md[39m=[32m"m21 
21-4.34-4.34"[39m
              [36m/>[39m
              
[36m<circle[39m
                
[33mcx[39m=[32m"11"[39m
                
[33mcy[39m=[32m"11"[39m
                
[33mr[39m=[32m"8"[39m
              [36m/>[39m
            
[36m</svg>[39m
            
[36m<input[39m
              [33mclass[3
9m=[32m"w-full pl-9 pr-3 
py-1.5 text-xs border 
border-ai-border 
rounded-md bg-ai-surface 
focus:outline-none 
focus:border-ai-text 
transition-colors"[39m
              [33mplacehol
der[39m=[32m"Buscar 
usu├írio..."[39m
              [33mtype[39
m=[32m"text"[39m
              [33mvalue[3
9m=[32m""[39m
            [36m/>[39m
          [36m</div>[39m
        [36m</div>[39m
        [36m<div[39m
          [33mclass[39m=
[32m"flex-1 
overflow-auto"[39m
        [36m>[39m
          [36m<table[39m
            [33mclass[39m
=[32m"w-full text-left 
border-collapse"[39m
          [36m>[39m
            
[36m<thead[39m
              [33mclass[3
9m=[32m"bg-ai-surface 
sticky top-0 z-10"[39m
            [36m>[39m
              
[36m<tr>[39m
                
[36m<th[39m
                  
[33mclass[39m=[32m"px-6 
py-3 text-[10px] font-bold 
text-ai-subtext uppercase 
tracking-wider border-b 
border-ai-border"[39m
                [36m>[39m
                  
[0mUsu├írio[0m
                
[36m</th>[39m
                
[36m<th[39m
                  
[33mclass[39m=[32m"px-6 
py-3 text-[10px] font-bold 
text-ai-subtext uppercase 
tracking-wider border-b 
border-ai-border"[39m
                [36m>[39m
                  
[0mQualifica├º├úo[0m
                
[36m</th>[39m
                
[36m<th[39m
                  
[33mclass[39m=[32m"px-6 
py-3 text-[10px] font-bold 
text-ai-subtext uppercase 
tracking-wider border-b 
border-ai-border"[39m
                [36m>[39m
                  
[0mStatus[0m
                
[36m</th>[39m
                
[36m<th[39m
                  
[33mclass[39m=[32m"px-6 
py-3 text-[10px] font-bold 
text-ai-subtext uppercase 
tracking-wider border-b 
border-ai-border"[39m
                [36m>[39m
                  
[0m├Ültimo Acesso[0m
                
[36m</th>[39m
                
[36m<th[39m
                  
[33mclass[39m=[32m"px-6 
py-3 text-[10px] font-bold 
text-ai-subtext uppercase 
tracking-wider border-b 
border-ai-border 
text-right"[39m
                [36m>[39m
                  
[0mA├º├╡es[0m
                
[36m</th>[39m
              
[36m</tr>[39m
            
[36m</thead>[39m
            
[36m<tbody[39m
              [33mclass[3
9m=[32m"divide-y 
divide-ai-border"[39m
            [36m>[39m
              
[36m<tr>[39m
                
[36m<td[39m
                  
[33mclass[39m=[32m"px-6 
py-8 text-center 
text-ai-subtext"[39m
                  [33mcols
pan[39m=[32m"5"[39m
                [36m>[39m
                  
[0mNenhum usu├írio 
cadastrado[0m
                
[36m</td>[39m
              
[36m</tr>[39m
            
[36m</tbody>[39m
          
[36m</table>[39m
        [36m</div>[39m
        [36m<div[39m
          
[33mclass[39m=[32m"p-3 
border-t border-ai-border 
bg-ai-surface/30 text-xs 
text-ai-subtext 
text-center"[39m
        [36m>[39m
          [0mMostrando 
[0m
          [0m0[0m
          [0m de [0m
          [0m0[0m
          [0m 
usu├írios[0m
        [36m</div>[39m
      [36m</div>[39m
    [36m</div>[39m
  [36m</div>[39m
[36m</body>[39m

Ignored nodes: comments, 
script, style
[36m<html>[39m
  [36m<head />[39m
  [36m<body>[39m
    [36m<div>[39m
      [36m<div[39m
        [33mclass[39m=[3
2m"h-full flex flex-col 
gap-6 p-2"[39m
      [36m>[39m
        [36m<div[39m
          
[33mclass[39m=[32m"grid 
grid-cols-2 gap-4"[39m
        [36m>[39m
          [36m<div[39m
            [33mclass[39m
=[32m"bg-white p-4 
rounded-xl border 
border-ai-border 
shadow-sm"[39m
          [36m>[39m
            [36m<div[39m
              
[33mclass[39m=[32m"flex 
items-center gap-3 
mb-2"[39m
            [36m>[39m
              
[36m<div[39m
                
[33mclass[39m=[32m"p-2 
bg-blue-50 text-blue-600 
rounded-lg"[39m
              [36m>[39m
                
[36m<svg[39m
                  [33maria
-hidden[39m=[32m"true"[3
9m
                  [33mclas
s[39m=[32m"lucide 
lucide-users"[39m
                  [33mfill
[39m=[32m"none"[39m
                  [33mheig
ht[39m=[32m"18"[39m
                  [33mstro
ke[39m=[32m"currentColor"
[39m
                  [33mstro
ke-linecap[39m=[32m"round
"[39m
                  [33mstro
ke-linejoin[39m=[32m"roun
d"[39m
                  [33mstro
ke-width[39m=[32m"2"[39m
                  
[33mviewBox[39m=[32m"0 
0 24 24"[39m
                  [33mwidt
h[39m=[32m"18"[39m
                  [33mxmln
s[39m=[32m"http://www.w3.
org/2000/svg"[39m
                [36m>[39m
                  
[36m<path[39m
                    
[33md[39m=[32m"M16 
21v-2a4 4 0 0 0-4-4H6a4 4 
0 0 0-4 4v2"[39m
                  
[36m/>[39m
                  
[36m<path[39m
                    
[33md[39m=[32m"M16 
3.128a4 4 0 0 1 0 
7.744"[39m
                  
[36m/>[39m
                  
[36m<path[39m
                    
[33md[39m=[32m"M22 
21v-2a4 4 0 0 
0-3-3.87"[39m
                  
[36m/>[39m
                  
[36m<circle[39m
                    
[33mcx[39m=[32m"9"[39m
                    
[33mcy[39m=[32m"7"[39m
                    
[33mr[39m=[32m"4"[39m
                  
[36m/>[39m
                
[36m</svg>[39m
              
[36m</div>[39m
              
[36m<span[39m
                [33mclass
[39m=[32m"text-xs 
font-bold text-ai-subtext 
uppercase"[39m
              [36m>[39m
                [0mTotal 
Usu├írios[0m
              
[36m</span>[39m
            
[36m</div>[39m
            [36m<div[39m
              [33mclass[3
9m=[32m"text-2xl 
font-mono font-bold 
text-ai-text"[39m
            [36m>[39m
              [0m0[0m
            
[36m</div>[39m
            [36m<div[39m
              [33mclass[3
9m=[32m"text-xs 
text-emerald-600 
font-medium mt-1"[39m
            [36m>[39m
              
[0mUsu├írios 
cadastrados[0m
            
[36m</div>[39m
          [36m</div>[39m
          [36m<div[39m
            [33mclass[39m
=[32m"bg-white p-4 
rounded-xl border 
border-ai-border 
shadow-sm"[39m
          [36m>[39m
            [36m<div[39m
              
[33mclass[39m=[32m"flex 
items-center gap-3 
mb-2"[39m
            [36m>[39m
              
[36m<div[39m
                
[33mclass[39m=[32m"p-2 
bg-emerald-50 
text-emerald-600 
rounded-lg"[39m
              [36m>[39m
                
[36m<svg[39m
                  [33maria
-hidden[39m=[32m"true"[3
9m
                  [33mclas
s[39m=[32m"lucide 
lucide-activity"[39m
                  [33mfill
[39m=[32m"none"[39m
                  [33mheig
ht[39m=[32m"18"[39m
                  [33mstro
ke[39m=[32m"currentColor"
[39m
                  [33mstro
ke-linecap[39m=[32m"round
"[39m
                  [33mstro
ke-linejoin[39m=[32m"roun
d"[39m
                  [33mstro
ke-width[39m=[32m"2"[39m
                  
[33mviewBox[39m=[32m"0 
0 24 24"[39m
                  [33mwidt
h[39m=[32m"18"[39m
                  [33mxmln
s[39m=[32m"http://www.w3.
org/2000/svg"[39m
                [36m>[39m
                  
[36m<path[39m
                    
[33md[39m=[32m"M22 
12h-2.48a2 2 0 0 0-1.93 
1.46l-2.35 8.36a.25.25 0 0 
1-.48 0L9.24 2.18a.25.25 0 
0 0-.48 0l-2.35 8.36A2 2 0 
0 1 4.49 12H2"[39m
                  
[36m/>[39m
                
[36m</svg>[39m
              
[36m</div>[39m
              
[36m<span[39m
                [33mclass
[39m=[32m"text-xs 
font-bold text-ai-subtext 
uppercase"[39m
              [36m>[39m
                
[0mAtivos[0m
              
[36m</span>[39m
            
[36m</div>[39m
            [36m<div[39m
              [33mclass[3
9m=[32m"text-2xl 
font-mono font-bold 
text-ai-text"[39m
            [36m>[39m
              [0m0[0m
            
[36m</div>[39m
            [36m<div[39m
              [33mclass[3
9m=[32m"text-xs 
text-ai-subtext 
font-medium mt-1"[39m
            [36m>[39m
              
[0mUsu├írios ativos[0m
            
[36m</div>[39m
          [36m</div>[39m
        [36m</div>[39m
        [36m<div[39m
          [33mclass[39m=
[32m"flex-1 bg-white 
rounded-xl border 
border-ai-border shadow-sm 
flex flex-col 
overflow-hidden"[39m
        [36m>[39m
          [36m<div[39m
            
[33mclass[39m=[32m"p-4 
border-b border-ai-border 
flex justify-between 
items-center"[39m
          [36m>[39m
            [36m<h2[39m
              [33mclass[3
9m=[32m"text-sm font-bold 
text-ai-text"[39m
            [36m>[39m
              [0mBase de 
Usu├írios[0m
            [36m</h2>[39m
            [36m<div[39m
              [33mclass[3
9m=[32m"relative 
w-64"[39m
            [36m>[39m
              
[36m<svg[39m
                [33maria-h
idden[39m=[32m"true"[39m
                [33mclass
[39m=[32m"lucide 
lucide-search absolute 
left-3 top-1/2 
-translate-y-1/2 
text-ai-subtext"[39m
                [33mfill[
39m=[32m"none"[39m
                [33mheight
[39m=[32m"14"[39m
                [33mstroke
[39m=[32m"currentColor"[
39m
                [33mstroke
-linecap[39m=[32m"round"
[39m
                [33mstroke
-linejoin[39m=[32m"round"
[39m
                [33mstroke
-width[39m=[32m"2"[39m
                
[33mviewBox[39m=[32m"0 
0 24 24"[39m
                [33mwidth
[39m=[32m"14"[39m
                [33mxmlns
[39m=[32m"http://www.w3.or
g/2000/svg"[39m
              [36m>[39m
                
[36m<path[39m
                  
[33md[39m=[32m"m21 
21-4.34-4.34"[39m
                
[36m/>[39m
                
[36m<circle[39m
                  
[33mcx[39m=[32m"11"[39m
                  
[33mcy[39m=[32m"11"[39m
                  
[33mr[39m=[32m"8"[39m
                
[36m/>[39m
              
[36m</svg>[39m
              
[36m<input[39m
                [33mclass
[39m=[32m"w-full pl-9 
pr-3 py-1.5 text-xs border 
border-ai-border 
rounded-md bg-ai-surface 
focus:outline-none 
focus:border-ai-text 
transition-colors"[39m
                [33mplaceh
older[39m=[32m"Buscar 
usu├írio..."[39m
                [33mtype[
39m=[32m"text"[39m
                [33mvalue
[39m=[32m""[39m
              [36m/>[39m
            
[36m</div>[39m
          [36m</div>[39m
          [36m<div[39m
            [33mclass[39m
=[32m"flex-1 
overflow-auto"[39m
          [36m>[39m
            
[36m<table[39m
              [33mclass[3
9m=[32m"w-full text-left 
border-collapse"[39m
            [36m>[39m
              
[36m<thead[39m
                [33mclass
[39m=[32m"bg-ai-surface 
sticky top-0 z-10"[39m
              [36m>[39m
                
[36m<tr>[39m
                  
[36m<th[39m
                    
[33mclass[39m=[32m"px-6 
py-3 text-[10px] font-bold 
text-ai-subtext uppercase 
tracking-wider border-b 
border-ai-border"[39m
                  
[36m>[39m
                    
[0mUsu├írio[0m
                  
[36m</th>[39m
                  
[36m<th[39m
                    
[33mclass[39m=[32m"px-6 
py-3 text-[10px] font-bold 
text-ai-subtext uppercase 
tracking-wider border-b 
border-ai-border"[39m
                  
[36m>[39m
                    
[0mQualifica├º├úo[0m
                  
[36m</th>[39m
                  
[36m<th[39m
                    
[33mclass[39m=[32m"px-6 
py-3 text-[10px] font-bold 
text-ai-subtext uppercase 
tracking-wider border-b 
border-ai-border"[39m
                  
[36m>[39m
                    
[0mStatus[0m
                  
[36m</th>[39m
                  
[36m<th[39m
                    
[33mclass[39m=[32m"px-6 
py-3 text-[10px] font-bold 
text-ai-subtext uppercase 
tracking-wider border-b 
border-ai-border"[39m
                  
[36m>[39m
                    
[0m├Ültimo Acesso[0m
                  
[36m</th>[39m
                  
[36m<th[39m
                    
[33mclass[39m=[32m"px-6 
py-3 text-[10px] font-bold 
text-ai-subtext uppercase 
tracking-wider border-b 
border-ai-border 
text-right"[39m
                  
[36m>[39m
                    
[0mA├º├╡es[0m
                  
[36m</th>[39m
                
[36m</tr>[39m
              
[36m</thead>[39m
              
[36m<tbody[39m
                [33mclass
[39m=[32m"divide-y 
divide-ai-border"[39m
              [36m>[39m
                
[36m<tr>[39m
                  
[36m<td[39m
                    
[33mclass[39m=[32m"px-6 
py-8 text-center 
text-ai-subtext"[39m
                    [33mco
lspan[39m=[32m"5"[39m
                  
[36m>[39m
                    
[0mNenhum usu├írio 
cadastrado[0m
                  
[36m</td>[39m
                
[36m</tr>[39m
              
[36m</tbody>[39m
            
[36m</table>[39m
          [36m</div>[39m
          [36m<div[39m
            
[33mclass[39m=[32m"p-3 
border-t border-ai-border 
bg-ai-surface/30 text-xs 
text-ai-subtext 
text-center"[39m
          [36m>[39m
            [0mMostrando 
[0m
            [0m0[0m
            [0m de [0m
            [0m0[0m
            [0m 
usu├írios[0m
          [36m</div>[39m
        [36m</div>[39m
      [36m</div>[39m
    [36m</div>[39m
  [36m</body>[39m
[36m</html>[39m
[90m [2mΓ¥»[22m 
Proxy.waitForWrapper node_m
odules/@testing-library/dom
/dist/wait-for.js:[2m163:2
7[22m[39m
[36m [2mΓ¥»[22m src/test
/agents/AdminDashboard.test
.tsx:[2m169:13[22m[39m
    [90m167| [39m      [
34mrender[39m([33m<[39m
[33mAdminDashboard[39m [3
3m/[39m[33m>[39m)[33m;
[39m
    [90m168| [39m
    [90m169| [39m      
[35mawait[39m 
[34mwaitFor[39m(() 
[33m=>[39m {
    [90m   | [39m        
    [31m^[39m
    [90m170| [39m        
expect(screen.getByText(/ne
nhum cliente 
cadastrado/i)).toBeInTΓÇª
    [90m171| [39m      
})[33m;[39m

[31m[2mΓÄ»ΓÄ»ΓÄ»ΓÄ»ΓÄ»ΓÄ»
ΓÄ»ΓÄ»ΓÄ»ΓÄ»ΓÄ»ΓÄ»ΓÄ»ΓÄ»ΓÄ»
ΓÄ»ΓÄ»ΓÄ»ΓÄ»ΓÄ»ΓÄ»ΓÄ»ΓÄ»[2/
18]ΓÄ»[22m[39m

[41m[1m FAIL [22m[49m s
rc/test/agents/AdminDashboa
rd.test.tsx[2m > 
[22mAdminDashboard 
Component[2m > [22mError 
Handling[2m > [22mshould 
display generic error 
message on unknown error
[31m[1mTestingLibraryElem
entError[22m: Unable to 
find an element with the 
text: /erro ao carregar 
clientes/i. This could be 
because the text is broken 
up by multiple elements. 
In this case, you can 
provide a function for 
your text matcher to make 
your matcher more flexible.

Ignored nodes: comments, 
script, style
[36m<body>[31m
  [36m<div>[31m
    [36m<div[31m
      [33mclass[31m=[32m
"h-full flex items-center 
justify-center"[31m
    [36m>[31m
      [36m<svg[31m
        [33maria-hidden[3
1m=[32m"true"[31m
        [33mclass[31m=[3
2m"lucide 
lucide-loader-circle 
animate-spin 
text-ai-subtext"[31m
        [33mfill[31m=[32
m"none"[31m
        [33mheight[31m=[
32m"32"[31m
        [33mstroke[31m=[
32m"currentColor"[31m
        [33mstroke-linecap
[31m=[32m"round"[31m
        [33mstroke-linejoi
n[31m=[32m"round"[31m
        [33mstroke-width[
31m=[32m"2"[31m
        
[33mviewBox[31m=[32m"0 
0 24 24"[31m
        [33mwidth[31m=[3
2m"32"[31m
        [33mxmlns[31m=[3
2m"http://www.w3.org/2000/s
vg"[31m
      [36m>[31m
        [36m<path[31m
          
[33md[31m=[32m"M21 12a9 
9 0 1 1-6.219-8.56"[31m
        [36m/>[31m
      [36m</svg>[31m
    [36m</div>[31m
  [36m</div>[31m
[36m</body>[31m

Ignored nodes: comments, 
script, style
[36m<html>[31m
  [36m<head />[31m
  [36m<body>[31m
    [36m<div>[31m
      [36m<div[31m
        [33mclass[31m=[3
2m"h-full flex 
items-center 
justify-center"[31m
      [36m>[31m
        [36m<svg[31m
          [33maria-hidden
[31m=[32m"true"[31m
          [33mclass[31m=
[32m"lucide 
lucide-loader-circle 
animate-spin 
text-ai-subtext"[31m
          [33mfill[31m=[
32m"none"[31m
          [33mheight[31m=
[32m"32"[31m
          [33mstroke[31m=
[32m"currentColor"[31m
          [33mstroke-linec
ap[31m=[32m"round"[31m
          [33mstroke-linej
oin[31m=[32m"round"[31m
          [33mstroke-width
[31m=[32m"2"[31m
          
[33mviewBox[31m=[32m"0 
0 24 24"[31m
          [33mwidth[31m=
[32m"32"[31m
          [33mxmlns[31m=
[32m"http://www.w3.org/2000
/svg"[31m
        [36m>[31m
          [36m<path[31m
            
[33md[31m=[32m"M21 12a9 
9 0 1 1-6.219-8.56"[31m
          [36m/>[31m
        [36m</svg>[31m
      [36m</div>[31m
    [36m</div>[31m
  [36m</body>[31m
[36m</html>[31m[39m
[90m [2mΓ¥»[22m 
Proxy.waitForWrapper node_m
odules/@testing-library/dom
/dist/wait-for.js:[2m163:2
7[22m[39m
[36m [2mΓ¥»[22m src/test
/agents/AdminDashboard.test
.tsx:[2m208:13[22m[39m
    [90m206| [39m      [
34mrender[39m([33m<[39m
[33mAdminDashboard[39m [3
3m/[39m[33m>[39m)[33m;
[39m
    [90m207| [39m
    [90m208| [39m      
[35mawait[39m 
[34mwaitFor[39m(() 
[33m=>[39m {
    [90m   | [39m        
    [31m^[39m
    [90m209| [39m        
expect(screen.getByText(/er
ro ao carregar 
clientes/i)).toBeInTΓÇª
    [90m210| [39m      
})[33m;[39m

[31m[2mΓÄ»ΓÄ»ΓÄ»ΓÄ»ΓÄ»ΓÄ»
ΓÄ»ΓÄ»ΓÄ»ΓÄ»ΓÄ»ΓÄ»ΓÄ»ΓÄ»ΓÄ»
ΓÄ»ΓÄ»ΓÄ»ΓÄ»ΓÄ»ΓÄ»ΓÄ»ΓÄ»[3/
18]ΓÄ»[22m[39m

[41m[1m FAIL [22m[49m s
rc/test/agents/AdminDashboa
rd.test.tsx[2m > 
[22mAdminDashboard 
Component[2m > [22mError 
Handling[2m > [22mshould 
show retry button on error
[31m[1mTestingLibraryElem
entError[22m: Unable to 
find an element with the 
text: /tentar novamente/i. 
This could be because the 
text is broken up by 
multiple elements. In this 
case, you can provide a 
function for your text 
matcher to make your 
matcher more flexible.

Ignored nodes: comments, 
script, style
[36m<body>[31m
  [36m<div>[31m
    [36m<div[31m
      [33mclass[31m=[32m
"h-full flex items-center 
justify-center"[31m
    [36m>[31m
      [36m<svg[31m
        [33maria-hidden[3
1m=[32m"true"[31m
        [33mclass[31m=[3
2m"lucide 
lucide-loader-circle 
animate-spin 
text-ai-subtext"[31m
        [33mfill[31m=[32
m"none"[31m
        [33mheight[31m=[
32m"32"[31m
        [33mstroke[31m=[
32m"currentColor"[31m
        [33mstroke-linecap
[31m=[32m"round"[31m
        [33mstroke-linejoi
n[31m=[32m"round"[31m
        [33mstroke-width[
31m=[32m"2"[31m
        
[33mviewBox[31m=[32m"0 
0 24 24"[31m
        [33mwidth[31m=[3
2m"32"[31m
        [33mxmlns[31m=[3
2m"http://www.w3.org/2000/s
vg"[31m
      [36m>[31m
        [36m<path[31m
          
[33md[31m=[32m"M21 12a9 
9 0 1 1-6.219-8.56"[31m
        [36m/>[31m
      [36m</svg>[31m
    [36m</div>[31m
  [36m</div>[31m
[36m</body>[31m

Ignored nodes: comments, 
script, style
[36m<html>[31m
  [36m<head />[31m
  [36m<body>[31m
    [36m<div>[31m
      [36m<div[31m
        [33mclass[31m=[3
2m"h-full flex 
items-center 
justify-center"[31m
      [36m>[31m
        [36m<svg[31m
          [33maria-hidden
[31m=[32m"true"[31m
          [33mclass[31m=
[32m"lucide 
lucide-loader-circle 
animate-spin 
text-ai-subtext"[31m
          [33mfill[31m=[
32m"none"[31m
          [33mheight[31m=
[32m"32"[31m
          [33mstroke[31m=
[32m"currentColor"[31m
          [33mstroke-linec
ap[31m=[32m"round"[31m
          [33mstroke-linej
oin[31m=[32m"round"[31m
          [33mstroke-width
[31m=[32m"2"[31m
          
[33mviewBox[31m=[32m"0 
0 24 24"[31m
          [33mwidth[31m=
[32m"32"[31m
          [33mxmlns[31m=
[32m"http://www.w3.org/2000
/svg"[31m
        [36m>[31m
          [36m<path[31m
            
[33md[31m=[32m"M21 12a9 
9 0 1 1-6.219-8.56"[31m
          [36m/>[31m
        [36m</svg>[31m
      [36m</div>[31m
    [36m</div>[31m
  [36m</body>[31m
[36m</html>[31m[39m
[90m [2mΓ¥»[22m 
Proxy.waitForWrapper node_m
odules/@testing-library/dom
/dist/wait-for.js:[2m163:2
7[22m[39m
[36m [2mΓ¥»[22m src/test
/agents/AdminDashboard.test
.tsx:[2m226:13[22m[39m
    [90m224| [39m      [
34mrender[39m([33m<[39m
[33mAdminDashboard[39m [3
3m/[39m[33m>[39m)[33m;
[39m
    [90m225| [39m
    [90m226| [39m      
[35mawait[39m 
[34mwaitFor[39m(() 
[33m=>[39m {
    [90m   | [39m        
    [31m^[39m
    [90m227| [39m        
[35mconst[39m 
retryButton [33m=[39m scr
een[33m.[39m[34mgetByTex
t[39m([36m/tentar novamen
te/i[39m)[33m;[39m
    [90m228| [39m        
[34mexpect[39m(retryButto
n)[33m.[39m[34mtoBeInThe
Document[39m()[33m;[39m

[31m[2mΓÄ»ΓÄ»ΓÄ»ΓÄ»ΓÄ»ΓÄ»
ΓÄ»ΓÄ»ΓÄ»ΓÄ»ΓÄ»ΓÄ»ΓÄ»ΓÄ»ΓÄ»
ΓÄ»ΓÄ»ΓÄ»ΓÄ»ΓÄ»ΓÄ»ΓÄ»ΓÄ»[4/
18]ΓÄ»[22m[39m

[41m[1m FAIL [22m[49m s
rc/test/agents/AdminDashboa
rd.test.tsx[2m > 
[22mAdminDashboard 
Component[2m > [22mError 
Handling[2m > [22mshould 
retry loading on retry 
button click
[31m[1mTestingLibraryElem
entError[22m: Unable to 
find an element with the 
text: /tentar novamente/i. 
This could be because the 
text is broken up by 
multiple elements. In this 
case, you can provide a 
function for your text 
matcher to make your 
matcher more flexible.

Ignored nodes: comments, 
script, style
[36m<body>[31m
  [36m<div>[31m
    [36m<div[31m
      [33mclass[31m=[32m
"h-full flex items-center 
justify-center"[31m
    [36m>[31m
      [36m<svg[31m
        [33maria-hidden[3
1m=[32m"true"[31m
        [33mclass[31m=[3
2m"lucide 
lucide-loader-circle 
animate-spin 
text-ai-subtext"[31m
        [33mfill[31m=[32
m"none"[31m
        [33mheight[31m=[
32m"32"[31m
        [33mstroke[31m=[
32m"currentColor"[31m
        [33mstroke-linecap
[31m=[32m"round"[31m
        [33mstroke-linejoi
n[31m=[32m"round"[31m
        [33mstroke-width[
31m=[32m"2"[31m
        
[33mviewBox[31m=[32m"0 
0 24 24"[31m
        [33mwidth[31m=[3
2m"32"[31m
        [33mxmlns[31m=[3
2m"http://www.w3.org/2000/s
vg"[31m
      [36m>[31m
        [36m<path[31m
          
[33md[31m=[32m"M21 12a9 
9 0 1 1-6.219-8.56"[31m
        [36m/>[31m
      [36m</svg>[31m
    [36m</div>[31m
  [36m</div>[31m
[36m</body>[31m

Ignored nodes: comments, 
script, style
[36m<html>[31m
  [36m<head />[31m
  [36m<body>[31m
    [36m<div>[31m
      [36m<div[31m
        [33mclass[31m=[3
2m"h-full flex 
items-center 
justify-center"[31m
      [36m>[31m
        [36m<svg[31m
          [33maria-hidden
[31m=[32m"true"[31m
          [33mclass[31m=
[32m"lucide 
lucide-loader-circle 
animate-spin 
text-ai-subtext"[31m
          [33mfill[31m=[
32m"none"[31m
          [33mheight[31m=
[32m"32"[31m
          [33mstroke[31m=
[32m"currentColor"[31m
          [33mstroke-linec
ap[31m=[32m"round"[31m
          [33mstroke-linej
oin[31m=[32m"round"[31m
          [33mstroke-width
[31m=[32m"2"[31m
          
[33mviewBox[31m=[32m"0 
0 24 24"[31m
          [33mwidth[31m=
[32m"32"[31m
          [33mxmlns[31m=
[32m"http://www.w3.org/2000
/svg"[31m
        [36m>[31m
          [36m<path[31m
            
[33md[31m=[32m"M21 12a9 
9 0 1 1-6.219-8.56"[31m
          [36m/>[31m
        [36m</svg>[31m
      [36m</div>[31m
    [36m</div>[31m
  [36m</body>[31m
[36m</html>[31m[39m
[90m [2mΓ¥»[22m 
Proxy.waitForWrapper node_m
odules/@testing-library/dom
/dist/wait-for.js:[2m163:2
7[22m[39m
[36m [2mΓ¥»[22m src/test
/agents/AdminDashboard.test
.tsx:[2m247:13[22m[39m
    [90m245| [39m      [
34mrender[39m([33m<[39m
[33mAdminDashboard[39m [3
3m/[39m[33m>[39m)[33m;
[39m
    [90m246| [39m
    [90m247| [39m      
[35mawait[39m 
[34mwaitFor[39m(() 
[33m=>[39m {
    [90m   | [39m        
    [31m^[39m
    [90m248| [39m        
expect(screen.getByText(/te
ntar novamente/i)).toBeInTh
eDocumenΓÇª
    [90m249| [39m      
})[33m;[39m

[31m[2mΓÄ»ΓÄ»ΓÄ»ΓÄ»ΓÄ»ΓÄ»
ΓÄ»ΓÄ»ΓÄ»ΓÄ»ΓÄ»ΓÄ»ΓÄ»ΓÄ»ΓÄ»
ΓÄ»ΓÄ»ΓÄ»ΓÄ»ΓÄ»ΓÄ»ΓÄ»ΓÄ»[5/
18]ΓÄ»[22m[39m

[41m[1m FAIL [22m[49m s
rc/test/agents/AdminDashboa
rd.test.tsx[2m > 
[22mAdminDashboard 
Component[2m > 
[22mSearch 
Functionality[2m > 
[22mshould filter clients 
by name
[31m[1mTestingLibraryElem
entError[22m[39m: Unable 
to find an element with 
the placeholder text of: 
/buscar cliente/i

Ignored nodes: comments, 
script, style
[36m<body>[39m
  [36m<div>[39m
    [36m<div[39m
      [33mclass[39m=[32m
"h-full flex flex-col 
gap-6 p-2"[39m
    [36m>[39m
      [36m<div[39m
        
[33mclass[39m=[32m"grid 
grid-cols-2 gap-4"[39m
      [36m>[39m
        [36m<div[39m
          [33mclass[39m=
[32m"bg-white p-4 
rounded-xl border 
border-ai-border 
shadow-sm"[39m
        [36m>[39m
          [36m<div[39m
            
[33mclass[39m=[32m"flex 
items-center gap-3 
mb-2"[39m
          [36m>[39m
            [36m<div[39m
              
[33mclass[39m=[32m"p-2 
bg-blue-50 text-blue-600 
rounded-lg"[39m
            [36m>[39m
              
[36m<svg[39m
                [33maria-h
idden[39m=[32m"true"[39m
                [33mclass
[39m=[32m"lucide 
lucide-users"[39m
                [33mfill[
39m=[32m"none"[39m
                [33mheight
[39m=[32m"18"[39m
                [33mstroke
[39m=[32m"currentColor"[
39m
                [33mstroke
-linecap[39m=[32m"round"
[39m
                [33mstroke
-linejoin[39m=[32m"round"
[39m
                [33mstroke
-width[39m=[32m"2"[39m
                
[33mviewBox[39m=[32m"0 
0 24 24"[39m
                [33mwidth
[39m=[32m"18"[39m
                [33mxmlns
[39m=[32m"http://www.w3.or
g/2000/svg"[39m
              [36m>[39m
                
[36m<path[39m
                  
[33md[39m=[32m"M16 
21v-2a4 4 0 0 0-4-4H6a4 4 
0 0 0-4 4v2"[39m
                
[36m/>[39m
                
[36m<path[39m
                  
[33md[39m=[32m"M16 
3.128a4 4 0 0 1 0 
7.744"[39m
                
[36m/>[39m
                
[36m<path[39m
                  
[33md[39m=[32m"M22 
21v-2a4 4 0 0 
0-3-3.87"[39m
                
[36m/>[39m
                
[36m<circle[39m
                  
[33mcx[39m=[32m"9"[39m
                  
[33mcy[39m=[32m"7"[39m
                  
[33mr[39m=[32m"4"[39m
                
[36m/>[39m
              
[36m</svg>[39m
            
[36m</div>[39m
            [36m<span[39m
              [33mclass[3
9m=[32m"text-xs font-bold 
text-ai-subtext 
uppercase"[39m
            [36m>[39m
              [0mTotal 
Usu├írios[0m
            
[36m</span>[39m
          [36m</div>[39m
          [36m<div[39m
            [33mclass[39m
=[32m"text-2xl font-mono 
font-bold 
text-ai-text"[39m
          [36m>[39m
            [0m3[0m
          [36m</div>[39m
          [36m<div[39m
            [33mclass[39m
=[32m"text-xs 
text-emerald-600 
font-medium mt-1"[39m
          [36m>[39m
            [0mUsu├írios 
cadastrados[0m
          [36m</div>[39m
        [36m</div>[39m
        [36m<div[39m
          [33mclass[39m=
[32m"bg-white p-4 
rounded-xl border 
border-ai-border 
shadow-sm"[39m
        [36m>[39m
          [36m<div[39m
            
[33mclass[39m=[32m"flex 
items-center gap-3 
mb-2"[39m
          [36m>[39m
            [36m<div[39m
              
[33mclass[39m=[32m"p-2 
bg-emerald-50 
text-emerald-600 
rounded-lg"[39m
            [36m>[39m
              
[36m<svg[39m
                [33maria-h
idden[39m=[32m"true"[39m
                [33mclass
[39m=[32m"lucide 
lucide-activity"[39m
                [33mfill[
39m=[32m"none"[39m
                [33mheight
[39m=[32m"18"[39m
                [33mstroke
[39m=[32m"currentColor"[
39m
                [33mstroke
-linecap[39m=[32m"round"
[39m
                [33mstroke
-linejoin[39m=[32m"round"
[39m
                [33mstroke
-width[39m=[32m"2"[39m
                
[33mviewBox[39m=[32m"0 
0 24 24"[39m
                [33mwidth
[39m=[32m"18"[39m
                [33mxmlns
[39m=[32m"http://www.w3.or
g/2000/svg"[39m
              [36m>[39m
                
[36m<path[39m
                  
[33md[39m=[32m"M22 
12h-2.48a2 2 0 0 0-1.93 
1.46l-2.35 8.36a.25.25 0 0 
1-.48 0L9.24 2.18a.25.25 0 
0 0-.48 0l-2.35 8.36A2 2 0 
0 1 4.49 12H2"[39m
                
[36m/>[39m
              
[36m</svg>[39m
            
[36m</div>[39m
            [36m<span[39m
              [33mclass[3
9m=[32m"text-xs font-bold 
text-ai-subtext 
uppercase"[39m
            [36m>[39m
              
[0mAtivos[0m
            
[36m</span>[39m
          [36m</div>[39m
          [36m<div[39m
            [33mclass[39m
=[32m"text-2xl font-mono 
font-bold 
text-ai-text"[39m
          [36m>[39m
            [0m2[0m
          [36m</div>[39m
          [36m<div[39m
            [33mclass[39m
=[32m"text-xs 
text-ai-subtext 
font-medium mt-1"[39m
          [36m>[39m
            [0mUsu├írios 
ativos[0m
          [36m</div>[39m
        [36m</div>[39m
      [36m</div>[39m
      [36m<div[39m
        [33mclass[39m=[3
2m"flex-1 bg-white 
rounded-xl border 
border-ai-border shadow-sm 
flex flex-col 
overflow-hidden"[39m
      [36m>[39m
        [36m<div[39m
          
[33mclass[39m=[32m"p-4 
border-b border-ai-border 
flex justify-between 
items-center"[39m
        [36m>[39m
          [36m<h2[39m
            [33mclass[39m
=[32m"text-sm font-bold 
text-ai-text"[39m
          [36m>[39m
            [0mBase de 
Usu├írios[0m
          [36m</h2>[39m
          [36m<div[39m
            [33mclass[39m
=[32m"relative w-64"[39m
          [36m>[39m
            [36m<svg[39m
              [33maria-hid
den[39m=[32m"true"[39m
              [33mclass[3
9m=[32m"lucide 
lucide-search absolute 
left-3 top-1/2 
-translate-y-1/2 
text-ai-subtext"[39m
              [33mfill[39
m=[32m"none"[39m
              [33mheight[
39m=[32m"14"[39m
              [33mstroke[
39m=[32m"currentColor"[39
m
              [33mstroke-l
inecap[39m=[32m"round"[3
9m
              [33mstroke-l
inejoin[39m=[32m"round"[
39m
              [33mstroke-w
idth[39m=[32m"2"[39m
              
[33mviewBox[39m=[32m"0 
0 24 24"[39m
              [33mwidth[3
9m=[32m"14"[39m
              [33mxmlns[3
9m=[32m"http://www.w3.org/
2000/svg"[39m
            [36m>[39m
              
[36m<path[39m
                
[33md[39m=[32m"m21 
21-4.34-4.34"[39m
              [36m/>[39m
              
[36m<circle[39m
                
[33mcx[39m=[32m"11"[39m
                
[33mcy[39m=[32m"11"[39m
                
[33mr[39m=[32m"8"[39m
              [36m/>[39m
            
[36m</svg>[39m
            
[36m<input[39m
              [33mclass[3
9m=[32m"w-full pl-9 pr-3 
py-1.5 text-xs border 
border-ai-border 
rounded-md bg-ai-surface 
focus:outline-none 
focus:border-ai-text 
transition-colors"[39m
              [33mplacehol
der[39m=[32m"Buscar 
usu├írio..."[39m
              [33mtype[39
m=[32m"text"[39m
              [33mvalue[3
9m=[32m""[39m
            [36m/>[39m
          [36m</div>[39m
        [36m</div>[39m
        [36m<div[39m
          [33mclass[39m=
[32m"flex-1 
overflow-auto"[39m
        [36m>[39m
          [36m<table[39m
            [33mclass[39m
=[32m"w-full text-left 
border-collapse"[39m
          [36m>[39m
            
[36m<thead[39m
              [33mclass[3
9m=[32m"bg-ai-surface 
sticky top-0 z-10"[39m
            ...
[90m [2mΓ¥»[22m 
Object.getElementError node
_modules/@testing-library/d
om/dist/config.js:[2m37:19
[22m[39m
[90m [2mΓ¥»[22m node_mod
ules/@testing-library/dom/d
ist/query-helpers.js:[2m76
:38[22m[39m
[90m [2mΓ¥»[22m node_mod
ules/@testing-library/dom/d
ist/query-helpers.js:[2m52
:17[22m[39m
[90m [2mΓ¥»[22m node_mod
ules/@testing-library/dom/d
ist/query-helpers.js:[2m95
:19[22m[39m
[36m [2mΓ¥»[22m src/test
/agents/AdminDashboard.test
.tsx:[2m268:34[22m[39m
    [90m266| [39m      
})[33m;[39m
    [90m267| [39m
    [90m268| [39m      
const searchInput = screen.
getByPlaceholderText(/busca
r cliente/ΓÇª
    [90m   | [39m        
                         
[31m^[39m
    [90m269| [39m      
[35mawait[39m userEvent[
33m.[39m[34mtype[39m(sea
rchInput[33m,[39m 
[32m'One'[39m)[33m;[39m
    [90m270| [39m

[31m[2mΓÄ»ΓÄ»ΓÄ»ΓÄ»ΓÄ»ΓÄ»
ΓÄ»ΓÄ»ΓÄ»ΓÄ»ΓÄ»ΓÄ»ΓÄ»ΓÄ»ΓÄ»
ΓÄ»ΓÄ»ΓÄ»ΓÄ»ΓÄ»ΓÄ»ΓÄ»ΓÄ»[6/
18]ΓÄ»[22m[39m

[41m[1m FAIL [22m[49m s
rc/test/agents/AdminDashboa
rd.test.tsx[2m > 
[22mAdminDashboard 
Component[2m > 
[22mSearch 
Functionality[2m > 
[22mshould filter clients 
by email
[31m[1mTestingLibraryElem
entError[22m[39m: Unable 
to find an element with 
the placeholder text of: 
/buscar cliente/i

Ignored nodes: comments, 
script, style
[36m<body>[39m
  [36m<div>[39m
    [36m<div[39m
      [33mclass[39m=[32m
"h-full flex flex-col 
gap-6 p-2"[39m
    [36m>[39m
      [36m<div[39m
        
[33mclass[39m=[32m"grid 
grid-cols-2 gap-4"[39m
      [36m>[39m
        [36m<div[39m
          [33mclass[39m=
[32m"bg-white p-4 
rounded-xl border 
border-ai-border 
shadow-sm"[39m
        [36m>[39m
          [36m<div[39m
            
[33mclass[39m=[32m"flex 
items-center gap-3 
mb-2"[39m
          [36m>[39m
            [36m<div[39m
              
[33mclass[39m=[32m"p-2 
bg-blue-50 text-blue-600 
rounded-lg"[39m
            [36m>[39m
              
[36m<svg[39m
                [33maria-h
idden[39m=[32m"true"[39m
                [33mclass
[39m=[32m"lucide 
lucide-users"[39m
                [33mfill[
39m=[32m"none"[39m
                [33mheight
[39m=[32m"18"[39m
                [33mstroke
[39m=[32m"currentColor"[
39m
                [33mstroke
-linecap[39m=[32m"round"
[39m
                [33mstroke
-linejoin[39m=[32m"round"
[39m
                [33mstroke
-width[39m=[32m"2"[39m
                
[33mviewBox[39m=[32m"0 
0 24 24"[39m
                [33mwidth
[39m=[32m"18"[39m
                [33mxmlns
[39m=[32m"http://www.w3.or
g/2000/svg"[39m
              [36m>[39m
                
[36m<path[39m
                  
[33md[39m=[32m"M16 
21v-2a4 4 0 0 0-4-4H6a4 4 
0 0 0-4 4v2"[39m
                
[36m/>[39m
                
[36m<path[39m
                  
[33md[39m=[32m"M16 
3.128a4 4 0 0 1 0 
7.744"[39m
                
[36m/>[39m
                
[36m<path[39m
                  
[33md[39m=[32m"M22 
21v-2a4 4 0 0 
0-3-3.87"[39m
                
[36m/>[39m
                
[36m<circle[39m
                  
[33mcx[39m=[32m"9"[39m
                  
[33mcy[39m=[32m"7"[39m
                  
[33mr[39m=[32m"4"[39m
                
[36m/>[39m
              
[36m</svg>[39m
            
[36m</div>[39m
            [36m<span[39m
              [33mclass[3
9m=[32m"text-xs font-bold 
text-ai-subtext 
uppercase"[39m
            [36m>[39m
              [0mTotal 
Usu├írios[0m
            
[36m</span>[39m
          [36m</div>[39m
          [36m<div[39m
            [33mclass[39m
=[32m"text-2xl font-mono 
font-bold 
text-ai-text"[39m
          [36m>[39m
            [0m3[0m
          [36m</div>[39m
          [36m<div[39m
            [33mclass[39m
=[32m"text-xs 
text-emerald-600 
font-medium mt-1"[39m
          [36m>[39m
            [0mUsu├írios 
cadastrados[0m
          [36m</div>[39m
        [36m</div>[39m
        [36m<div[39m
          [33mclass[39m=
[32m"bg-white p-4 
rounded-xl border 
border-ai-border 
shadow-sm"[39m
        [36m>[39m
          [36m<div[39m
            
[33mclass[39m=[32m"flex 
items-center gap-3 
mb-2"[39m
          [36m>[39m
            [36m<div[39m
              
[33mclass[39m=[32m"p-2 
bg-emerald-50 
text-emerald-600 
rounded-lg"[39m
            [36m>[39m
              
[36m<svg[39m
                [33maria-h
idden[39m=[32m"true"[39m
                [33mclass
[39m=[32m"lucide 
lucide-activity"[39m
                [33mfill[
39m=[32m"none"[39m
                [33mheight
[39m=[32m"18"[39m
                [33mstroke
[39m=[32m"currentColor"[
39m
                [33mstroke
-linecap[39m=[32m"round"
[39m
                [33mstroke
-linejoin[39m=[32m"round"
[39m
                [33mstroke
-width[39m=[32m"2"[39m
                
[33mviewBox[39m=[32m"0 
0 24 24"[39m
                [33mwidth
[39m=[32m"18"[39m
                [33mxmlns
[39m=[32m"http://www.w3.or
g/2000/svg"[39m
              [36m>[39m
                
[36m<path[39m
                  
[33md[39m=[32m"M22 
12h-2.48a2 2 0 0 0-1.93 
1.46l-2.35 8.36a.25.25 0 0 
1-.48 0L9.24 2.18a.25.25 0 
0 0-.48 0l-2.35 8.36A2 2 0 
0 1 4.49 12H2"[39m
                
[36m/>[39m
              
[36m</svg>[39m
            
[36m</div>[39m
            [36m<span[39m
              [33mclass[3
9m=[32m"text-xs font-bold 
text-ai-subtext 
uppercase"[39m
            [36m>[39m
              
[0mAtivos[0m
            
[36m</span>[39m
          [36m</div>[39m
          [36m<div[39m
            [33mclass[39m
=[32m"text-2xl font-mono 
font-bold 
text-ai-text"[39m
          [36m>[39m
            [0m2[0m
          [36m</div>[39m
          [36m<div[39m
            [33mclass[39m
=[32m"text-xs 
text-ai-subtext 
font-medium mt-1"[39m
          [36m>[39m
            [0mUsu├írios 
ativos[0m
          [36m</div>[39m
        [36m</div>[39m
      [36m</div>[39m
      [36m<div[39m
        [33mclass[39m=[3
2m"flex-1 bg-white 
rounded-xl border 
border-ai-border shadow-sm 
flex flex-col 
overflow-hidden"[39m
      [36m>[39m
        [36m<div[39m
          
[33mclass[39m=[32m"p-4 
border-b border-ai-border 
flex justify-between 
items-center"[39m
        [36m>[39m
          [36m<h2[39m
            [33mclass[39m
=[32m"text-sm font-bold 
text-ai-text"[39m
          [36m>[39m
            [0mBase de 
Usu├írios[0m
          [36m</h2>[39m
          [36m<div[39m
            [33mclass[39m
=[32m"relative w-64"[39m
          [36m>[39m
            [36m<svg[39m
              [33maria-hid
den[39m=[32m"true"[39m
              [33mclass[3
9m=[32m"lucide 
lucide-search absolute 
left-3 top-1/2 
-translate-y-1/2 
text-ai-subtext"[39m
              [33mfill[39
m=[32m"none"[39m
              [33mheight[
39m=[32m"14"[39m
              [33mstroke[
39m=[32m"currentColor"[39
m
              [33mstroke-l
inecap[39m=[32m"round"[3
9m
              [33mstroke-l
inejoin[39m=[32m"round"[
39m
              [33mstroke-w
idth[39m=[32m"2"[39m
              
[33mviewBox[39m=[32m"0 
0 24 24"[39m
              [33mwidth[3
9m=[32m"14"[39m
              [33mxmlns[3
9m=[32m"http://www.w3.org/
2000/svg"[39m
            [36m>[39m
              
[36m<path[39m
                
[33md[39m=[32m"m21 
21-4.34-4.34"[39m
              [36m/>[39m
              
[36m<circle[39m
                
[33mcx[39m=[32m"11"[39m
                
[33mcy[39m=[32m"11"[39m
                
[33mr[39m=[32m"8"[39m
              [36m/>[39m
            
[36m</svg>[39m
            
[36m<input[39m
              [33mclass[3
9m=[32m"w-full pl-9 pr-3 
py-1.5 text-xs border 
border-ai-border 
rounded-md bg-ai-surface 
focus:outline-none 
focus:border-ai-text 
transition-colors"[39m
              [33mplacehol
der[39m=[32m"Buscar 
usu├írio..."[39m
              [33mtype[39
m=[32m"text"[39m
              [33mvalue[3
9m=[32m""[39m
            [36m/>[39m
          [36m</div>[39m
        [36m</div>[39m
        [36m<div[39m
          [33mclass[39m=
[32m"flex-1 
overflow-auto"[39m
        [36m>[39m
          [36m<table[39m
            [33mclass[39m
=[32m"w-full text-left 
border-collapse"[39m
          [36m>[39m
            
[36m<thead[39m
              [33mclass[3
9m=[32m"bg-ai-surface 
sticky top-0 z-10"[39m
            ...
[90m [2mΓ¥»[22m 
Object.getElementError node
_modules/@testing-library/d
om/dist/config.js:[2m37:19
[22m[39m
[90m [2mΓ¥»[22m node_mod
ules/@testing-library/dom/d
ist/query-helpers.js:[2m76
:38[22m[39m
[90m [2mΓ¥»[22m node_mod
ules/@testing-library/dom/d
ist/query-helpers.js:[2m52
:17[22m[39m
[90m [2mΓ¥»[22m node_mod
ules/@testing-library/dom/d
ist/query-helpers.js:[2m95
:19[22m[39m
[36m [2mΓ¥»[22m src/test
/agents/AdminDashboard.test
.tsx:[2m284:34[22m[39m
    [90m282| [39m      
})[33m;[39m
    [90m283| [39m
    [90m284| [39m      
const searchInput = screen.
getByPlaceholderText(/busca
r cliente/ΓÇª
    [90m   | [39m        
                         
[31m^[39m
    [90m285| [39m      
[35mawait[39m userEvent[
33m.[39m[34mtype[39m(sea
rchInput[33m,[39m [32m'c
lient2@example.com'[39m)[
33m;[39m
    [90m286| [39m

[31m[2mΓÄ»ΓÄ»ΓÄ»ΓÄ»ΓÄ»ΓÄ»
ΓÄ»ΓÄ»ΓÄ»ΓÄ»ΓÄ»ΓÄ»ΓÄ»ΓÄ»ΓÄ»
ΓÄ»ΓÄ»ΓÄ»ΓÄ»ΓÄ»ΓÄ»ΓÄ»ΓÄ»[7/
18]ΓÄ»[22m[39m

[41m[1m FAIL [22m[49m s
rc/test/agents/AdminDashboa
rd.test.tsx[2m > 
[22mAdminDashboard 
Component[2m > 
[22mSearch 
Functionality[2m > 
[22mshould show no 
results message when 
search has no matches
[31m[1mTestingLibraryElem
entError[22m[39m: Unable 
to find an element with 
the placeholder text of: 
/buscar cliente/i

Ignored nodes: comments, 
script, style
[36m<body>[39m
  [36m<div>[39m
    [36m<div[39m
      [33mclass[39m=[32m
"h-full flex flex-col 
gap-6 p-2"[39m
    [36m>[39m
      [36m<div[39m
        
[33mclass[39m=[32m"grid 
grid-cols-2 gap-4"[39m
      [36m>[39m
        [36m<div[39m
          [33mclass[39m=
[32m"bg-white p-4 
rounded-xl border 
border-ai-border 
shadow-sm"[39m
        [36m>[39m
          [36m<div[39m
            
[33mclass[39m=[32m"flex 
items-center gap-3 
mb-2"[39m
          [36m>[39m
            [36m<div[39m
              
[33mclass[39m=[32m"p-2 
bg-blue-50 text-blue-600 
rounded-lg"[39m
            [36m>[39m
              
[36m<svg[39m
                [33maria-h
idden[39m=[32m"true"[39m
                [33mclass
[39m=[32m"lucide 
lucide-users"[39m
                [33mfill[
39m=[32m"none"[39m
                [33mheight
[39m=[32m"18"[39m
                [33mstroke
[39m=[32m"currentColor"[
39m
                [33mstroke
-linecap[39m=[32m"round"
[39m
                [33mstroke
-linejoin[39m=[32m"round"
[39m
                [33mstroke
-width[39m=[32m"2"[39m
                
[33mviewBox[39m=[32m"0 
0 24 24"[39m
                [33mwidth
[39m=[32m"18"[39m
                [33mxmlns
[39m=[32m"http://www.w3.or
g/2000/svg"[39m
              [36m>[39m
                
[36m<path[39m
                  
[33md[39m=[32m"M16 
21v-2a4 4 0 0 0-4-4H6a4 4 
0 0 0-4 4v2"[39m
                
[36m/>[39m
                
[36m<path[39m
                  
[33md[39m=[32m"M16 
3.128a4 4 0 0 1 0 
7.744"[39m
                
[36m/>[39m
                
[36m<path[39m
                  
[33md[39m=[32m"M22 
21v-2a4 4 0 0 
0-3-3.87"[39m
                
[36m/>[39m
                
[36m<circle[39m
                  
[33mcx[39m=[32m"9"[39m
                  
[33mcy[39m=[32m"7"[39m
                  
[33mr[39m=[32m"4"[39m
                
[36m/>[39m
              
[36m</svg>[39m
            
[36m</div>[39m
            [36m<span[39m
              [33mclass[3
9m=[32m"text-xs font-bold 
text-ai-subtext 
uppercase"[39m
            [36m>[39m
              [0mTotal 
Usu├írios[0m
            
[36m</span>[39m
          [36m</div>[39m
          [36m<div[39m
            [33mclass[39m
=[32m"text-2xl font-mono 
font-bold 
text-ai-text"[39m
          [36m>[39m
            [0m3[0m
          [36m</div>[39m
          [36m<div[39m
            [33mclass[39m
=[32m"text-xs 
text-emerald-600 
font-medium mt-1"[39m
          [36m>[39m
            [0mUsu├írios 
cadastrados[0m
          [36m</div>[39m
        [36m</div>[39m
        [36m<div[39m
          [33mclass[39m=
[32m"bg-white p-4 
rounded-xl border 
border-ai-border 
shadow-sm"[39m
        [36m>[39m
          [36m<div[39m
            
[33mclass[39m=[32m"flex 
items-center gap-3 
mb-2"[39m
          [36m>[39m
            [36m<div[39m
              
[33mclass[39m=[32m"p-2 
bg-emerald-50 
text-emerald-600 
rounded-lg"[39m
            [36m>[39m
              
[36m<svg[39m
                [33maria-h
idden[39m=[32m"true"[39m
                [33mclass
[39m=[32m"lucide 
lucide-activity"[39m
                [33mfill[
39m=[32m"none"[39m
                [33mheight
[39m=[32m"18"[39m
                [33mstroke
[39m=[32m"currentColor"[
39m
                [33mstroke
-linecap[39m=[32m"round"
[39m
                [33mstroke
-linejoin[39m=[32m"round"
[39m
                [33mstroke
-width[39m=[32m"2"[39m
                
[33mviewBox[39m=[32m"0 
0 24 24"[39m
                [33mwidth
[39m=[32m"18"[39m
                [33mxmlns
[39m=[32m"http://www.w3.or
g/2000/svg"[39m
              [36m>[39m
                
[36m<path[39m
                  
[33md[39m=[32m"M22 
12h-2.48a2 2 0 0 0-1.93 
1.46l-2.35 8.36a.25.25 0 0 
1-.48 0L9.24 2.18a.25.25 0 
0 0-.48 0l-2.35 8.36A2 2 0 
0 1 4.49 12H2"[39m
                
[36m/>[39m
              
[36m</svg>[39m
            
[36m</div>[39m
            [36m<span[39m
              [33mclass[3
9m=[32m"text-xs font-bold 
text-ai-subtext 
uppercase"[39m
            [36m>[39m
              
[0mAtivos[0m
            
[36m</span>[39m
          [36m</div>[39m
          [36m<div[39m
            [33mclass[39m
=[32m"text-2xl font-mono 
font-bold 
text-ai-text"[39m
          [36m>[39m
            [0m2[0m
          [36m</div>[39m
          [36m<div[39m
            [33mclass[39m
=[32m"text-xs 
text-ai-subtext 
font-medium mt-1"[39m
          [36m>[39m
            [0mUsu├írios 
ativos[0m
          [36m</div>[39m
        [36m</div>[39m
      [36m</div>[39m
      [36m<div[39m
        [33mclass[39m=[3
2m"flex-1 bg-white 
rounded-xl border 
border-ai-border shadow-sm 
flex flex-col 
overflow-hidden"[39m
      [36m>[39m
        [36m<div[39m
          
[33mclass[39m=[32m"p-4 
border-b border-ai-border 
flex justify-between 
items-center"[39m
        [36m>[39m
          [36m<h2[39m
            [33mclass[39m
=[32m"text-sm font-bold 
text-ai-text"[39m
          [36m>[39m
            [0mBase de 
Usu├írios[0m
          [36m</h2>[39m
          [36m<div[39m
            [33mclass[39m
=[32m"relative w-64"[39m
          [36m>[39m
            [36m<svg[39m
              [33maria-hid
den[39m=[32m"true"[39m
              [33mclass[3
9m=[32m"lucide 
lucide-search absolute 
left-3 top-1/2 
-translate-y-1/2 
text-ai-subtext"[39m
              [33mfill[39
m=[32m"none"[39m
              [33mheight[
39m=[32m"14"[39m
              [33mstroke[
39m=[32m"currentColor"[39
m
              [33mstroke-l
inecap[39m=[32m"round"[3
9m
              [33mstroke-l
inejoin[39m=[32m"round"[
39m
              [33mstroke-w
idth[39m=[32m"2"[39m
              
[33mviewBox[39m=[32m"0 
0 24 24"[39m
              [33mwidth[3
9m=[32m"14"[39m
              [33mxmlns[3
9m=[32m"http://www.w3.org/
2000/svg"[39m
            [36m>[39m
              
[36m<path[39m
                
[33md[39m=[32m"m21 
21-4.34-4.34"[39m
              [36m/>[39m
              
[36m<circle[39m
                
[33mcx[39m=[32m"11"[39m
                
[33mcy[39m=[32m"11"[39m
                
[33mr[39m=[32m"8"[39m
              [36m/>[39m
            
[36m</svg>[39m
            
[36m<input[39m
              [33mclass[3
9m=[32m"w-full pl-9 pr-3 
py-1.5 text-xs border 
border-ai-border 
rounded-md bg-ai-surface 
focus:outline-none 
focus:border-ai-text 
transition-colors"[39m
              [33mplacehol
der[39m=[32m"Buscar 
usu├írio..."[39m
              [33mtype[39
m=[32m"text"[39m
              [33mvalue[3
9m=[32m""[39m
            [36m/>[39m
          [36m</div>[39m
        [36m</div>[39m
        [36m<div[39m
          [33mclass[39m=
[32m"flex-1 
overflow-auto"[39m
        [36m>[39m
          [36m<table[39m
            [33mclass[39m
=[32m"w-full text-left 
border-collapse"[39m
          [36m>[39m
            
[36m<thead[39m
              [33mclass[3
9m=[32m"bg-ai-surface 
sticky top-0 z-10"[39m
            ...
[90m [2mΓ¥»[22m 
Object.getElementError node
_modules/@testing-library/d
om/dist/config.js:[2m37:19
[22m[39m
[90m [2mΓ¥»[22m node_mod
ules/@testing-library/dom/d
ist/query-helpers.js:[2m76
:38[22m[39m
[90m [2mΓ¥»[22m node_mod
ules/@testing-library/dom/d
ist/query-helpers.js:[2m52
:17[22m[39m
[90m [2mΓ¥»[22m node_mod
ules/@testing-library/dom/d
ist/query-helpers.js:[2m95
:19[22m[39m
[36m [2mΓ¥»[22m src/test
/agents/AdminDashboard.test
.tsx:[2m300:34[22m[39m
    [90m298| [39m      
})[33m;[39m
    [90m299| [39m
    [90m300| [39m      
const searchInput = screen.
getByPlaceholderText(/busca
r cliente/ΓÇª
    [90m   | [39m        
                         
[31m^[39m
    [90m301| [39m      
[35mawait[39m userEvent[
33m.[39m[34mtype[39m(sea
rchInput[33m,[39m [32m'N
onExistent'[39m)[33m;[39
m
    [90m302| [39m

[31m[2mΓÄ»ΓÄ»ΓÄ»ΓÄ»ΓÄ»ΓÄ»
ΓÄ»ΓÄ»ΓÄ»ΓÄ»ΓÄ»ΓÄ»ΓÄ»ΓÄ»ΓÄ»
ΓÄ»ΓÄ»ΓÄ»ΓÄ»ΓÄ»ΓÄ»ΓÄ»ΓÄ»[8/
18]ΓÄ»[22m[39m

[41m[1m FAIL [22m[49m s
rc/test/agents/AdminDashboa
rd.test.tsx[2m > 
[22mAdminDashboard 
Component[2m > 
[22mSearch 
Functionality[2m > 
[22mshould be case 
insensitive
[31m[1mTestingLibraryElem
entError[22m[39m: Unable 
to find an element with 
the placeholder text of: 
/buscar cliente/i

Ignored nodes: comments, 
script, style
[36m<body>[39m
  [36m<div>[39m
    [36m<div[39m
      [33mclass[39m=[32m
"h-full flex flex-col 
gap-6 p-2"[39m
    [36m>[39m
      [36m<div[39m
        
[33mclass[39m=[32m"grid 
grid-cols-2 gap-4"[39m
      [36m>[39m
        [36m<div[39m
          [33mclass[39m=
[32m"bg-white p-4 
rounded-xl border 
border-ai-border 
shadow-sm"[39m
        [36m>[39m
          [36m<div[39m
            
[33mclass[39m=[32m"flex 
items-center gap-3 
mb-2"[39m
          [36m>[39m
            [36m<div[39m
              
[33mclass[39m=[32m"p-2 
bg-blue-50 text-blue-600 
rounded-lg"[39m
            [36m>[39m
              
[36m<svg[39m
                [33maria-h
idden[39m=[32m"true"[39m
                [33mclass
[39m=[32m"lucide 
lucide-users"[39m
                [33mfill[
39m=[32m"none"[39m
                [33mheight
[39m=[32m"18"[39m
                [33mstroke
[39m=[32m"currentColor"[
39m
                [33mstroke
-linecap[39m=[32m"round"
[39m
                [33mstroke
-linejoin[39m=[32m"round"
[39m
                [33mstroke
-width[39m=[32m"2"[39m
                
[33mviewBox[39m=[32m"0 
0 24 24"[39m
                [33mwidth
[39m=[32m"18"[39m
                [33mxmlns
[39m=[32m"http://www.w3.or
g/2000/svg"[39m
              [36m>[39m
                
[36m<path[39m
                  
[33md[39m=[32m"M16 
21v-2a4 4 0 0 0-4-4H6a4 4 
0 0 0-4 4v2"[39m
                
[36m/>[39m
                
[36m<path[39m
                  
[33md[39m=[32m"M16 
3.128a4 4 0 0 1 0 
7.744"[39m
                
[36m/>[39m
                
[36m<path[39m
                  
[33md[39m=[32m"M22 
21v-2a4 4 0 0 
0-3-3.87"[39m
                
[36m/>[39m
                
[36m<circle[39m
                  
[33mcx[39m=[32m"9"[39m
                  
[33mcy[39m=[32m"7"[39m
                  
[33mr[39m=[32m"4"[39m
                
[36m/>[39m
              
[36m</svg>[39m
            
[36m</div>[39m
            [36m<span[39m
              [33mclass[3
9m=[32m"text-xs font-bold 
text-ai-subtext 
uppercase"[39m
            [36m>[39m
              [0mTotal 
Usu├írios[0m
            
[36m</span>[39m
          [36m</div>[39m
          [36m<div[39m
            [33mclass[39m
=[32m"text-2xl font-mono 
font-bold 
text-ai-text"[39m
          [36m>[39m
            [0m3[0m
          [36m</div>[39m
          [36m<div[39m
            [33mclass[39m
=[32m"text-xs 
text-emerald-600 
font-medium mt-1"[39m
          [36m>[39m
            [0mUsu├írios 
cadastrados[0m
          [36m</div>[39m
        [36m</div>[39m
        [36m<div[39m
          [33mclass[39m=
[32m"bg-white p-4 
rounded-xl border 
border-ai-border 
shadow-sm"[39m
        [36m>[39m
          [36m<div[39m
            
[33mclass[39m=[32m"flex 
items-center gap-3 
mb-2"[39m
          [36m>[39m
            [36m<div[39m
              
[33mclass[39m=[32m"p-2 
bg-emerald-50 
text-emerald-600 
rounded-lg"[39m
            [36m>[39m
              
[36m<svg[39m
                [33maria-h
idden[39m=[32m"true"[39m
                [33mclass
[39m=[32m"lucide 
lucide-activity"[39m
                [33mfill[
39m=[32m"none"[39m
                [33mheight
[39m=[32m"18"[39m
                [33mstroke
[39m=[32m"currentColor"[
39m
                [33mstroke
-linecap[39m=[32m"round"
[39m
                [33mstroke
-linejoin[39m=[32m"round"
[39m
                [33mstroke
-width[39m=[32m"2"[39m
                
[33mviewBox[39m=[32m"0 
0 24 24"[39m
                [33mwidth
[39m=[32m"18"[39m
                [33mxmlns
[39m=[32m"http://www.w3.or
g/2000/svg"[39m
              [36m>[39m
                
[36m<path[39m
                  
[33md[39m=[32m"M22 
12h-2.48a2 2 0 0 0-1.93 
1.46l-2.35 8.36a.25.25 0 0 
1-.48 0L9.24 2.18a.25.25 0 
0 0-.48 0l-2.35 8.36A2 2 0 
0 1 4.49 12H2"[39m
                
[36m/>[39m
              
[36m</svg>[39m
            
[36m</div>[39m
            [36m<span[39m
              [33mclass[3
9m=[32m"text-xs font-bold 
text-ai-subtext 
uppercase"[39m
            [36m>[39m
              
[0mAtivos[0m
            
[36m</span>[39m
          [36m</div>[39m
          [36m<div[39m
            [33mclass[39m
=[32m"text-2xl font-mono 
font-bold 
text-ai-text"[39m
          [36m>[39m
            [0m2[0m
          [36m</div>[39m
          [36m<div[39m
            [33mclass[39m
=[32m"text-xs 
text-ai-subtext 
font-medium mt-1"[39m
          [36m>[39m
            [0mUsu├írios 
ativos[0m
          [36m</div>[39m
        [36m</div>[39m
      [36m</div>[39m
      [36m<div[39m
        [33mclass[39m=[3
2m"flex-1 bg-white 
rounded-xl border 
border-ai-border shadow-sm 
flex flex-col 
overflow-hidden"[39m
      [36m>[39m
        [36m<div[39m
          
[33mclass[39m=[32m"p-4 
border-b border-ai-border 
flex justify-between 
items-center"[39m
        [36m>[39m
          [36m<h2[39m
            [33mclass[39m
=[32m"text-sm font-bold 
text-ai-text"[39m
          [36m>[39m
            [0mBase de 
Usu├írios[0m
          [36m</h2>[39m
          [36m<div[39m
            [33mclass[39m
=[32m"relative w-64"[39m
          [36m>[39m
            [36m<svg[39m
              [33maria-hid
den[39m=[32m"true"[39m
              [33mclass[3
9m=[32m"lucide 
lucide-search absolute 
left-3 top-1/2 
-translate-y-1/2 
text-ai-subtext"[39m
              [33mfill[39
m=[32m"none"[39m
              [33mheight[
39m=[32m"14"[39m
              [33mstroke[
39m=[32m"currentColor"[39
m
              [33mstroke-l
inecap[39m=[32m"round"[3
9m
              [33mstroke-l
inejoin[39m=[32m"round"[
39m
              [33mstroke-w
idth[39m=[32m"2"[39m
              
[33mviewBox[39m=[32m"0 
0 24 24"[39m
              [33mwidth[3
9m=[32m"14"[39m
              [33mxmlns[3
9m=[32m"http://www.w3.org/
2000/svg"[39m
            [36m>[39m
              
[36m<path[39m
                
[33md[39m=[32m"m21 
21-4.34-4.34"[39m
              [36m/>[39m
              
[36m<circle[39m
                
[33mcx[39m=[32m"11"[39m
                
[33mcy[39m=[32m"11"[39m
                
[33mr[39m=[32m"8"[39m
              [36m/>[39m
            
[36m</svg>[39m
            
[36m<input[39m
              [33mclass[3
9m=[32m"w-full pl-9 pr-3 
py-1.5 text-xs border 
border-ai-border 
rounded-md bg-ai-surface 
focus:outline-none 
focus:border-ai-text 
transition-colors"[39m
              [33mplacehol
der[39m=[32m"Buscar 
usu├írio..."[39m
              [33mtype[39
m=[32m"text"[39m
              [33mvalue[3
9m=[32m""[39m
            [36m/>[39m
          [36m</div>[39m
        [36m</div>[39m
        [36m<div[39m
          [33mclass[39m=
[32m"flex-1 
overflow-auto"[39m
        [36m>[39m
          [36m<table[39m
            [33mclass[39m
=[32m"w-full text-left 
border-collapse"[39m
          [36m>[39m
            
[36m<thead[39m
              [33mclass[3
9m=[32m"bg-ai-surface 
sticky top-0 z-10"[39m
            ...
[90m [2mΓ¥»[22m 
Object.getElementError node
_modules/@testing-library/d
om/dist/config.js:[2m37:19
[22m[39m
[90m [2mΓ¥»[22m node_mod
ules/@testing-library/dom/d
ist/query-helpers.js:[2m76
:38[22m[39m
[90m [2mΓ¥»[22m node_mod
ules/@testing-library/dom/d
ist/query-helpers.js:[2m52
:17[22m[39m
[90m [2mΓ¥»[22m node_mod
ules/@testing-library/dom/d
ist/query-helpers.js:[2m95
:19[22m[39m
[36m [2mΓ¥»[22m src/test
/agents/AdminDashboard.test
.tsx:[2m315:34[22m[39m
    [90m313| [39m      
})[33m;[39m
    [90m314| [39m
    [90m315| [39m      
const searchInput = screen.
getByPlaceholderText(/busca
r cliente/ΓÇª
    [90m   | [39m        
                         
[31m^[39m
    [90m316| [39m      
[35mawait[39m userEvent[
33m.[39m[34mtype[39m(sea
rchInput[33m,[39m 
[32m'CLIENT 
ONE'[39m)[33m;[39m
    [90m317| [39m

[31m[2mΓÄ»ΓÄ»ΓÄ»ΓÄ»ΓÄ»ΓÄ»
ΓÄ»ΓÄ»ΓÄ»ΓÄ»ΓÄ»ΓÄ»ΓÄ»ΓÄ»ΓÄ»
ΓÄ»ΓÄ»ΓÄ»ΓÄ»ΓÄ»ΓÄ»ΓÄ»ΓÄ»[9/
18]ΓÄ»[22m[39m

[41m[1m FAIL [22m[49m s
rc/test/agents/AdminDashboa
rd.test.tsx[2m > 
[22mAdminDashboard 
Component[2m > 
[22mStatistics 
Calculation[2m > 
[22mshould calculate 
total clients correctly
[31m[1mTestingLibraryElem
entError[22m[39m: Unable 
to find an element with 
the text: Total Clientes. 
This could be because the 
text is broken up by 
multiple elements. In this 
case, you can provide a 
function for your text 
matcher to make your 
matcher more flexible.

Ignored nodes: comments, 
script, style
[36m<body>[39m
  [36m<div>[39m
    [36m<div[39m
      [33mclass[39m=[32m
"h-full flex flex-col 
gap-6 p-2"[39m
    [36m>[39m
      [36m<div[39m
        
[33mclass[39m=[32m"grid 
grid-cols-2 gap-4"[39m
      [36m>[39m
        [36m<div[39m
          [33mclass[39m=
[32m"bg-white p-4 
rounded-xl border 
border-ai-border 
shadow-sm"[39m
        [36m>[39m
          [36m<div[39m
            
[33mclass[39m=[32m"flex 
items-center gap-3 
mb-2"[39m
          [36m>[39m
            [36m<div[39m
              
[33mclass[39m=[32m"p-2 
bg-blue-50 text-blue-600 
rounded-lg"[39m
            [36m>[39m
              
[36m<svg[39m
                [33maria-h
idden[39m=[32m"true"[39m
                [33mclass
[39m=[32m"lucide 
lucide-users"[39m
                [33mfill[
39m=[32m"none"[39m
                [33mheight
[39m=[32m"18"[39m
                [33mstroke
[39m=[32m"currentColor"[
39m
                [33mstroke
-linecap[39m=[32m"round"
[39m
                [33mstroke
-linejoin[39m=[32m"round"
[39m
                [33mstroke
-width[39m=[32m"2"[39m
                
[33mviewBox[39m=[32m"0 
0 24 24"[39m
                [33mwidth
[39m=[32m"18"[39m
                [33mxmlns
[39m=[32m"http://www.w3.or
g/2000/svg"[39m
              [36m>[39m
                
[36m<path[39m
                  
[33md[39m=[32m"M16 
21v-2a4 4 0 0 0-4-4H6a4 4 
0 0 0-4 4v2"[39m
                
[36m/>[39m
                
[36m<path[39m
                  
[33md[39m=[32m"M16 
3.128a4 4 0 0 1 0 
7.744"[39m
                
[36m/>[39m
                
[36m<path[39m
                  
[33md[39m=[32m"M22 
21v-2a4 4 0 0 
0-3-3.87"[39m
                
[36m/>[39m
                
[36m<circle[39m
                  
[33mcx[39m=[32m"9"[39m
                  
[33mcy[39m=[32m"7"[39m
                  
[33mr[39m=[32m"4"[39m
                
[36m/>[39m
              
[36m</svg>[39m
            
[36m</div>[39m
            [36m<span[39m
              [33mclass[3
9m=[32m"text-xs font-bold 
text-ai-subtext 
uppercase"[39m
            [36m>[39m
              [0mTotal 
Usu├írios[0m
            
[36m</span>[39m
          [36m</div>[39m
          [36m<div[39m
            [33mclass[39m
=[32m"text-2xl font-mono 
font-bold 
text-ai-text"[39m
          [36m>[39m
            [0m3[0m
          [36m</div>[39m
          [36m<div[39m
            [33mclass[39m
=[32m"text-xs 
text-emerald-600 
font-medium mt-1"[39m
          [36m>[39m
            [0mUsu├írios 
cadastrados[0m
          [36m</div>[39m
        [36m</div>[39m
        [36m<div[39m
          [33mclass[39m=
[32m"bg-white p-4 
rounded-xl border 
border-ai-border 
shadow-sm"[39m
        [36m>[39m
          [36m<div[39m
            
[33mclass[39m=[32m"flex 
items-center gap-3 
mb-2"[39m
          [36m>[39m
            [36m<div[39m
              
[33mclass[39m=[32m"p-2 
bg-emerald-50 
text-emerald-600 
rounded-lg"[39m
            [36m>[39m
              
[36m<svg[39m
                [33maria-h
idden[39m=[32m"true"[39m
                [33mclass
[39m=[32m"lucide 
lucide-activity"[39m
                [33mfill[
39m=[32m"none"[39m
                [33mheight
[39m=[32m"18"[39m
                [33mstroke
[39m=[32m"currentColor"[
39m
                [33mstroke
-linecap[39m=[32m"round"
[39m
                [33mstroke
-linejoin[39m=[32m"round"
[39m
                [33mstroke
-width[39m=[32m"2"[39m
                
[33mviewBox[39m=[32m"0 
0 24 24"[39m
                [33mwidth
[39m=[32m"18"[39m
                [33mxmlns
[39m=[32m"http://www.w3.or
g/2000/svg"[39m
              [36m>[39m
                
[36m<path[39m
                  
[33md[39m=[32m"M22 
12h-2.48a2 2 0 0 0-1.93 
1.46l-2.35 8.36a.25.25 0 0 
1-.48 0L9.24 2.18a.25.25 0 
0 0-.48 0l-2.35 8.36A2 2 0 
0 1 4.49 12H2"[39m
                
[36m/>[39m
              
[36m</svg>[39m
            
[36m</div>[39m
            [36m<span[39m
              [33mclass[3
9m=[32m"text-xs font-bold 
text-ai-subtext 
uppercase"[39m
            [36m>[39m
              
[0mAtivos[0m
            
[36m</span>[39m
          [36m</div>[39m
          [36m<div[39m
            [33mclass[39m
=[32m"text-2xl font-mono 
font-bold 
text-ai-text"[39m
          [36m>[39m
            [0m2[0m
          [36m</div>[39m
          [36m<div[39m
            [33mclass[39m
=[32m"text-xs 
text-ai-subtext 
font-medium mt-1"[39m
          [36m>[39m
            [0mUsu├írios 
ativos[0m
          [36m</div>[39m
        [36m</div>[39m
      [36m</div>[39m
      [36m<div[39m
        [33mclass[39m=[3
2m"flex-1 bg-white 
rounded-xl border 
border-ai-border shadow-sm 
flex flex-col 
overflow-hidden"[39m
      [36m>[39m
        [36m<div[39m
          
[33mclass[39m=[32m"p-4 
border-b border-ai-border 
flex justify-between 
items-center"[39m
        [36m>[39m
          [36m<h2[39m
            [33mclass[39m
=[32m"text-sm font-bold 
text-ai-text"[39m
          [36m>[39m
            [0mBase de 
Usu├írios[0m
          [36m</h2>[39m
          [36m<div[39m
            [33mclass[39m
=[32m"relative w-64"[39m
          [36m>[39m
            [36m<svg[39m
              [33maria-hid
den[39m=[32m"true"[39m
              [33mclass[3
9m=[32m"lucide 
lucide-search absolute 
left-3 top-1/2 
-translate-y-1/2 
text-ai-subtext"[39m
              [33mfill[39
m=[32m"none"[39m
              [33mheight[
39m=[32m"14"[39m
              [33mstroke[
39m=[32m"currentColor"[39
m
              [33mstroke-l
inecap[39m=[32m"round"[3
9m
              [33mstroke-l
inejoin[39m=[32m"round"[
39m
              [33mstroke-w
idth[39m=[32m"2"[39m
              
[33mviewBox[39m=[32m"0 
0 24 24"[39m
              [33mwidth[3
9m=[32m"14"[39m
              [33mxmlns[3
9m=[32m"http://www.w3.org/
2000/svg"[39m
            [36m>[39m
              
[36m<path[39m
                
[33md[39m=[32m"m21 
21-4.34-4.34"[39m
              [36m/>[39m
              
[36m<circle[39m
                
[33mcx[39m=[32m"11"[39m
                
[33mcy[39m=[32m"11"[39m
                
[33mr[39m=[32m"8"[39m
              [36m/>[39m
            
[36m</svg>[39m
            
[36m<input[39m
              [33mclass[3
9m=[32m"w-full pl-9 pr-3 
py-1.5 text-xs border 
border-ai-border 
rounded-md bg-ai-surface 
focus:outline-none 
focus:border-ai-text 
transition-colors"[39m
              [33mplacehol
der[39m=[32m"Buscar 
usu├írio..."[39m
              [33mtype[39
m=[32m"text"[39m
              [33mvalue[3
9m=[32m""[39m
            [36m/>[39m
          [36m</div>[39m
        [36m</div>[39m
        [36m<div[39m
          [33mclass[39m=
[32m"flex-1 
overflow-auto"[39m
        [36m>[39m
          [36m<table[39m
            [33mclass[39m
=[32m"w-full text-left 
border-collapse"[39m
          [36m>[39m
            
[36m<thead[39m
              [33mclass[3
9m=[32m"bg-ai-surface 
sticky top-0 z-10"[39m
            ...

Ignored nodes: comments, 
script, style
[36m<html>[39m
  [36m<head />[39m
  [36m<body>[39m
    [36m<div>[39m
      [36m<div[39m
        [33mclass[39m=[3
2m"h-full flex flex-col 
gap-6 p-2"[39m
      [36m>[39m
        [36m<div[39m
          
[33mclass[39m=[32m"grid 
grid-cols-2 gap-4"[39m
        [36m>[39m
          [36m<div[39m
            [33mclass[39m
=[32m"bg-white p-4 
rounded-xl border 
border-ai-border 
shadow-sm"[39m
          [36m>[39m
            [36m<div[39m
              
[33mclass[39m=[32m"flex 
items-center gap-3 
mb-2"[39m
            [36m>[39m
              
[36m<div[39m
                
[33mclass[39m=[32m"p-2 
bg-blue-50 text-blue-600 
rounded-lg"[39m
              [36m>[39m
                
[36m<svg[39m
                  [33maria
-hidden[39m=[32m"true"[3
9m
                  [33mclas
s[39m=[32m"lucide 
lucide-users"[39m
                  [33mfill
[39m=[32m"none"[39m
                  [33mheig
ht[39m=[32m"18"[39m
                  [33mstro
ke[39m=[32m"currentColor"
[39m
                  [33mstro
ke-linecap[39m=[32m"round
"[39m
                  [33mstro
ke-linejoin[39m=[32m"roun
d"[39m
                  [33mstro
ke-width[39m=[32m"2"[39m
                  
[33mviewBox[39m=[32m"0 
0 24 24"[39m
                  [33mwidt
h[39m=[32m"18"[39m
                  [33mxmln
s[39m=[32m"http://www.w3.
org/2000/svg"[39m
                [36m>[39m
                  
[36m<path[39m
                    
[33md[39m=[32m"M16 
21v-2a4 4 0 0 0-4-4H6a4 4 
0 0 0-4 4v2"[39m
                  
[36m/>[39m
                  
[36m<path[39m
                    
[33md[39m=[32m"M16 
3.128a4 4 0 0 1 0 
7.744"[39m
                  
[36m/>[39m
                  
[36m<path[39m
                    
[33md[39m=[32m"M22 
21v-2a4 4 0 0 
0-3-3.87"[39m
                  
[36m/>[39m
                  
[36m<circle[39m
                    
[33mcx[39m=[32m"9"[39m
                    
[33mcy[39m=[32m"7"[39m
                    
[33mr[39m=[32m"4"[39m
                  
[36m/>[39m
                
[36m</svg>[39m
              
[36m</div>[39m
              
[36m<span[39m
                [33mclass
[39m=[32m"text-xs 
font-bold text-ai-subtext 
uppercase"[39m
              [36m>[39m
                [0mTotal 
Usu├írios[0m
              
[36m</span>[39m
            
[36m</div>[39m
            [36m<div[39m
              [33mclass[3
9m=[32m"text-2xl 
font-mono font-bold 
text-ai-text"[39m
            [36m>[39m
              [0m3[0m
            
[36m</div>[39m
            [36m<div[39m
              [33mclass[3
9m=[32m"text-xs 
text-emerald-600 
font-medium mt-1"[39m
            [36m>[39m
              
[0mUsu├írios 
cadastrados[0m
            
[36m</div>[39m
          [36m</div>[39m
          [36m<div[39m
            [33mclass[39m
=[32m"bg-white p-4 
rounded-xl border 
border-ai-border 
shadow-sm"[39m
          [36m>[39m
            [36m<div[39m
              
[33mclass[39m=[32m"flex 
items-center gap-3 
mb-2"[39m
            [36m>[39m
              
[36m<div[39m
                
[33mclass[39m=[32m"p-2 
bg-emerald-50 
text-emerald-600 
rounded-lg"[39m
              [36m>[39m
                
[36m<svg[39m
                  [33maria
-hidden[39m=[32m"true"[3
9m
                  [33mclas
s[39m=[32m"lucide 
lucide-activity"[39m
                  [33mfill
[39m=[32m"none"[39m
                  [33mheig
ht[39m=[32m"18"[39m
                  [33mstro
ke[39m=[32m"currentColor"
[39m
                  [33mstro
ke-linecap[39m=[32m"round
"[39m
                  [33mstro
ke-linejoin[39m=[32m"roun
d"[39m
                  [33mstro
ke-width[39m=[32m"2"[39m
                  
[33mviewBox[39m=[32m"0 
0 24 24"[39m
                  [33mwidt
h[39m=[32m"18"[39m
                  [33mxmln
s[39m=[32m"http://www.w3.
org/2000/svg"[39m
                [36m>[39m
                  
[36m<path[39m
                    
[33md[39m=[32m"M22 
12h-2.48a2 2 0 0 0-1.93 
1.46l-2.35 8.36a.25.25 0 0 
1-.48 0L9.24 2.18a.25.25 0 
0 0-.48 0l-2.35 8.36A2 2 0 
0 1 4.49 12H2"[39m
                  
[36m/>[39m
                
[36m</svg>[39m
              
[36m</div>[39m
              
[36m<span[39m
                [33mclass
[39m=[32m"text-xs 
font-bold text-ai-subtext 
uppercase"[39m
              [36m>[39m
                
[0mAtivos[0m
              
[36m</span>[39m
            
[36m</div>[39m
            [36m<div[39m
              [33mclass[3
9m=[32m"text-2xl 
font-mono font-bold 
text-ai-text"[39m
            [36m>[39m
              [0m2[0m
            
[36m</div>[39m
            [36m<div[39m
              [33mclass[3
9m=[32m"text-xs 
text-ai-subtext 
font-medium mt-1"[39m
            [36m>[39m
              
[0mUsu├írios ativos[0m
            
[36m</div>[39m
          [36m</div>[39m
        [36m</div>[39m
        [36m<div[39m
          [33mclass[39m=
[32m"flex-1 bg-white 
rounded-xl border 
border-ai-border shadow-sm 
flex flex-col 
overflow-hidden"[39m
        [36m>[39m
          [36m<div[39m
            
[33mclass[39m=[32m"p-4 
border-b border-ai-border 
flex justify-between 
items-center"[39m
          [36m>[39m
            [36m<h2[39m
              [33mclass[3
9m=[32m"text-sm font-bold 
text-ai-text"[39m
            [36m>[39m
              [0mBase de 
Usu├írios[0m
            [36m</h2>[39m
            [36m<div[39m
              [33mclass[3
9m=[32m"relative 
w-64"[39m
            [36m>[39m
              
[36m<svg[39m
                [33maria-h
idden[39m=[32m"true"[39m
                [33mclass
[39m=[32m"lucide 
lucide-search absolute 
left-3 top-1/2 
-translate-y-1/2 
text-ai-subtext"[39m
                [33mfill[
39m=[32m"none"[39m
                [33mheight
[39m=[32m"14"[39m
                [33mstroke
[39m=[32m"currentColor"[
39m
                [33mstroke
-linecap[39m=[32m"round"
[39m
                [33mstroke
-linejoin[39m=[32m"round"
[39m
                [33mstroke
-width[39m=[32m"2"[39m
                
[33mviewBox[39m=[32m"0 
0 24 24"[39m
                [33mwidth
[39m=[32m"14"[39m
                [33mxmlns
[39m=[32m"http://www.w3.or
g/2000/svg"[39m
              [36m>[39m
                
[36m<path[39m
                  
[33md[39m=[32m"m21 
21-4.34-4.34"[39m
                
[36m/>[39m
                
[36m<circle[39m
                  
[33mcx[39m=[32m"11"[39m
                  
[33mcy[39m=[32m"11"[39m
                  
[33mr[39m=[32m"8"[39m
                
[36m/>[39m
              
[36m</svg>[39m
              
[36m<input[39m
                [33mclass
[39m=[32m"w-full pl-9 
pr-3 py-1.5 text-xs border 
border-ai-border 
rounded-md bg-ai-surface 
focus:outline-none 
focus:border-ai-text 
transition-colors"[39m
                [33mplaceh
older[39m=[32m"Buscar 
usu├írio..."[39m
                [33mtype[
39m=[32m"text"[39m
                [33mvalue
[39m=[32m""[39m
              [36m/>[39m
            
[36m</div>[39m
          
[36m</div>[39...
[90m [2mΓ¥»[22m 
Proxy.waitForWrapper node_m
odules/@testing-library/dom
/dist/wait-for.js:[2m163:2
7[22m[39m
[36m [2mΓ¥»[22m src/test
/agents/AdminDashboard.test
.tsx:[2m328:13[22m[39m
    [90m326| [39m      [
34mrender[39m([33m<[39m
[33mAdminDashboard[39m [3
3m/[39m[33m>[39m)[33m;
[39m
    [90m327| [39m
    [90m328| [39m      
[35mawait[39m 
[34mwaitFor[39m(() 
[33m=>[39m {
    [90m   | [39m        
    [31m^[39m
    [90m329| [39m        
const totalCard = 
screen.getByText('Total 
Clientes').closest('ΓÇª
    [90m330| [39m        
[34mexpect[39m([34mwithi
n[39m(totalCard[33m![39m
)[33m.[39m[34mgetByText
[39m([32m'3'[39m))[33m.
[39m[34mtoBeInTheDocument
[39m()[33m;[39m

[31m[2mΓÄ»ΓÄ»ΓÄ»ΓÄ»ΓÄ»ΓÄ»
ΓÄ»ΓÄ»ΓÄ»ΓÄ»ΓÄ»ΓÄ»ΓÄ»ΓÄ»ΓÄ»
ΓÄ»ΓÄ»ΓÄ»ΓÄ»ΓÄ»ΓÄ»ΓÄ»[10/18
]ΓÄ»[22m[39m

[41m[1m FAIL [22m[49m s
rc/test/agents/AdminDashboa
rd.test.tsx[2m > 
[22mAdminDashboard 
Component[2m > 
[22mStatistics 
Calculation[2m > 
[22mshould calculate MRR 
correctly
[31m[1mTestingLibraryElem
entError[22m[39m: Unable 
to find an element with 
the text: /receita 
\(mrr\)/i. This could be 
because the text is broken 
up by multiple elements. 
In this case, you can 
provide a function for 
your text matcher to make 
your matcher more flexible.

Ignored nodes: comments, 
script, style
[36m<body>[39m
  [36m<div>[39m
    [36m<div[39m
      [33mclass[39m=[32m
"h-full flex flex-col 
gap-6 p-2"[39m
    [36m>[39m
      [36m<div[39m
        
[33mclass[39m=[32m"grid 
grid-cols-2 gap-4"[39m
      [36m>[39m
        [36m<div[39m
          [33mclass[39m=
[32m"bg-white p-4 
rounded-xl border 
border-ai-border 
shadow-sm"[39m
        [36m>[39m
          [36m<div[39m
            
[33mclass[39m=[32m"flex 
items-center gap-3 
mb-2"[39m
          [36m>[39m
            [36m<div[39m
              
[33mclass[39m=[32m"p-2 
bg-blue-50 text-blue-600 
rounded-lg"[39m
            [36m>[39m
              
[36m<svg[39m
                [33maria-h
idden[39m=[32m"true"[39m
                [33mclass
[39m=[32m"lucide 
lucide-users"[39m
                [33mfill[
39m=[32m"none"[39m
                [33mheight
[39m=[32m"18"[39m
                [33mstroke
[39m=[32m"currentColor"[
39m
                [33mstroke
-linecap[39m=[32m"round"
[39m
                [33mstroke
-linejoin[39m=[32m"round"
[39m
                [33mstroke
-width[39m=[32m"2"[39m
                
[33mviewBox[39m=[32m"0 
0 24 24"[39m
                [33mwidth
[39m=[32m"18"[39m
                [33mxmlns
[39m=[32m"http://www.w3.or
g/2000/svg"[39m
              [36m>[39m
                
[36m<path[39m
                  
[33md[39m=[32m"M16 
21v-2a4 4 0 0 0-4-4H6a4 4 
0 0 0-4 4v2"[39m
                
[36m/>[39m
                
[36m<path[39m
                  
[33md[39m=[32m"M16 
3.128a4 4 0 0 1 0 
7.744"[39m
                
[36m/>[39m
                
[36m<path[39m
                  
[33md[39m=[32m"M22 
21v-2a4 4 0 0 
0-3-3.87"[39m
                
[36m/>[39m
                
[36m<circle[39m
                  
[33mcx[39m=[32m"9"[39m
                  
[33mcy[39m=[32m"7"[39m
                  
[33mr[39m=[32m"4"[39m
                
[36m/>[39m
              
[36m</svg>[39m
            
[36m</div>[39m
            [36m<span[39m
              [33mclass[3
9m=[32m"text-xs font-bold 
text-ai-subtext 
uppercase"[39m
            [36m>[39m
              [0mTotal 
Usu├írios[0m
            
[36m</span>[39m
          [36m</div>[39m
          [36m<div[39m
            [33mclass[39m
=[32m"text-2xl font-mono 
font-bold 
text-ai-text"[39m
          [36m>[39m
            [0m3[0m
          [36m</div>[39m
          [36m<div[39m
            [33mclass[39m
=[32m"text-xs 
text-emerald-600 
font-medium mt-1"[39m
          [36m>[39m
            [0mUsu├írios 
cadastrados[0m
          [36m</div>[39m
        [36m</div>[39m
        [36m<div[39m
          [33mclass[39m=
[32m"bg-white p-4 
rounded-xl border 
border-ai-border 
shadow-sm"[39m
        [36m>[39m
          [36m<div[39m
            
[33mclass[39m=[32m"flex 
items-center gap-3 
mb-2"[39m
          [36m>[39m
            [36m<div[39m
              
[33mclass[39m=[32m"p-2 
bg-emerald-50 
text-emerald-600 
rounded-lg"[39m
            [36m>[39m
              
[36m<svg[39m
                [33maria-h
idden[39m=[32m"true"[39m
                [33mclass
[39m=[32m"lucide 
lucide-activity"[39m
                [33mfill[
39m=[32m"none"[39m
                [33mheight
[39m=[32m"18"[39m
                [33mstroke
[39m=[32m"currentColor"[
39m
                [33mstroke
-linecap[39m=[32m"round"
[39m
                [33mstroke
-linejoin[39m=[32m"round"
[39m
                [33mstroke
-width[39m=[32m"2"[39m
                
[33mviewBox[39m=[32m"0 
0 24 24"[39m
                [33mwidth
[39m=[32m"18"[39m
                [33mxmlns
[39m=[32m"http://www.w3.or
g/2000/svg"[39m
              [36m>[39m
                
[36m<path[39m
                  
[33md[39m=[32m"M22 
12h-2.48a2 2 0 0 0-1.93 
1.46l-2.35 8.36a.25.25 0 0 
1-.48 0L9.24 2.18a.25.25 0 
0 0-.48 0l-2.35 8.36A2 2 0 
0 1 4.49 12H2"[39m
                
[36m/>[39m
              
[36m</svg>[39m
            
[36m</div>[39m
            [36m<span[39m
              [33mclass[3
9m=[32m"text-xs font-bold 
text-ai-subtext 
uppercase"[39m
            [36m>[39m
              
[0mAtivos[0m
            
[36m</span>[39m
          [36m</div>[39m
          [36m<div[39m
            [33mclass[39m
=[32m"text-2xl font-mono 
font-bold 
text-ai-text"[39m
          [36m>[39m
            [0m2[0m
          [36m</div>[39m
          [36m<div[39m
            [33mclass[39m
=[32m"text-xs 
text-ai-subtext 
font-medium mt-1"[39m
          [36m>[39m
            [0mUsu├írios 
ativos[0m
          [36m</div>[39m
        [36m</div>[39m
      [36m</div>[39m
      [36m<div[39m
        [33mclass[39m=[3
2m"flex-1 bg-white 
rounded-xl border 
border-ai-border shadow-sm 
flex flex-col 
overflow-hidden"[39m
      [36m>[39m
        [36m<div[39m
          
[33mclass[39m=[32m"p-4 
border-b border-ai-border 
flex justify-between 
items-center"[39m
        [36m>[39m
          [36m<h2[39m
            [33mclass[39m
=[32m"text-sm font-bold 
text-ai-text"[39m
          [36m>[39m
            [0mBase de 
Usu├írios[0m
          [36m</h2>[39m
          [36m<div[39m
            [33mclass[39m
=[32m"relative w-64"[39m
          [36m>[39m
            [36m<svg[39m
              [33maria-hid
den[39m=[32m"true"[39m
              [33mclass[3
9m=[32m"lucide 
lucide-search absolute 
left-3 top-1/2 
-translate-y-1/2 
text-ai-subtext"[39m
              [33mfill[39
m=[32m"none"[39m
              [33mheight[
39m=[32m"14"[39m
              [33mstroke[
39m=[32m"currentColor"[39
m
              [33mstroke-l
inecap[39m=[32m"round"[3
9m
              [33mstroke-l
inejoin[39m=[32m"round"[
39m
              [33mstroke-w
idth[39m=[32m"2"[39m
              
[33mviewBox[39m=[32m"0 
0 24 24"[39m
              [33mwidth[3
9m=[32m"14"[39m
              [33mxmlns[3
9m=[32m"http://www.w3.org/
2000/svg"[39m
            [36m>[39m
              
[36m<path[39m
                
[33md[39m=[32m"m21 
21-4.34-4.34"[39m
              [36m/>[39m
              
[36m<circle[39m
                
[33mcx[39m=[32m"11"[39m
                
[33mcy[39m=[32m"11"[39m
                
[33mr[39m=[32m"8"[39m
              [36m/>[39m
            
[36m</svg>[39m
            
[36m<input[39m
              [33mclass[3
9m=[32m"w-full pl-9 pr-3 
py-1.5 text-xs border 
border-ai-border 
rounded-md bg-ai-surface 
focus:outline-none 
focus:border-ai-text 
transition-colors"[39m
              [33mplacehol
der[39m=[32m"Buscar 
usu├írio..."[39m
              [33mtype[39
m=[32m"text"[39m
              [33mvalue[3
9m=[32m""[39m
            [36m/>[39m
          [36m</div>[39m
        [36m</div>[39m
        [36m<div[39m
          [33mclass[39m=
[32m"flex-1 
overflow-auto"[39m
        [36m>[39m
          [36m<table[39m
            [33mclass[39m
=[32m"w-full text-left 
border-collapse"[39m
          [36m>[39m
            
[36m<thead[39m
              [33mclass[3
9m=[32m"bg-ai-surface 
sticky top-0 z-10"[39m
            ...

Ignored nodes: comments, 
script, style
[36m<html>[39m
  [36m<head />[39m
  [36m<body>[39m
    [36m<div>[39m
      [36m<div[39m
        [33mclass[39m=[3
2m"h-full flex flex-col 
gap-6 p-2"[39m
      [36m>[39m
        [36m<div[39m
          
[33mclass[39m=[32m"grid 
grid-cols-2 gap-4"[39m
        [36m>[39m
          [36m<div[39m
            [33mclass[39m
=[32m"bg-white p-4 
rounded-xl border 
border-ai-border 
shadow-sm"[39m
          [36m>[39m
            [36m<div[39m
              
[33mclass[39m=[32m"flex 
items-center gap-3 
mb-2"[39m
            [36m>[39m
              
[36m<div[39m
                
[33mclass[39m=[32m"p-2 
bg-blue-50 text-blue-600 
rounded-lg"[39m
              [36m>[39m
                
[36m<svg[39m
                  [33maria
-hidden[39m=[32m"true"[3
9m
                  [33mclas
s[39m=[32m"lucide 
lucide-users"[39m
                  [33mfill
[39m=[32m"none"[39m
                  [33mheig
ht[39m=[32m"18"[39m
                  [33mstro
ke[39m=[32m"currentColor"
[39m
                  [33mstro
ke-linecap[39m=[32m"round
"[39m
                  [33mstro
ke-linejoin[39m=[32m"roun
d"[39m
                  [33mstro
ke-width[39m=[32m"2"[39m
                  
[33mviewBox[39m=[32m"0 
0 24 24"[39m
                  [33mwidt
h[39m=[32m"18"[39m
                  [33mxmln
s[39m=[32m"http://www.w3.
org/2000/svg"[39m
                [36m>[39m
                  
[36m<path[39m
                    
[33md[39m=[32m"M16 
21v-2a4 4 0 0 0-4-4H6a4 4 
0 0 0-4 4v2"[39m
                  
[36m/>[39m
                  
[36m<path[39m
                    
[33md[39m=[32m"M16 
3.128a4 4 0 0 1 0 
7.744"[39m
                  
[36m/>[39m
                  
[36m<path[39m
                    
[33md[39m=[32m"M22 
21v-2a4 4 0 0 
0-3-3.87"[39m
                  
[36m/>[39m
                  
[36m<circle[39m
                    
[33mcx[39m=[32m"9"[39m
                    
[33mcy[39m=[32m"7"[39m
                    
[33mr[39m=[32m"4"[39m
                  
[36m/>[39m
                
[36m</svg>[39m
              
[36m</div>[39m
              
[36m<span[39m
                [33mclass
[39m=[32m"text-xs 
font-bold text-ai-subtext 
uppercase"[39m
              [36m>[39m
                [0mTotal 
Usu├írios[0m
              
[36m</span>[39m
            
[36m</div>[39m
            [36m<div[39m
              [33mclass[3
9m=[32m"text-2xl 
font-mono font-bold 
text-ai-text"[39m
            [36m>[39m
              [0m3[0m
            
[36m</div>[39m
            [36m<div[39m
              [33mclass[3
9m=[32m"text-xs 
text-emerald-600 
font-medium mt-1"[39m
            [36m>[39m
              
[0mUsu├írios 
cadastrados[0m
            
[36m</div>[39m
          [36m</div>[39m
          [36m<div[39m
            [33mclass[39m
=[32m"bg-white p-4 
rounded-xl border 
border-ai-border 
shadow-sm"[39m
          [36m>[39m
            [36m<div[39m
              
[33mclass[39m=[32m"flex 
items-center gap-3 
mb-2"[39m
            [36m>[39m
              
[36m<div[39m
                
[33mclass[39m=[32m"p-2 
bg-emerald-50 
text-emerald-600 
rounded-lg"[39m
              [36m>[39m
                
[36m<svg[39m
                  [33maria
-hidden[39m=[32m"true"[3
9m
                  [33mclas
s[39m=[32m"lucide 
lucide-activity"[39m
                  [33mfill
[39m=[32m"none"[39m
                  [33mheig
ht[39m=[32m"18"[39m
                  [33mstro
ke[39m=[32m"currentColor"
[39m
                  [33mstro
ke-linecap[39m=[32m"round
"[39m
                  [33mstro
ke-linejoin[39m=[32m"roun
d"[39m
                  [33mstro
ke-width[39m=[32m"2"[39m
                  
[33mviewBox[39m=[32m"0 
0 24 24"[39m
                  [33mwidt
h[39m=[32m"18"[39m
                  [33mxmln
s[39m=[32m"http://www.w3.
org/2000/svg"[39m
                [36m>[39m
                  
[36m<path[39m
                    
[33md[39m=[32m"M22 
12h-2.48a2 2 0 0 0-1.93 
1.46l-2.35 8.36a.25.25 0 0 
1-.48 0L9.24 2.18a.25.25 0 
0 0-.48 0l-2.35 8.36A2 2 0 
0 1 4.49 12H2"[39m
                  
[36m/>[39m
                
[36m</svg>[39m
              
[36m</div>[39m
              
[36m<span[39m
                [33mclass
[39m=[32m"text-xs 
font-bold text-ai-subtext 
uppercase"[39m
              [36m>[39m
                
[0mAtivos[0m
              
[36m</span>[39m
            
[36m</div>[39m
            [36m<div[39m
              [33mclass[3
9m=[32m"text-2xl 
font-mono font-bold 
text-ai-text"[39m
            [36m>[39m
              [0m2[0m
            
[36m</div>[39m
            [36m<div[39m
              [33mclass[3
9m=[32m"text-xs 
text-ai-subtext 
font-medium mt-1"[39m
            [36m>[39m
              
[0mUsu├írios ativos[0m
            
[36m</div>[39m
          [36m</div>[39m
        [36m</div>[39m
        [36m<div[39m
          [33mclass[39m=
[32m"flex-1 bg-white 
rounded-xl border 
border-ai-border shadow-sm 
flex flex-col 
overflow-hidden"[39m
        [36m>[39m
          [36m<div[39m
            
[33mclass[39m=[32m"p-4 
border-b border-ai-border 
flex justify-between 
items-center"[39m
          [36m>[39m
            [36m<h2[39m
              [33mclass[3
9m=[32m"text-sm font-bold 
text-ai-text"[39m
            [36m>[39m
              [0mBase de 
Usu├írios[0m
            [36m</h2>[39m
            [36m<div[39m
              [33mclass[3
9m=[32m"relative 
w-64"[39m
            [36m>[39m
              
[36m<svg[39m
                [33maria-h
idden[39m=[32m"true"[39m
                [33mclass
[39m=[32m"lucide 
lucide-search absolute 
left-3 top-1/2 
-translate-y-1/2 
text-ai-subtext"[39m
                [33mfill[
39m=[32m"none"[39m
                [33mheight
[39m=[32m"14"[39m
                [33mstroke
[39m=[32m"currentColor"[
39m
                [33mstroke
-linecap[39m=[32m"round"
[39m
                [33mstroke
-linejoin[39m=[32m"round"
[39m
                [33mstroke
-width[39m=[32m"2"[39m
                
[33mviewBox[39m=[32m"0 
0 24 24"[39m
                [33mwidth
[39m=[32m"14"[39m
                [33mxmlns
[39m=[32m"http://www.w3.or
g/2000/svg"[39m
              [36m>[39m
                
[36m<path[39m
                  
[33md[39m=[32m"m21 
21-4.34-4.34"[39m
                
[36m/>[39m
                
[36m<circle[39m
                  
[33mcx[39m=[32m"11"[39m
                  
[33mcy[39m=[32m"11"[39m
                  
[33mr[39m=[32m"8"[39m
                
[36m/>[39m
              
[36m</svg>[39m
              
[36m<input[39m
                [33mclass
[39m=[32m"w-full pl-9 
pr-3 py-1.5 text-xs border 
border-ai-border 
rounded-md bg-ai-surface 
focus:outline-none 
focus:border-ai-text 
transition-colors"[39m
                [33mplaceh
older[39m=[32m"Buscar 
usu├írio..."[39m
                [33mtype[
39m=[32m"text"[39m
                [33mvalue
[39m=[32m""[39m
              [36m/>[39m
            
[36m</div>[39m
          
[36m</div>[39...
[90m [2mΓ¥»[22m 
Proxy.waitForWrapper node_m
odules/@testing-library/dom
/dist/wait-for.js:[2m163:2
7[22m[39m
[36m [2mΓ¥»[22m src/test
/agents/AdminDashboard.test
.tsx:[2m347:13[22m[39m
    [90m345| [39m      [
34mrender[39m([33m<[39m
[33mAdminDashboard[39m [3
3m/[39m[33m>[39m)[33m;
[39m
    [90m346| [39m
    [90m347| [39m      
[35mawait[39m 
[34mwaitFor[39m(() 
[33m=>[39m {
    [90m   | [39m        
    [31m^[39m
    [90m348| [39m        
const mrrCard = 
screen.getByText(/receita 
\(mrr\)/i).closest('ΓÇª
    [90m349| [39m        
[90m// client-1: pro (97) 
+ client-2: enterprise 
(299) = 396[39m

[31m[2mΓÄ»ΓÄ»ΓÄ»ΓÄ»ΓÄ»ΓÄ»
ΓÄ»ΓÄ»ΓÄ»ΓÄ»ΓÄ»ΓÄ»ΓÄ»ΓÄ»ΓÄ»
ΓÄ»ΓÄ»ΓÄ»ΓÄ»ΓÄ»ΓÄ»ΓÄ»[11/18
]ΓÄ»[22m[39m

[41m[1m FAIL [22m[49m s
rc/test/agents/AdminDashboa
rd.test.tsx[2m > 
[22mAdminDashboard 
Component[2m > 
[22mStatistics 
Calculation[2m > 
[22mshould handle zero 
MRR for basic plans
[31m[1mTestingLibraryElem
entError[22m[39m: Unable 
to find an element with 
the text: /receita 
\(mrr\)/i. This could be 
because the text is broken 
up by multiple elements. 
In this case, you can 
provide a function for 
your text matcher to make 
your matcher more flexible.

Ignored nodes: comments, 
script, style
[36m<body>[39m
  [36m<div>[39m
    [36m<div[39m
      [33mclass[39m=[32m
"h-full flex flex-col 
gap-6 p-2"[39m
    [36m>[39m
      [36m<div[39m
        
[33mclass[39m=[32m"grid 
grid-cols-2 gap-4"[39m
      [36m>[39m
        [36m<div[39m
          [33mclass[39m=
[32m"bg-white p-4 
rounded-xl border 
border-ai-border 
shadow-sm"[39m
        [36m>[39m
          [36m<div[39m
            
[33mclass[39m=[32m"flex 
items-center gap-3 
mb-2"[39m
          [36m>[39m
            [36m<div[39m
              
[33mclass[39m=[32m"p-2 
bg-blue-50 text-blue-600 
rounded-lg"[39m
            [36m>[39m
              
[36m<svg[39m
                [33maria-h
idden[39m=[32m"true"[39m
                [33mclass
[39m=[32m"lucide 
lucide-users"[39m
                [33mfill[
39m=[32m"none"[39m
                [33mheight
[39m=[32m"18"[39m
                [33mstroke
[39m=[32m"currentColor"[
39m
                [33mstroke
-linecap[39m=[32m"round"
[39m
                [33mstroke
-linejoin[39m=[32m"round"
[39m
                [33mstroke
-width[39m=[32m"2"[39m
                
[33mviewBox[39m=[32m"0 
0 24 24"[39m
                [33mwidth
[39m=[32m"18"[39m
                [33mxmlns
[39m=[32m"http://www.w3.or
g/2000/svg"[39m
              [36m>[39m
                
[36m<path[39m
                  
[33md[39m=[32m"M16 
21v-2a4 4 0 0 0-4-4H6a4 4 
0 0 0-4 4v2"[39m
                
[36m/>[39m
                
[36m<path[39m
                  
[33md[39m=[32m"M16 
3.128a4 4 0 0 1 0 
7.744"[39m
                
[36m/>[39m
                
[36m<path[39m
                  
[33md[39m=[32m"M22 
21v-2a4 4 0 0 
0-3-3.87"[39m
                
[36m/>[39m
                
[36m<circle[39m
                  
[33mcx[39m=[32m"9"[39m
                  
[33mcy[39m=[32m"7"[39m
                  
[33mr[39m=[32m"4"[39m
                
[36m/>[39m
              
[36m</svg>[39m
            
[36m</div>[39m
            [36m<span[39m
              [33mclass[3
9m=[32m"text-xs font-bold 
text-ai-subtext 
uppercase"[39m
            [36m>[39m
              [0mTotal 
Usu├írios[0m
            
[36m</span>[39m
          [36m</div>[39m
          [36m<div[39m
            [33mclass[39m
=[32m"text-2xl font-mono 
font-bold 
text-ai-text"[39m
          [36m>[39m
            [0m1[0m
          [36m</div>[39m
          [36m<div[39m
            [33mclass[39m
=[32m"text-xs 
text-emerald-600 
font-medium mt-1"[39m
          [36m>[39m
            [0mUsu├írios 
cadastrados[0m
          [36m</div>[39m
        [36m</div>[39m
        [36m<div[39m
          [33mclass[39m=
[32m"bg-white p-4 
rounded-xl border 
border-ai-border 
shadow-sm"[39m
        [36m>[39m
          [36m<div[39m
            
[33mclass[39m=[32m"flex 
items-center gap-3 
mb-2"[39m
          [36m>[39m
            [36m<div[39m
              
[33mclass[39m=[32m"p-2 
bg-emerald-50 
text-emerald-600 
rounded-lg"[39m
            [36m>[39m
              
[36m<svg[39m
                [33maria-h
idden[39m=[32m"true"[39m
                [33mclass
[39m=[32m"lucide 
lucide-activity"[39m
                [33mfill[
39m=[32m"none"[39m
                [33mheight
[39m=[32m"18"[39m
                [33mstroke
[39m=[32m"currentColor"[
39m
                [33mstroke
-linecap[39m=[32m"round"
[39m
                [33mstroke
-linejoin[39m=[32m"round"
[39m
                [33mstroke
-width[39m=[32m"2"[39m
                
[33mviewBox[39m=[32m"0 
0 24 24"[39m
                [33mwidth
[39m=[32m"18"[39m
                [33mxmlns
[39m=[32m"http://www.w3.or
g/2000/svg"[39m
              [36m>[39m
                
[36m<path[39m
                  
[33md[39m=[32m"M22 
12h-2.48a2 2 0 0 0-1.93 
1.46l-2.35 8.36a.25.25 0 0 
1-.48 0L9.24 2.18a.25.25 0 
0 0-.48 0l-2.35 8.36A2 2 0 
0 1 4.49 12H2"[39m
                
[36m/>[39m
              
[36m</svg>[39m
            
[36m</div>[39m
            [36m<span[39m
              [33mclass[3
9m=[32m"text-xs font-bold 
text-ai-subtext 
uppercase"[39m
            [36m>[39m
              
[0mAtivos[0m
            
[36m</span>[39m
          [36m</div>[39m
          [36m<div[39m
            [33mclass[39m
=[32m"text-2xl font-mono 
font-bold 
text-ai-text"[39m
          [36m>[39m
            [0m1[0m
          [36m</div>[39m
          [36m<div[39m
            [33mclass[39m
=[32m"text-xs 
text-ai-subtext 
font-medium mt-1"[39m
          [36m>[39m
            [0mUsu├írios 
ativos[0m
          [36m</div>[39m
        [36m</div>[39m
      [36m</div>[39m
      [36m<div[39m
        [33mclass[39m=[3
2m"flex-1 bg-white 
rounded-xl border 
border-ai-border shadow-sm 
flex flex-col 
overflow-hidden"[39m
      [36m>[39m
        [36m<div[39m
          
[33mclass[39m=[32m"p-4 
border-b border-ai-border 
flex justify-between 
items-center"[39m
        [36m>[39m
          [36m<h2[39m
            [33mclass[39m
=[32m"text-sm font-bold 
text-ai-text"[39m
          [36m>[39m
            [0mBase de 
Usu├írios[0m
          [36m</h2>[39m
          [36m<div[39m
            [33mclass[39m
=[32m"relative w-64"[39m
          [36m>[39m
            [36m<svg[39m
              [33maria-hid
den[39m=[32m"true"[39m
              [33mclass[3
9m=[32m"lucide 
lucide-search absolute 
left-3 top-1/2 
-translate-y-1/2 
text-ai-subtext"[39m
              [33mfill[39
m=[32m"none"[39m
              [33mheight[
39m=[32m"14"[39m
              [33mstroke[
39m=[32m"currentColor"[39
m
              [33mstroke-l
inecap[39m=[32m"round"[3
9m
              [33mstroke-l
inejoin[39m=[32m"round"[
39m
              [33mstroke-w
idth[39m=[32m"2"[39m
              
[33mviewBox[39m=[32m"0 
0 24 24"[39m
              [33mwidth[3
9m=[32m"14"[39m
              [33mxmlns[3
9m=[32m"http://www.w3.org/
2000/svg"[39m
            [36m>[39m
              
[36m<path[39m
                
[33md[39m=[32m"m21 
21-4.34-4.34"[39m
              [36m/>[39m
              
[36m<circle[39m
                
[33mcx[39m=[32m"11"[39m
                
[33mcy[39m=[32m"11"[39m
                
[33mr[39m=[32m"8"[39m
              [36m/>[39m
            
[36m</svg>[39m
            
[36m<input[39m
              [33mclass[3
9m=[32m"w-full pl-9 pr-3 
py-1.5 text-xs border 
border-ai-border 
rounded-md bg-ai-surface 
focus:outline-none 
focus:border-ai-text 
transition-colors"[39m
              [33mplacehol
der[39m=[32m"Buscar 
usu├írio..."[39m
              [33mtype[39
m=[32m"text"[39m
              [33mvalue[3
9m=[32m""[39m
            [36m/>[39m
          [36m</div>[39m
        [36m</div>[39m
        [36m<div[39m
          [33mclass[39m=
[32m"flex-1 
overflow-auto"[39m
        [36m>[39m
          [36m<table[39m
            [33mclass[39m
=[32m"w-full text-left 
border-collapse"[39m
          [36m>[39m
            
[36m<thead[39m
              [33mclass[3
9m=[32m"bg-ai-surface 
sticky top-0 z-10"[39m
            [36m>[39m
              
[36m<tr>[39m
                
[36m<th[39m
                  
[33mclass[39m=[32m"px-6 
py-3 text-[10px] font-bold 
text-ai-subtext uppercase 
tracking-wider border-b 
border-ai-border"[39m
                [36m>[39m
                  
[0mUsu├írio[0m
                
[36m</th>[39m
                
[36m<th[39m
                  
[33mclass[39m=[32m"px-6 
py-3 text-[10px] font-bold 
text-ai-subtext uppercase 
tracking-wider border-b 
border-ai-border"[39m
                [36m>[39m
                  
[0mQualifica├º├úo[0m
                
[36m</th>[39m
                
[36m<th[39m
                  
[33mclass[39m=[32m"px-6 
py-3 text-[10px] font-bold 
text-ai-subtext uppercase 
tracking-wider border-b 
border-ai-border"[39m
                [36m>[39m
                  
[0mStatus[0m
                
[36m</th>[39m
                
[36m<th[39m
                  
[33mclass[39m=[32m"px-6 
py-3 text-[10px] font-bold 
text-ai-subtext uppercase 
tracking-wider border-b 
border-ai-border"[39m
                [36m>[39m
                  
[0m├Ültimo Acesso[0m
                
[36m</th>[39m
                
[36m<th[39m
                  
[33mclass[39m=[32m"px-6 
py-3 text-[10px] font-bold 
text-ai-subtext uppercase 
tracking-wider border-b 
border-ai-border 
text-right"[39m
                [36m>[39m
                  
[0mA├º├╡es[0m
                
[36m</th>[39m
              
[36m</tr>[39m
            
[36m</thead>[39m
            
[36m<tbody[39m
              [33mclass[3
9m=[32m"divide-y 
divide-ai-border"[39m
            [36m>[39m
              [36m<tr[39m
                [33mclass
[39m=[32m"hover:bg-ai-surf
ace/50 
transition-colors"[39m
              [36m>[39m
                
[36m<td[39m
                  
[33mclass[39m=[32m"px-6 
py-4"[39m
                [36m>[39m
                  
[36m<div[39m
                    
[33mclass[39m=[32m"flex 
items-center"[39m
                  
[36m>[39m
                    
[36m<div[39m
                      
[33mclass[39m=[32m"h-8 
w-8 rounded-full 
bg-ai-text text-white flex 
items-center 
justify-center text-xs 
font-bold mr-3"[39m
                    
[36m>[39m
                      
[0mC[0m
                    
[36m</div>[39m
                    
[36m<div>[39m
                      
[36m<div[39m
                        [3
3mclass[39m=[32m"text-sm 
font-medium 
text-ai-text"[39m
                      
[36m>[39m
                        
[0mClient One[0m
                      
[36m</div>[39m
                      
[36m<div[39m
                        [3
3mclass[39m=[32m"text-xs 
text-ai-subtext"[39m
                      
[36m>[39m
                        
[0mclient1@example.com[0m
                      
[36m</div>[39m
                    
[36m</div>[39m
                  
[36m</div>[39m
                
[36m</td>[39m
                
[36m<td[39m
                  
[33mclass[39m=[32m"px-6 
py-4"[39m
                [36m>[39m
                  
[36m<span[39m
                    
[33mclass[39m=[32m"px-2 
py-1 rounded text-xs 
bg-gray-100 
text-gray-700"[39m
                  
[36m>[39m
                    
[0mVisitante[0m
                  
[36m</span>[39m
                
[36m</td>[39m
                
[36m<td[39m
                  
[33mclass[39m=[32m"px-6 
py-4"[39m
                [36m>[39m
                  
[36m<div[39m
                    
[33mclass[39m=[32m"flex 
items-center"[39m
                  
[36m>[39m
                    
[36m<svg[39m
                      [33m
aria-hidden[39m=[32m"true
"[39m
                      [33m
class[39m=[32m"lucide 
lucide-circle-check 
text-emerald-500 
mr-1.5"[39m
                      [33m
fill[39m=[32m"none"[39m
                      [33m
height[39m=[32m"14"[39m
                      [33m
stroke[39m=[32m"currentCo
lor"[39m
                      [33m
stroke-linecap[39m=[32m"r
ound"[39m
                      [33m
stroke-linejoin[39m=[32m"
round"[39m
                      [33m
stroke-width[39m=[32m"2"
[39m
                      
[33mviewBox[39m=[32m"0 
0 24 24"[39m
                      [33m
width[39m=[32m"14"[39m
                      [33m
xmlns[39m=[32m"http://www
.w3.org/2000/svg"[39m
                    
[36m>[39m
                      
[36m<circle[39m
                        
[33mcx[39m=[32m"12"[39m
                        
[33mcy[39m=[32m"12"[39m
                        
[33mr[39m=[32m"10"[39m
                      
[36m/>[39m
                      
[36m<path[39m
                        
[33md[39m=[32m"m9 12 2 
2 4-4"[39m
                      
[36m/>[39m
                    
[36m</svg>[39m
                    
[36m<span[39m
                      [33m
class[39m=[32m"text-xs 
text-emerald-700"[39m
                    
[36m>[39m
                      
[0mAtivo[0m
                    
[36m</span>[39m
                  
[36m</div>[39m
                
[36m</td>[39m
                
[36m<td[39m
                  
[33mclass[39m=[32m"px-6 
py-4 text-xs 
text-ai-subtext"[39m
                [36m>[39m
                  
[0mNunca[0m
                
[36m</td>[39m
                
[36m<td[39m
                  
[33mclass[39m=[32m"px-6 
py-4 text-right"[39m
                [36m>[39m
                  
[36m<div[39m
                    [33mcl
ass[39m=[32m"relative 
inline-block"[39m
                  
[36m>[39m
                    
[36m<button[39m
                      [33m
class[39m=[32m"text-ai-su
btext hover:text-ai-text 
p-1 rounded 
hover:bg-ai-border/50 
transition-colors"[39m
                    
[36m>[39m
                      
[36m<svg[39m
                        [3
3maria-hidden[39m=[32m"tr
ue"[39m
                        [3
3mclass[39m=[32m"lucide 
lucide-ellipsis"[39m
                        [3
3mfill[39m=[32m"none"[39
m
                        [3
3mheight[39m=[32m"16"[39
m
                        [3
3mstroke[39m=[32m"current
Color"[39m
                        [3
3mstroke-linecap[39m=[32m
"round"[39m
                        [3
3mstroke-linejoin[39m=[32
m"round"[39m
                        [3
3mstroke-width[39m=[32m"2
"[39m
                        
[33mviewBox[39m=[32m"0 
0 24 24"[39m
                        [3
3mwidth[39m=[32m"16"[39m
                        [3
3mxmlns[39m=[32m"http://w
ww.w3.org/2000/svg"[39m
                      
[36m>[39m
                        
[36m<circle[39m
                          
[33mcx[39m=[32m"12"[39m
                          
[33mcy[39m=[32m"12"[39m
                          
[33mr[39m=[32m"1"[39m
                        
[36m/>[39m
                        
[36m<circle[39m
                          
[33mcx[39m=[32m"19"[39m
                          
[33mcy[39m=[32m"12"[39m
                          
[33mr[39m=[32m"1"[39m
                        
[36m/>[39m
                        
[36m<circle[39m
                          
[33mcx[39m=[32m"5"[39m
                          
[33mcy[39m=[32m"12"[39m
                          
[33mr[39m=[32m"1"[39m
                        
[36m/>[39m
                      
[36m</svg>[39m
                    
[36m</button>[39m
                  
[36m</div>[39m
                
[36m</td>[39m
              
[36m</tr>[39m
            
[36m</tbody>[39m
          
[36m</table>[39m
        [36m</div>[39m
        [36m<div[39m
          
[33mclass[39m=[32m"p-3 
border-t border-ai-border 
bg-ai-surface/30 text-xs 
text-ai-subtext 
text-center"[39m
        [36m>[39m
          [0mMostrando 
[0m
          [0m1[0m
          [0m de [0m
          [0m1[0m
          [0m 
usu├írios[0m
        [36m</div>[39m
      [36m</div>[39m
    [36m</div>[39m
  [36m</div>[39m
[36m</body>[39m

Ignored nodes: comments, 
script, style
[36m<html>[39m
  [36m<head />[39m
  [36m<body>[39m
    [36m<div>[39m
      [36m<div[39m
        [33mclass[39m=[3
2m"h-full flex flex-col 
gap-6 p-2"[39m
      [36m>[39m
        [36m<div[39m
          
[33mclass[39m=[32m"grid 
grid-cols-2 gap-4"[39m
        [36m>[39m
          [36m<div[39m
            [33mclass[39m
=[32m"bg-white p-4 
rounded-xl border 
border-ai-border 
shadow-sm"[39m
          [36m>[39m
            [36m<div[39m
              
[33mclass[39m=[32m"flex 
items-center gap-3 
mb-2"[39m
            [36m>[39m
              
[36m<div[39m
                
[33mclass[39m=[32m"p-2 
bg-blue-50 text-blue-600 
rounded-lg"[39m
              [36m>[39m
                
[36m<svg[39m
                  [33maria
-hidden[39m=[32m"true"[3
9m
                  [33mclas
s[39m=[32m"lucide 
lucide-users"[39m
                  [33mfill
[39m=[32m"none"[39m
                  [33mheig
ht[39m=[32m"18"[39m
                  [33mstro
ke[39m=[32m"currentColor"
[39m
                  [33mstro
ke-linecap[39m=[32m"round
"[39m
                  [33mstro
ke-linejoin[39m=[32m"roun
d"[39m
                  [33mstro
ke-width[39m=[32m"2"[39m
                  
[33mviewBox[39m=[32m"0 
0 24 24"[39m
                  [33mwidt
h[39m=[32m"18"[39m
                  [33mxmln
s[39m=[32m"http://www.w3.
org/2000/svg"[39m
                [36m>[39m
                  
[36m<path[39m
                    
[33md[39m=[32m"M16 
21v-2a4 4 0 0 0-4-4H6a4 4 
0 0 0-4 4v2"[39m
                  
[36m/>[39m
                  
[36m<path[39m
                    
[33md[39m=[32m"M16 
3.128a4 4 0 0 1 0 
7.744"[39m
                  
[36m/>[39m
                  
[36m<path[39m
                    
[33md[39m=[32m"M22 
21v-2a4 4 0 0 
0-3-3.87"[39m
                  
[36m/>[39m
                  
[36m<circle[39m
                    
[33mcx[39m=[32m"9"[39m
                    
[33mcy[39m=[32m"7"[39m
                    
[33mr[39m=[32m"4"[39m
                  
[36m/>[39m
                
[36m</svg>[39m
              
[36m</div>[39m
              
[36m<span[39m
                [33mclass
[39m=[32m"text-xs 
font-bold text-ai-subtext 
uppercase"[39m
              [36m>[39m
                [0mTotal 
Usu├írios[0m
              
[36m</span>[39m
            
[36m</div>[39m
            [36m<div[39m
              [33mclass[3
9m=[32m"text-2xl 
font-mono font-bold 
text-ai-text"[39m
            [36m>[39m
              [0m1[0m
            
[36m</div>[39m
            [36m<div[39m
              [33mclass[3
9m=[32m"text-xs 
text-emerald-600 
font-medium mt-1"[39m
            [36m>[39m
              
[0mUsu├írios 
cadastrados[0m
            
[36m</div>[39m
          [36m</div>[39m
          [36m<div[39m
            [33mclass[39m
=[32m"bg-white p-4 
rounded-xl border 
border-ai-border 
shadow-sm"[39m
          [36m>[39m
            [36m<div[39m
              
[33mclass[39m=[32m"flex 
items-center gap-3 
mb-2"[39m
            [36m>[39m
              
[36m<div[39m
                
[33mclass[39m=[32m"p-2 
bg-emerald-50 
text-emerald-600 
rounded-lg"[39m
              [36m>[39m
                
[36m<svg[39m
                  [33maria
-hidden[39m=[32m"true"[3
9m
                  [33mclas
s[39m=[32m"lucide 
lucide-activity"[39m
                  [33mfill
[39m=[32m"none"[39m
                  [33mheig
ht[39m=[32m"18"[39m
                  [33mstro
ke[39m=[32m"currentColor"
[39m
                  [33mstro
ke-linecap[39m=[32m"round
"[39m
                  [33mstro
ke-linejoin[39m=[32m"roun
d"[39m
                  [33mstro
ke-width[39m=[32m"2"[39m
                  
[33mviewBox[39m=[32m"0 
0 24 24"[39m
                  [33mwidt
h[39m=[32m"18"[39m
                  [33mxmln
s[39m=[32m"http://www.w3.
org/2000/svg"[39m
                [36m>[39m
                  
[36m<path[39m
                    
[33md[39m=[32m"M22 
12h-2.48a2 2 0 0 0-1.93 
1.46l-2.35 8.36a.25.25 0 0 
1-.48 0L9.24 2.18a.25.25 0 
0 0-.48 0l-2.35 8.36A2 2 0 
0 1 4.49 12H2"[39m
                  
[36m/>[39m
                
[36m</svg>[39m
              
[36m</div>[39m
              
[36m<span[39m
                [33mclass
[39m=[32m"text-xs 
font-bold text-ai-subtext 
uppercase"[39m
              [36m>[39m
                
[0mAtivos[0m
              
[36m</span>[39m
            
[36m</div>[39m
            [36m<div[39m
              [33mclass[3
9m=[32m"text-2xl 
font-mono font-bold 
text-ai-text"[39m
            [36m>[39m
              [0m1[0m
            
[36m</div>[39m
            [36m<div[39m
              [33mclass[3
9m=[32m"text-xs 
text-ai-subtext 
font-medium mt-1"[39m
            [36m>[39m
              
[0mUsu├írios ativos[0m
            
[36m</div>[39m
          [36m</div>[39m
        [36m</div>[39m
        [36m<div[39m
          [33mclass[39m=
[32m"flex-1 bg-white 
rounded-xl border 
border-ai-border shadow-sm 
flex flex-col 
overflow-hidden"[39m
        [36m>[39m
          [36m<div[39m
            
[33mclass[39m=[32m"p-4 
border-b border-ai-border 
flex justify-between 
items-center"[39m
          [36m>[39m
            [36m<h2[39m
              [33mclass[3
9m=[32m"text-sm font-bold 
text-ai-text"[39m
            [36m>[39m
              [0mBase de 
Usu├írios[0m
            [36m</h2>[39m
            [36m<div[39m
              [33mclass[3
9m=[32m"relative 
w-64"[39m
            [36m>[39m
              
[36m<svg[39m
                [33maria-h
idden[39m=[32m"true"[39m
                [33mclass
[39m=[32m"lucide 
lucide-search absolute 
left-3 top-1/2 
-translate-y-1/2 
text-ai-subtext"[39m
                [33mfill[
39m=[32m"none"[39m
                [33mheight
[39m=[32m"14"[39m
                [33mstroke
[39m=[32m"currentColor"[
39m
                [33mstroke
-linecap[39m=[32m"round"
[39m
                [33mstroke
-linejoin[39m=[32m"round"
[39m
                [33mstroke
-width[39m=[32m"2"[39m
                
[33mviewBox[39m=[32m"0 
0 24 24"[39m
                [33mwidth
[39m=[32m"14"[39m
                [33mxmlns
[39m=[32m"http://www.w3.or
g/2000/svg"[39m
              [36m>[39m
                
[36m<path[39m
                  
[33md[39m=[32m"m21 
21-4.34-4.34"[39m
                
[36m/>[39m
                
[36m<circle[39m
                  
[33mcx[39m=[32m"11"[39m
                  
[33mcy[39m=[32m"11"[39m
                  
[33mr[39m=[32m"8"[39m
                
[36m/>[39m
              
[36m</svg>[39m
              
[36m<input[39m
                [33mclass
[39m=[32m"w-full pl-9 
pr-3 py-1.5 text-xs border 
border-ai-border 
rounded-md bg-ai-surface 
focus:outline-none 
focus:border-ai-text 
transition-colors"[39m
                [33mplaceh
older[39m=[32m"Buscar 
usu├írio..."[39m
                [33mtype[
39m=[32m"text"[39m
                [33mvalue
[39m=[32m""[39m
              [36m/>[39m
            
[36m</div>[39m
          [36m</div>[39m
          [36m<div[39m
            [33mclass[39m
=[32m"flex-1 
overflow-auto"[39m
          [36m>[39m
            
[36m<table[39m
              [33mclass[3
9m=[32m"w-full text-left 
border-collapse"[39m
            [36m>[39m
              
[36m<thead[39m
                [33mclass
[39m=[32m"bg-ai-surface 
sticky top-0 z-10"[39m
              [36m>[39m
                
[36m<tr>[39m
                  
[36m<th[39m
                    
[33mclass[39m=[32m"px-6 
py-3 text-[10px] font-bold 
text-ai-subtext uppercase 
tracking-wider border-b 
border-ai-border"[39m
                  
[36m>[39m
                    
[0mUsu├írio[0m
                  
[36m</th>[39m
                  
[36m<th[39m
                    
[33mclass[39m=[32m"px-6 
py-3 text-[10px] font-bold 
text-ai-subtext uppercase 
tracking-wider border-b 
border-ai-border"[39m
                  
[36m>[39m
                    
[0mQualifica├º├úo[0m
                  
[36m</th>[39m
                  
[36m<th[39m
                    
[33mclass[39m=[32m"px-6 
py-3 text-[10px] font-bold 
text-ai-subtext uppercase 
tracking-wider border-b 
border-ai-border"[39m
                  
[36m>[39m
                    
[0mStatus[0m
                  
[36m</th>[39m
                  
[36m<th[39m
                    
[33mclass[39m=[32m"px-6 
py-3 text-[10px] font-bold 
text-ai-subtext uppercase 
tracking-wider border-b 
border-ai-border"[39m
                  
[36m>[39m
                    
[0m├Ültimo Acesso[0m
                  
[36m</th>[39m
                  
[36m<th[39m
                    
[33mclass[39m=[32m"px-6 
py-3 text-[10px] font-bold 
text-ai-subtext uppercase 
tracking-wider border-b 
border-ai-border 
text-right"[39m
                  
[36m>[39m
                    
[0mA├º├╡es[0m
                  
[36m</th>[39m
                
[36m</tr>[39m
              
[36m</thead>[39m
              
[36m<tbody[39m
                [33mclass
[39m=[32m"divide-y 
divide-ai-border"[39m
              [36m>[39m
                
[36m<tr[39m
                  [33mclas
s[39m=[32m"hover:bg-ai-su
rface/50 
transition-colors"[39m
                [36m>[39m
                  
[36m<td[39m
                    
[33mclass[39m=[32m"px-6 
py-4"[39m
                  
[36m>[39m
                    
[36m<div[39m
                      
[33mclass[39m=[32m"flex 
items-center"[39m
                    
[36m>[39m
                      
[36m<div[39m
                        
[33mclass[39m=[32m"h-8 
w-8 rounded-full 
bg-ai-text text-white flex 
items-center 
justify-center text-xs 
font-bold mr-3"[39m
                      
[36m>[39m
                        
[0mC[0m
                      
[36m</div>[39m
                      
[36m<div>[39m
                        
[36m<div[39m
                          
[33mclass[39m=[32m"text-s
m font-medium 
text-ai-text"[39m
                        
[36m>[39m
                          
[0mClient One[0m
                        
[36m</div>[39m
                        
[36m<div[39m
                          
[33mclass[39m=[32m"text-x
s text-ai-subtext"[39m
                        
[36m>[39m
                          
[0mclient1@example.com[0m
                        
[36m</div>[39m
                      
[36m</div>[39m
                    
[36m</div>[39m
                  
[36m</td>[39m
                  
[36m<td[39m
                    
[33mclass[39m=[32m"px-6 
py-4"[39m
                  
[36m>[39m
                    
[36m<span[39m
                      
[33mclass[39m=[32m"px-2 
py-1 rounded text-xs 
bg-gray-100 
text-gray-700"[39m
                    
[36m>[39m
                      
[0mVisitante[0m
                    
[36m</span>[39m
                  
[36m</td>[39m
                  
[36m<td[39m
                    
[33mclass[39m=[32m"px-6 
py-4"[39m
                  
[36m>[39m
                    
[36m<div[39m
                      
[33mclass[39m=[32m"flex 
items-center"[39m
                    
[36m>[39m
                      
[36m<svg[39m
                        [3
3maria-hidden[39m=[32m"tr
ue"[39m
                        [3
3mclass[39m=[32m"lucide 
lucide-circle-check 
text-emerald-500 
mr-1.5"[39m
                        [3
3mfill[39m=[32m"none"[39
m
                        [3
3mheight[39m=[32m"14"[39
m
                        [3
3mstroke[39m=[32m"current
Color"[39m
                        [3
3mstroke-linecap[39m=[32m
"round"[39m
                        [3
3mstroke-linejoin[39m=[32
m"round"[39m
                        [3
3mstroke-width[39m=[32m"2
"[39m
                        
[33mviewBox[39m=[32m"0 
0 24 24"[39m
                        [3
3mwidth[39m=[32m"14"[39m
                        [3
3mxmlns[39m=[32m"http://w
ww.w3.org/2000/svg"[39m
                      
[36m>[39m
                        
[36m<circle[39m
                          
[33mcx[39m=[32m"12"[39m
                          
[33mcy[39m=[32m"12"[39m
                          
[33mr[39m=[32m"10"[39m
                        
[36m/>[39m
                        
[36m<path[39m
                          
[33md[39m=[32m"m9 12 2 
2 4-4"[39m
                        
[36m/>[39m
                      
[36m</svg>[39m
                      
[36m<span[39m
                        [3
3mclass[39m=[32m"text-xs 
text-emerald-700"[39m
                      
[36m>[39m
                        
[0mAtivo[0m
                      
[36m</span>[39m
                    
[36m</div>[39m
                  
[36m</td>[39m
                  
[36m<td[39m
                    
[33mclass[39m=[32m"px-6 
py-4 text-xs 
text-ai-subtext"[39m
                  
[36m>[39m
                    
[0mNunca[0m
                  
[36m</td>[39m
                  
[36m<td[39m
                    
[33mclass[39m=[32m"px-6 
py-4 text-right"[39m
                  
[36m>[39m
                    
[36m<div[39m
                      [33m
class[39m=[32m"relative 
inline-block"[39m
                    
[36m>[39m
                      
[36m<button[39m
                        [3
3mclass[39m=[32m"text-ai-
subtext hover:text-ai-text 
p-1 rounded 
hover:bg-ai-border/50 
transition-colors"[39m
                      
[36m>[39m
                        
[36m<svg[39m
                          
[33maria-hidden[39m=[32m"
true"[39m
                          
[33mclass[39m=[32m"lucide
 lucide-ellipsis"[39m
                          
[33mfill[39m=[32m"none"[
39m
                          
[33mheight[39m=[32m"16"[
39m
                          
[33mstroke[39m=[32m"curre
ntColor"[39m
                          
[33mstroke-linecap[39m=[3
2m"round"[39m
                          
[33mstroke-linejoin[39m=[
32m"round"[39m
                          
[33mstroke-width[39m=[32m
"2"[39m
                          
[33mviewBox[39m=[32m"0 
0 24 24"[39m
                          
[33mwidth[39m=[32m"16"[3
9m
                          
[33mxmlns[39m=[32m"http:/
/www.w3.org/2000/svg"[39m
                        
[36m>[39m
                          
[36m<circle[39m
                           
 
[33mcx[39m=[32m"12"[39m
                           
 
[33mcy[39m=[32m"12"[39m
                           
 [33mr[39m=[32m"1"[39m
                          
[36m/>[39m
                          
[36m<circle[39m
                           
 
[33mcx[39m=[32m"19"[39m
                           
 
[33mcy[39m=[32m"12"[39m
                           
 [33mr[39m=[32m"1"[39m
                          
[36m/>[39m
                          
[36m<circle[39m
                           
 [33mcx[39m=[32m"5"[39m
                           
 
[33mcy[39m=[32m"12"[39m
                           
 [33mr[39m=[32m"1"[39m
                          
[36m/>[39m
                        
[36m</svg>[39m
                      
[36m</button>[39m
                    
[36m</div>[39m
                  
[36m</td>[39m
                
[36m</tr>[39m
              
[36m</tbody>[39m
            
[36m</table>[39m
          [36m</div>[39m
          [36m<div[39m
            
[33mclass[39m=[32m"p-3 
border-t border-ai-border 
bg-ai-surface/30 text-xs 
text-ai-subtext 
text-center"[39m
          [36m>[39m
            [0mMostrando 
[0m
            [0m1[0m
            [0m de [0m
            [0m1[0m
            [0m 
usu├írios[0m
          [36m</div>[39m
        [36m</div>[39m
      [36m</div>[39m
    [36m</div>[39m
  [36m</body>[39m
[36m</html>[39m
[90m [2mΓ¥»[22m 
Proxy.waitForWrapper node_m
odules/@testing-library/dom
/dist/wait-for.js:[2m163:2
7[22m[39m
[36m [2mΓ¥»[22m src/test
/agents/AdminDashboard.test
.tsx:[2m370:13[22m[39m
    [90m368| [39m      [
34mrender[39m([33m<[39m
[33mAdminDashboard[39m [3
3m/[39m[33m>[39m)[33m;
[39m
    [90m369| [39m
    [90m370| [39m      
[35mawait[39m 
[34mwaitFor[39m(() 
[33m=>[39m {
    [90m   | [39m        
    [31m^[39m
    [90m371| [39m        
const mrrCard = 
screen.getByText(/receita 
\(mrr\)/i).closest('ΓÇª
    [90m372| [39m        
[34mexpect[39m([34mwithi
n[39m(mrrCard[33m![39m)
[33m.[39m[34mgetByText[3
9m([36m/0/i[39m))[33m.[
39m[34mtoBeInTheDocument[
39m()[33m;[39m

[31m[2mΓÄ»ΓÄ»ΓÄ»ΓÄ»ΓÄ»ΓÄ»
ΓÄ»ΓÄ»ΓÄ»ΓÄ»ΓÄ»ΓÄ»ΓÄ»ΓÄ»ΓÄ»
ΓÄ»ΓÄ»ΓÄ»ΓÄ»ΓÄ»ΓÄ»ΓÄ»[12/18
]ΓÄ»[22m[39m

[41m[1m FAIL [22m[49m s
rc/test/agents/AdminDashboa
rd.test.tsx[2m > 
[22mAdminDashboard 
Component[2m > 
[22mClient Display[2m > 
[22mshould display client 
plan badges correctly
[31m[1mTestingLibraryElem
entError[22m[39m: Unable 
to find an element with 
the text: Pro. This could 
be because the text is 
broken up by multiple 
elements. In this case, 
you can provide a function 
for your text matcher to 
make your matcher more 
flexible.

Ignored nodes: comments, 
script, style
[36m<body>[39m
  [36m<div>[39m
    [36m<div[39m
      [33mclass[39m=[32m
"h-full flex flex-col 
gap-6 p-2"[39m
    [36m>[39m
      [36m<div[39m
        
[33mclass[39m=[32m"grid 
grid-cols-2 gap-4"[39m
      [36m>[39m
        [36m<div[39m
          [33mclass[39m=
[32m"bg-white p-4 
rounded-xl border 
border-ai-border 
shadow-sm"[39m
        [36m>[39m
          [36m<div[39m
            
[33mclass[39m=[32m"flex 
items-center gap-3 
mb-2"[39m
          [36m>[39m
            [36m<div[39m
              
[33mclass[39m=[32m"p-2 
bg-blue-50 text-blue-600 
rounded-lg"[39m
            [36m>[39m
              
[36m<svg[39m
                [33maria-h
idden[39m=[32m"true"[39m
                [33mclass
[39m=[32m"lucide 
lucide-users"[39m
                [33mfill[
39m=[32m"none"[39m
                [33mheight
[39m=[32m"18"[39m
                [33mstroke
[39m=[32m"currentColor"[
39m
                [33mstroke
-linecap[39m=[32m"round"
[39m
                [33mstroke
-linejoin[39m=[32m"round"
[39m
                [33mstroke
-width[39m=[32m"2"[39m
                
[33mviewBox[39m=[32m"0 
0 24 24"[39m
                [33mwidth
[39m=[32m"18"[39m
                [33mxmlns
[39m=[32m"http://www.w3.or
g/2000/svg"[39m
              [36m>[39m
                
[36m<path[39m
                  
[33md[39m=[32m"M16 
21v-2a4 4 0 0 0-4-4H6a4 4 
0 0 0-4 4v2"[39m
                
[36m/>[39m
                
[36m<path[39m
                  
[33md[39m=[32m"M16 
3.128a4 4 0 0 1 0 
7.744"[39m
                
[36m/>[39m
                
[36m<path[39m
                  
[33md[39m=[32m"M22 
21v-2a4 4 0 0 
0-3-3.87"[39m
                
[36m/>[39m
                
[36m<circle[39m
                  
[33mcx[39m=[32m"9"[39m
                  
[33mcy[39m=[32m"7"[39m
                  
[33mr[39m=[32m"4"[39m
                
[36m/>[39m
              
[36m</svg>[39m
            
[36m</div>[39m
            [36m<span[39m
              [33mclass[3
9m=[32m"text-xs font-bold 
text-ai-subtext 
uppercase"[39m
            [36m>[39m
              [0mTotal 
Usu├írios[0m
            
[36m</span>[39m
          [36m</div>[39m
          [36m<div[39m
            [33mclass[39m
=[32m"text-2xl font-mono 
font-bold 
text-ai-text"[39m
          [36m>[39m
            [0m3[0m
          [36m</div>[39m
          [36m<div[39m
            [33mclass[39m
=[32m"text-xs 
text-emerald-600 
font-medium mt-1"[39m
          [36m>[39m
            [0mUsu├írios 
cadastrados[0m
          [36m</div>[39m
        [36m</div>[39m
        [36m<div[39m
          [33mclass[39m=
[32m"bg-white p-4 
rounded-xl border 
border-ai-border 
shadow-sm"[39m
        [36m>[39m
          [36m<div[39m
            
[33mclass[39m=[32m"flex 
items-center gap-3 
mb-2"[39m
          [36m>[39m
            [36m<div[39m
              
[33mclass[39m=[32m"p-2 
bg-emerald-50 
text-emerald-600 
rounded-lg"[39m
            [36m>[39m
              
[36m<svg[39m
                [33maria-h
idden[39m=[32m"true"[39m
                [33mclass
[39m=[32m"lucide 
lucide-activity"[39m
                [33mfill[
39m=[32m"none"[39m
                [33mheight
[39m=[32m"18"[39m
                [33mstroke
[39m=[32m"currentColor"[
39m
                [33mstroke
-linecap[39m=[32m"round"
[39m
                [33mstroke
-linejoin[39m=[32m"round"
[39m
                [33mstroke
-width[39m=[32m"2"[39m
                
[33mviewBox[39m=[32m"0 
0 24 24"[39m
                [33mwidth
[39m=[32m"18"[39m
                [33mxmlns
[39m=[32m"http://www.w3.or
g/2000/svg"[39m
              [36m>[39m
                
[36m<path[39m
                  
[33md[39m=[32m"M22 
12h-2.48a2 2 0 0 0-1.93 
1.46l-2.35 8.36a.25.25 0 0 
1-.48 0L9.24 2.18a.25.25 0 
0 0-.48 0l-2.35 8.36A2 2 0 
0 1 4.49 12H2"[39m
                
[36m/>[39m
              
[36m</svg>[39m
            
[36m</div>[39m
            [36m<span[39m
              [33mclass[3
9m=[32m"text-xs font-bold 
text-ai-subtext 
uppercase"[39m
            [36m>[39m
              
[0mAtivos[0m
            
[36m</span>[39m
          [36m</div>[39m
          [36m<div[39m
            [33mclass[39m
=[32m"text-2xl font-mono 
font-bold 
text-ai-text"[39m
          [36m>[39m
            [0m2[0m
          [36m</div>[39m
          [36m<div[39m
            [33mclass[39m
=[32m"text-xs 
text-ai-subtext 
font-medium mt-1"[39m
          [36m>[39m
            [0mUsu├írios 
ativos[0m
          [36m</div>[39m
        [36m</div>[39m
      [36m</div>[39m
      [36m<div[39m
        [33mclass[39m=[3
2m"flex-1 bg-white 
rounded-xl border 
border-ai-border shadow-sm 
flex flex-col 
overflow-hidden"[39m
      [36m>[39m
        [36m<div[39m
          
[33mclass[39m=[32m"p-4 
border-b border-ai-border 
flex justify-between 
items-center"[39m
        [36m>[39m
          [36m<h2[39m
            [33mclass[39m
=[32m"text-sm font-bold 
text-ai-text"[39m
          [36m>[39m
            [0mBase de 
Usu├írios[0m
          [36m</h2>[39m
          [36m<div[39m
            [33mclass[39m
=[32m"relative w-64"[39m
          [36m>[39m
            [36m<svg[39m
              [33maria-hid
den[39m=[32m"true"[39m
              [33mclass[3
9m=[32m"lucide 
lucide-search absolute 
left-3 top-1/2 
-translate-y-1/2 
text-ai-subtext"[39m
              [33mfill[39
m=[32m"none"[39m
              [33mheight[
39m=[32m"14"[39m
              [33mstroke[
39m=[32m"currentColor"[39
m
              [33mstroke-l
inecap[39m=[32m"round"[3
9m
              [33mstroke-l
inejoin[39m=[32m"round"[
39m
              [33mstroke-w
idth[39m=[32m"2"[39m
              
[33mviewBox[39m=[32m"0 
0 24 24"[39m
              [33mwidth[3
9m=[32m"14"[39m
              [33mxmlns[3
9m=[32m"http://www.w3.org/
2000/svg"[39m
            [36m>[39m
              
[36m<path[39m
                
[33md[39m=[32m"m21 
21-4.34-4.34"[39m
              [36m/>[39m
              
[36m<circle[39m
                
[33mcx[39m=[32m"11"[39m
                
[33mcy[39m=[32m"11"[39m
                
[33mr[39m=[32m"8"[39m
              [36m/>[39m
            
[36m</svg>[39m
            
[36m<input[39m
              [33mclass[3
9m=[32m"w-full pl-9 pr-3 
py-1.5 text-xs border 
border-ai-border 
rounded-md bg-ai-surface 
focus:outline-none 
focus:border-ai-text 
transition-colors"[39m
              [33mplacehol
der[39m=[32m"Buscar 
usu├írio..."[39m
              [33mtype[39
m=[32m"text"[39m
              [33mvalue[3
9m=[32m""[39m
            [36m/>[39m
          [36m</div>[39m
        [36m</div>[39m
        [36m<div[39m
          [33mclass[39m=
[32m"flex-1 
overflow-auto"[39m
        [36m>[39m
          [36m<table[39m
            [33mclass[39m
=[32m"w-full text-left 
border-collapse"[39m
          [36m>[39m
            
[36m<thead[39m
              [33mclass[3
9m=[32m"bg-ai-surface 
sticky top-0 z-10"[39m
            ...

Ignored nodes: comments, 
script, style
[36m<html>[39m
  [36m<head />[39m
  [36m<body>[39m
    [36m<div>[39m
      [36m<div[39m
        [33mclass[39m=[3
2m"h-full flex flex-col 
gap-6 p-2"[39m
      [36m>[39m
        [36m<div[39m
          
[33mclass[39m=[32m"grid 
grid-cols-2 gap-4"[39m
        [36m>[39m
          [36m<div[39m
            [33mclass[39m
=[32m"bg-white p-4 
rounded-xl border 
border-ai-border 
shadow-sm"[39m
          [36m>[39m
            [36m<div[39m
              
[33mclass[39m=[32m"flex 
items-center gap-3 
mb-2"[39m
            [36m>[39m
              
[36m<div[39m
                
[33mclass[39m=[32m"p-2 
bg-blue-50 text-blue-600 
rounded-lg"[39m
              [36m>[39m
                
[36m<svg[39m
                  [33maria
-hidden[39m=[32m"true"[3
9m
                  [33mclas
s[39m=[32m"lucide 
lucide-users"[39m
                  [33mfill
[39m=[32m"none"[39m
                  [33mheig
ht[39m=[32m"18"[39m
                  [33mstro
ke[39m=[32m"currentColor"
[39m
                  [33mstro
ke-linecap[39m=[32m"round
"[39m
                  [33mstro
ke-linejoin[39m=[32m"roun
d"[39m
                  [33mstro
ke-width[39m=[32m"2"[39m
                  
[33mviewBox[39m=[32m"0 
0 24 24"[39m
                  [33mwidt
h[39m=[32m"18"[39m
                  [33mxmln
s[39m=[32m"http://www.w3.
org/2000/svg"[39m
                [36m>[39m
                  
[36m<path[39m
                    
[33md[39m=[32m"M16 
21v-2a4 4 0 0 0-4-4H6a4 4 
0 0 0-4 4v2"[39m
                  
[36m/>[39m
                  
[36m<path[39m
                    
[33md[39m=[32m"M16 
3.128a4 4 0 0 1 0 
7.744"[39m
                  
[36m/>[39m
                  
[36m<path[39m
                    
[33md[39m=[32m"M22 
21v-2a4 4 0 0 
0-3-3.87"[39m
                  
[36m/>[39m
                  
[36m<circle[39m
                    
[33mcx[39m=[32m"9"[39m
                    
[33mcy[39m=[32m"7"[39m
                    
[33mr[39m=[32m"4"[39m
                  
[36m/>[39m
                
[36m</svg>[39m
              
[36m</div>[39m
              
[36m<span[39m
                [33mclass
[39m=[32m"text-xs 
font-bold text-ai-subtext 
uppercase"[39m
              [36m>[39m
                [0mTotal 
Usu├írios[0m
              
[36m</span>[39m
            
[36m</div>[39m
            [36m<div[39m
              [33mclass[3
9m=[32m"text-2xl 
font-mono font-bold 
text-ai-text"[39m
            [36m>[39m
              [0m3[0m
            
[36m</div>[39m
            [36m<div[39m
              [33mclass[3
9m=[32m"text-xs 
text-emerald-600 
font-medium mt-1"[39m
            [36m>[39m
              
[0mUsu├írios 
cadastrados[0m
            
[36m</div>[39m
          [36m</div>[39m
          [36m<div[39m
            [33mclass[39m
=[32m"bg-white p-4 
rounded-xl border 
border-ai-border 
shadow-sm"[39m
          [36m>[39m
            [36m<div[39m
              
[33mclass[39m=[32m"flex 
items-center gap-3 
mb-2"[39m
            [36m>[39m
              
[36m<div[39m
                
[33mclass[39m=[32m"p-2 
bg-emerald-50 
text-emerald-600 
rounded-lg"[39m
              [36m>[39m
                
[36m<svg[39m
                  [33maria
-hidden[39m=[32m"true"[3
9m
                  [33mclas
s[39m=[32m"lucide 
lucide-activity"[39m
                  [33mfill
[39m=[32m"none"[39m
                  [33mheig
ht[39m=[32m"18"[39m
                  [33mstro
ke[39m=[32m"currentColor"
[39m
                  [33mstro
ke-linecap[39m=[32m"round
"[39m
                  [33mstro
ke-linejoin[39m=[32m"roun
d"[39m
                  [33mstro
ke-width[39m=[32m"2"[39m
                  
[33mviewBox[39m=[32m"0 
0 24 24"[39m
                  [33mwidt
h[39m=[32m"18"[39m
                  [33mxmln
s[39m=[32m"http://www.w3.
org/2000/svg"[39m
                [36m>[39m
                  
[36m<path[39m
                    
[33md[39m=[32m"M22 
12h-2.48a2 2 0 0 0-1.93 
1.46l-2.35 8.36a.25.25 0 0 
1-.48 0L9.24 2.18a.25.25 0 
0 0-.48 0l-2.35 8.36A2 2 0 
0 1 4.49 12H2"[39m
                  
[36m/>[39m
                
[36m</svg>[39m
              
[36m</div>[39m
              
[36m<span[39m
                [33mclass
[39m=[32m"text-xs 
font-bold text-ai-subtext 
uppercase"[39m
              [36m>[39m
                
[0mAtivos[0m
              
[36m</span>[39m
            
[36m</div>[39m
            [36m<div[39m
              [33mclass[3
9m=[32m"text-2xl 
font-mono font-bold 
text-ai-text"[39m
            [36m>[39m
              [0m2[0m
            
[36m</div>[39m
            [36m<div[39m
              [33mclass[3
9m=[32m"text-xs 
text-ai-subtext 
font-medium mt-1"[39m
            [36m>[39m
              
[0mUsu├írios ativos[0m
            
[36m</div>[39m
          [36m</div>[39m
        [36m</div>[39m
        [36m<div[39m
          [33mclass[39m=
[32m"flex-1 bg-white 
rounded-xl border 
border-ai-border shadow-sm 
flex flex-col 
overflow-hidden"[39m
        [36m>[39m
          [36m<div[39m
            
[33mclass[39m=[32m"p-4 
border-b border-ai-border 
flex justify-between 
items-center"[39m
          [36m>[39m
            [36m<h2[39m
              [33mclass[3
9m=[32m"text-sm font-bold 
text-ai-text"[39m
            [36m>[39m
              [0mBase de 
Usu├írios[0m
            [36m</h2>[39m
            [36m<div[39m
              [33mclass[3
9m=[32m"relative 
w-64"[39m
            [36m>[39m
              
[36m<svg[39m
                [33maria-h
idden[39m=[32m"true"[39m
                [33mclass
[39m=[32m"lucide 
lucide-search absolute 
left-3 top-1/2 
-translate-y-1/2 
text-ai-subtext"[39m
                [33mfill[
39m=[32m"none"[39m
                [33mheight
[39m=[32m"14"[39m
                [33mstroke
[39m=[32m"currentColor"[
39m
                [33mstroke
-linecap[39m=[32m"round"
[39m
                [33mstroke
-linejoin[39m=[32m"round"
[39m
                [33mstroke
-width[39m=[32m"2"[39m
                
[33mviewBox[39m=[32m"0 
0 24 24"[39m
                [33mwidth
[39m=[32m"14"[39m
                [33mxmlns
[39m=[32m"http://www.w3.or
g/2000/svg"[39m
              [36m>[39m
                
[36m<path[39m
                  
[33md[39m=[32m"m21 
21-4.34-4.34"[39m
                
[36m/>[39m
                
[36m<circle[39m
                  
[33mcx[39m=[32m"11"[39m
                  
[33mcy[39m=[32m"11"[39m
                  
[33mr[39m=[32m"8"[39m
                
[36m/>[39m
              
[36m</svg>[39m
              
[36m<input[39m
                [33mclass
[39m=[32m"w-full pl-9 
pr-3 py-1.5 text-xs border 
border-ai-border 
rounded-md bg-ai-surface 
focus:outline-none 
focus:border-ai-text 
transition-colors"[39m
                [33mplaceh
older[39m=[32m"Buscar 
usu├írio..."[39m
                [33mtype[
39m=[32m"text"[39m
                [33mvalue
[39m=[32m""[39m
              [36m/>[39m
            
[36m</div>[39m
          
[36m</div>[39...
[90m [2mΓ¥»[22m 
Proxy.waitForWrapper node_m
odules/@testing-library/dom
/dist/wait-for.js:[2m163:2
7[22m[39m
[36m [2mΓ¥»[22m src/test
/agents/AdminDashboard.test
.tsx:[2m381:13[22m[39m
    [90m379| [39m      [
34mrender[39m([33m<[39m
[33mAdminDashboard[39m [3
3m/[39m[33m>[39m)[33m;
[39m
    [90m380| [39m
    [90m381| [39m      
[35mawait[39m 
[34mwaitFor[39m(() 
[33m=>[39m {
    [90m   | [39m        
    [31m^[39m
    [90m382| [39m        
[34mexpect[39m(screen[33
m.[39m[34mgetByText[39m(
[32m'Pro'[39m))[33m.[39
m[34mtoBeInTheDocument[39
m()[33m;[39m
    [90m383| [39m        
[34mexpect[39m(screen[33
m.[39m[34mgetByText[39m(
[32m'Enterprise'[39m))[3
3m.[39m[34mtoBeInTheDocum
ent[39m()[33m;[39m

[31m[2mΓÄ»ΓÄ»ΓÄ»ΓÄ»ΓÄ»ΓÄ»
ΓÄ»ΓÄ»ΓÄ»ΓÄ»ΓÄ»ΓÄ»ΓÄ»ΓÄ»ΓÄ»
ΓÄ»ΓÄ»ΓÄ»ΓÄ»ΓÄ»ΓÄ»ΓÄ»[13/18
]ΓÄ»[22m[39m

[41m[1m FAIL [22m[49m s
rc/test/agents/AdminDashboa
rd.test.tsx[2m > 
[22mAdminDashboard 
Component[2m > [22mEdge 
Cases[2m > [22mshould 
handle null data response
[31m[1mTestingLibraryElem
entError[22m[39m: Unable 
to find an element with 
the text: /nenhum cliente 
cadastrado/i. This could 
be because the text is 
broken up by multiple 
elements. In this case, 
you can provide a function 
for your text matcher to 
make your matcher more 
flexible.

Ignored nodes: comments, 
script, style
[36m<body>[39m
  [36m<div>[39m
    [36m<div[39m
      [33mclass[39m=[32m
"h-full flex flex-col 
gap-6 p-2"[39m
    [36m>[39m
      [36m<div[39m
        
[33mclass[39m=[32m"grid 
grid-cols-2 gap-4"[39m
      [36m>[39m
        [36m<div[39m
          [33mclass[39m=
[32m"bg-white p-4 
rounded-xl border 
border-ai-border 
shadow-sm"[39m
        [36m>[39m
          [36m<div[39m
            
[33mclass[39m=[32m"flex 
items-center gap-3 
mb-2"[39m
          [36m>[39m
            [36m<div[39m
              
[33mclass[39m=[32m"p-2 
bg-blue-50 text-blue-600 
rounded-lg"[39m
            [36m>[39m
              
[36m<svg[39m
                [33maria-h
idden[39m=[32m"true"[39m
                [33mclass
[39m=[32m"lucide 
lucide-users"[39m
                [33mfill[
39m=[32m"none"[39m
                [33mheight
[39m=[32m"18"[39m
                [33mstroke
[39m=[32m"currentColor"[
39m
                [33mstroke
-linecap[39m=[32m"round"
[39m
                [33mstroke
-linejoin[39m=[32m"round"
[39m
                [33mstroke
-width[39m=[32m"2"[39m
                
[33mviewBox[39m=[32m"0 
0 24 24"[39m
                [33mwidth
[39m=[32m"18"[39m
                [33mxmlns
[39m=[32m"http://www.w3.or
g/2000/svg"[39m
              [36m>[39m
                
[36m<path[39m
                  
[33md[39m=[32m"M16 
21v-2a4 4 0 0 0-4-4H6a4 4 
0 0 0-4 4v2"[39m
                
[36m/>[39m
                
[36m<path[39m
                  
[33md[39m=[32m"M16 
3.128a4 4 0 0 1 0 
7.744"[39m
                
[36m/>[39m
                
[36m<path[39m
                  
[33md[39m=[32m"M22 
21v-2a4 4 0 0 
0-3-3.87"[39m
                
[36m/>[39m
                
[36m<circle[39m
                  
[33mcx[39m=[32m"9"[39m
                  
[33mcy[39m=[32m"7"[39m
                  
[33mr[39m=[32m"4"[39m
                
[36m/>[39m
              
[36m</svg>[39m
            
[36m</div>[39m
            [36m<span[39m
              [33mclass[3
9m=[32m"text-xs font-bold 
text-ai-subtext 
uppercase"[39m
            [36m>[39m
              [0mTotal 
Usu├írios[0m
            
[36m</span>[39m
          [36m</div>[39m
          [36m<div[39m
            [33mclass[39m
=[32m"text-2xl font-mono 
font-bold 
text-ai-text"[39m
          [36m>[39m
            [0m0[0m
          [36m</div>[39m
          [36m<div[39m
            [33mclass[39m
=[32m"text-xs 
text-emerald-600 
font-medium mt-1"[39m
          [36m>[39m
            [0mUsu├írios 
cadastrados[0m
          [36m</div>[39m
        [36m</div>[39m
        [36m<div[39m
          [33mclass[39m=
[32m"bg-white p-4 
rounded-xl border 
border-ai-border 
shadow-sm"[39m
        [36m>[39m
          [36m<div[39m
            
[33mclass[39m=[32m"flex 
items-center gap-3 
mb-2"[39m
          [36m>[39m
            [36m<div[39m
              
[33mclass[39m=[32m"p-2 
bg-emerald-50 
text-emerald-600 
rounded-lg"[39m
            [36m>[39m
              
[36m<svg[39m
                [33maria-h
idden[39m=[32m"true"[39m
                [33mclass
[39m=[32m"lucide 
lucide-activity"[39m
                [33mfill[
39m=[32m"none"[39m
                [33mheight
[39m=[32m"18"[39m
                [33mstroke
[39m=[32m"currentColor"[
39m
                [33mstroke
-linecap[39m=[32m"round"
[39m
                [33mstroke
-linejoin[39m=[32m"round"
[39m
                [33mstroke
-width[39m=[32m"2"[39m
                
[33mviewBox[39m=[32m"0 
0 24 24"[39m
                [33mwidth
[39m=[32m"18"[39m
                [33mxmlns
[39m=[32m"http://www.w3.or
g/2000/svg"[39m
              [36m>[39m
                
[36m<path[39m
                  
[33md[39m=[32m"M22 
12h-2.48a2 2 0 0 0-1.93 
1.46l-2.35 8.36a.25.25 0 0 
1-.48 0L9.24 2.18a.25.25 0 
0 0-.48 0l-2.35 8.36A2 2 0 
0 1 4.49 12H2"[39m
                
[36m/>[39m
              
[36m</svg>[39m
            
[36m</div>[39m
            [36m<span[39m
              [33mclass[3
9m=[32m"text-xs font-bold 
text-ai-subtext 
uppercase"[39m
            [36m>[39m
              
[0mAtivos[0m
            
[36m</span>[39m
          [36m</div>[39m
          [36m<div[39m
            [33mclass[39m
=[32m"text-2xl font-mono 
font-bold 
text-ai-text"[39m
          [36m>[39m
            [0m0[0m
          [36m</div>[39m
          [36m<div[39m
            [33mclass[39m
=[32m"text-xs 
text-ai-subtext 
font-medium mt-1"[39m
          [36m>[39m
            [0mUsu├írios 
ativos[0m
          [36m</div>[39m
        [36m</div>[39m
      [36m</div>[39m
      [36m<div[39m
        [33mclass[39m=[3
2m"flex-1 bg-white 
rounded-xl border 
border-ai-border shadow-sm 
flex flex-col 
overflow-hidden"[39m
      [36m>[39m
        [36m<div[39m
          
[33mclass[39m=[32m"p-4 
border-b border-ai-border 
flex justify-between 
items-center"[39m
        [36m>[39m
          [36m<h2[39m
            [33mclass[39m
=[32m"text-sm font-bold 
text-ai-text"[39m
          [36m>[39m
            [0mBase de 
Usu├írios[0m
          [36m</h2>[39m
          [36m<div[39m
            [33mclass[39m
=[32m"relative w-64"[39m
          [36m>[39m
            [36m<svg[39m
              [33maria-hid
den[39m=[32m"true"[39m
              [33mclass[3
9m=[32m"lucide 
lucide-search absolute 
left-3 top-1/2 
-translate-y-1/2 
text-ai-subtext"[39m
              [33mfill[39
m=[32m"none"[39m
              [33mheight[
39m=[32m"14"[39m
              [33mstroke[
39m=[32m"currentColor"[39
m
              [33mstroke-l
inecap[39m=[32m"round"[3
9m
              [33mstroke-l
inejoin[39m=[32m"round"[
39m
              [33mstroke-w
idth[39m=[32m"2"[39m
              
[33mviewBox[39m=[32m"0 
0 24 24"[39m
              [33mwidth[3
9m=[32m"14"[39m
              [33mxmlns[3
9m=[32m"http://www.w3.org/
2000/svg"[39m
            [36m>[39m
              
[36m<path[39m
                
[33md[39m=[32m"m21 
21-4.34-4.34"[39m
              [36m/>[39m
              
[36m<circle[39m
                
[33mcx[39m=[32m"11"[39m
                
[33mcy[39m=[32m"11"[39m
                
[33mr[39m=[32m"8"[39m
              [36m/>[39m
            
[36m</svg>[39m
            
[36m<input[39m
              [33mclass[3
9m=[32m"w-full pl-9 pr-3 
py-1.5 text-xs border 
border-ai-border 
rounded-md bg-ai-surface 
focus:outline-none 
focus:border-ai-text 
transition-colors"[39m
              [33mplacehol
der[39m=[32m"Buscar 
usu├írio..."[39m
              [33mtype[39
m=[32m"text"[39m
              [33mvalue[3
9m=[32m""[39m
            [36m/>[39m
          [36m</div>[39m
        [36m</div>[39m
        [36m<div[39m
          [33mclass[39m=
[32m"flex-1 
overflow-auto"[39m
        [36m>[39m
          [36m<table[39m
            [33mclass[39m
=[32m"w-full text-left 
border-collapse"[39m
          [36m>[39m
            
[36m<thead[39m
              [33mclass[3
9m=[32m"bg-ai-surface 
sticky top-0 z-10"[39m
            [36m>[39m
              
[36m<tr>[39m
                
[36m<th[39m
                  
[33mclass[39m=[32m"px-6 
py-3 text-[10px] font-bold 
text-ai-subtext uppercase 
tracking-wider border-b 
border-ai-border"[39m
                [36m>[39m
                  
[0mUsu├írio[0m
                
[36m</th>[39m
                
[36m<th[39m
                  
[33mclass[39m=[32m"px-6 
py-3 text-[10px] font-bold 
text-ai-subtext uppercase 
tracking-wider border-b 
border-ai-border"[39m
                [36m>[39m
                  
[0mQualifica├º├úo[0m
                
[36m</th>[39m
                
[36m<th[39m
                  
[33mclass[39m=[32m"px-6 
py-3 text-[10px] font-bold 
text-ai-subtext uppercase 
tracking-wider border-b 
border-ai-border"[39m
                [36m>[39m
                  
[0mStatus[0m
                
[36m</th>[39m
                
[36m<th[39m
                  
[33mclass[39m=[32m"px-6 
py-3 text-[10px] font-bold 
text-ai-subtext uppercase 
tracking-wider border-b 
border-ai-border"[39m
                [36m>[39m
                  
[0m├Ültimo Acesso[0m
                
[36m</th>[39m
                
[36m<th[39m
                  
[33mclass[39m=[32m"px-6 
py-3 text-[10px] font-bold 
text-ai-subtext uppercase 
tracking-wider border-b 
border-ai-border 
text-right"[39m
                [36m>[39m
                  
[0mA├º├╡es[0m
                
[36m</th>[39m
              
[36m</tr>[39m
            
[36m</thead>[39m
            
[36m<tbody[39m
              [33mclass[3
9m=[32m"divide-y 
divide-ai-border"[39m
            [36m>[39m
              
[36m<tr>[39m
                
[36m<td[39m
                  
[33mclass[39m=[32m"px-6 
py-8 text-center 
text-ai-subtext"[39m
                  [33mcols
pan[39m=[32m"5"[39m
                [36m>[39m
                  
[0mNenhum usu├írio 
cadastrado[0m
                
[36m</td>[39m
              
[36m</tr>[39m
            
[36m</tbody>[39m
          
[36m</table>[39m
        [36m</div>[39m
        [36m<div[39m
          
[33mclass[39m=[32m"p-3 
border-t border-ai-border 
bg-ai-surface/30 text-xs 
text-ai-subtext 
text-center"[39m
        [36m>[39m
          [0mMostrando 
[0m
          [0m0[0m
          [0m de [0m
          [0m0[0m
          [0m 
usu├írios[0m
        [36m</div>[39m
      [36m</div>[39m
    [36m</div>[39m
  [36m</div>[39m
[36m</body>[39m

Ignored nodes: comments, 
script, style
[36m<html>[39m
  [36m<head />[39m
  [36m<body>[39m
    [36m<div>[39m
      [36m<div[39m
        [33mclass[39m=[3
2m"h-full flex flex-col 
gap-6 p-2"[39m
      [36m>[39m
        [36m<div[39m
          
[33mclass[39m=[32m"grid 
grid-cols-2 gap-4"[39m
        [36m>[39m
          [36m<div[39m
            [33mclass[39m
=[32m"bg-white p-4 
rounded-xl border 
border-ai-border 
shadow-sm"[39m
          [36m>[39m
            [36m<div[39m
              
[33mclass[39m=[32m"flex 
items-center gap-3 
mb-2"[39m
            [36m>[39m
              
[36m<div[39m
                
[33mclass[39m=[32m"p-2 
bg-blue-50 text-blue-600 
rounded-lg"[39m
              [36m>[39m
                
[36m<svg[39m
                  [33maria
-hidden[39m=[32m"true"[3
9m
                  [33mclas
s[39m=[32m"lucide 
lucide-users"[39m
                  [33mfill
[39m=[32m"none"[39m
                  [33mheig
ht[39m=[32m"18"[39m
                  [33mstro
ke[39m=[32m"currentColor"
[39m
                  [33mstro
ke-linecap[39m=[32m"round
"[39m
                  [33mstro
ke-linejoin[39m=[32m"roun
d"[39m
                  [33mstro
ke-width[39m=[32m"2"[39m
                  
[33mviewBox[39m=[32m"0 
0 24 24"[39m
                  [33mwidt
h[39m=[32m"18"[39m
                  [33mxmln
s[39m=[32m"http://www.w3.
org/2000/svg"[39m
                [36m>[39m
                  
[36m<path[39m
                    
[33md[39m=[32m"M16 
21v-2a4 4 0 0 0-4-4H6a4 4 
0 0 0-4 4v2"[39m
                  
[36m/>[39m
                  
[36m<path[39m
                    
[33md[39m=[32m"M16 
3.128a4 4 0 0 1 0 
7.744"[39m
                  
[36m/>[39m
                  
[36m<path[39m
                    
[33md[39m=[32m"M22 
21v-2a4 4 0 0 
0-3-3.87"[39m
                  
[36m/>[39m
                  
[36m<circle[39m
                    
[33mcx[39m=[32m"9"[39m
                    
[33mcy[39m=[32m"7"[39m
                    
[33mr[39m=[32m"4"[39m
                  
[36m/>[39m
                
[36m</svg>[39m
              
[36m</div>[39m
              
[36m<span[39m
                [33mclass
[39m=[32m"text-xs 
font-bold text-ai-subtext 
uppercase"[39m
              [36m>[39m
                [0mTotal 
Usu├írios[0m
              
[36m</span>[39m
            
[36m</div>[39m
            [36m<div[39m
              [33mclass[3
9m=[32m"text-2xl 
font-mono font-bold 
text-ai-text"[39m
            [36m>[39m
              [0m0[0m
            
[36m</div>[39m
            [36m<div[39m
              [33mclass[3
9m=[32m"text-xs 
text-emerald-600 
font-medium mt-1"[39m
            [36m>[39m
              
[0mUsu├írios 
cadastrados[0m
            
[36m</div>[39m
          [36m</div>[39m
          [36m<div[39m
            [33mclass[39m
=[32m"bg-white p-4 
rounded-xl border 
border-ai-border 
shadow-sm"[39m
          [36m>[39m
            [36m<div[39m
              
[33mclass[39m=[32m"flex 
items-center gap-3 
mb-2"[39m
            [36m>[39m
              
[36m<div[39m
                
[33mclass[39m=[32m"p-2 
bg-emerald-50 
text-emerald-600 
rounded-lg"[39m
              [36m>[39m
                
[36m<svg[39m
                  [33maria
-hidden[39m=[32m"true"[3
9m
                  [33mclas
s[39m=[32m"lucide 
lucide-activity"[39m
                  [33mfill
[39m=[32m"none"[39m
                  [33mheig
ht[39m=[32m"18"[39m
                  [33mstro
ke[39m=[32m"currentColor"
[39m
                  [33mstro
ke-linecap[39m=[32m"round
"[39m
                  [33mstro
ke-linejoin[39m=[32m"roun
d"[39m
                  [33mstro
ke-width[39m=[32m"2"[39m
                  
[33mviewBox[39m=[32m"0 
0 24 24"[39m
                  [33mwidt
h[39m=[32m"18"[39m
                  [33mxmln
s[39m=[32m"http://www.w3.
org/2000/svg"[39m
                [36m>[39m
                  
[36m<path[39m
                    
[33md[39m=[32m"M22 
12h-2.48a2 2 0 0 0-1.93 
1.46l-2.35 8.36a.25.25 0 0 
1-.48 0L9.24 2.18a.25.25 0 
0 0-.48 0l-2.35 8.36A2 2 0 
0 1 4.49 12H2"[39m
                  
[36m/>[39m
                
[36m</svg>[39m
              
[36m</div>[39m
              
[36m<span[39m
                [33mclass
[39m=[32m"text-xs 
font-bold text-ai-subtext 
uppercase"[39m
              [36m>[39m
                
[0mAtivos[0m
              
[36m</span>[39m
            
[36m</div>[39m
            [36m<div[39m
              [33mclass[3
9m=[32m"text-2xl 
font-mono font-bold 
text-ai-text"[39m
            [36m>[39m
              [0m0[0m
            
[36m</div>[39m
            [36m<div[39m
              [33mclass[3
9m=[32m"text-xs 
text-ai-subtext 
font-medium mt-1"[39m
            [36m>[39m
              
[0mUsu├írios ativos[0m
            
[36m</div>[39m
          [36m</div>[39m
        [36m</div>[39m
        [36m<div[39m
          [33mclass[39m=
[32m"flex-1 bg-white 
rounded-xl border 
border-ai-border shadow-sm 
flex flex-col 
overflow-hidden"[39m
        [36m>[39m
          [36m<div[39m
            
[33mclass[39m=[32m"p-4 
border-b border-ai-border 
flex justify-between 
items-center"[39m
          [36m>[39m
            [36m<h2[39m
              [33mclass[3
9m=[32m"text-sm font-bold 
text-ai-text"[39m
            [36m>[39m
              [0mBase de 
Usu├írios[0m
            [36m</h2>[39m
            [36m<div[39m
              [33mclass[3
9m=[32m"relative 
w-64"[39m
            [36m>[39m
              
[36m<svg[39m
                [33maria-h
idden[39m=[32m"true"[39m
                [33mclass
[39m=[32m"lucide 
lucide-search absolute 
left-3 top-1/2 
-translate-y-1/2 
text-ai-subtext"[39m
                [33mfill[
39m=[32m"none"[39m
                [33mheight
[39m=[32m"14"[39m
                [33mstroke
[39m=[32m"currentColor"[
39m
                [33mstroke
-linecap[39m=[32m"round"
[39m
                [33mstroke
-linejoin[39m=[32m"round"
[39m
                [33mstroke
-width[39m=[32m"2"[39m
                
[33mviewBox[39m=[32m"0 
0 24 24"[39m
                [33mwidth
[39m=[32m"14"[39m
                [33mxmlns
[39m=[32m"http://www.w3.or
g/2000/svg"[39m
              [36m>[39m
                
[36m<path[39m
                  
[33md[39m=[32m"m21 
21-4.34-4.34"[39m
                
[36m/>[39m
                
[36m<circle[39m
                  
[33mcx[39m=[32m"11"[39m
                  
[33mcy[39m=[32m"11"[39m
                  
[33mr[39m=[32m"8"[39m
                
[36m/>[39m
              
[36m</svg>[39m
              
[36m<input[39m
                [33mclass
[39m=[32m"w-full pl-9 
pr-3 py-1.5 text-xs border 
border-ai-border 
rounded-md bg-ai-surface 
focus:outline-none 
focus:border-ai-text 
transition-colors"[39m
                [33mplaceh
older[39m=[32m"Buscar 
usu├írio..."[39m
                [33mtype[
39m=[32m"text"[39m
                [33mvalue
[39m=[32m""[39m
              [36m/>[39m
            
[36m</div>[39m
          [36m</div>[39m
          [36m<div[39m
            [33mclass[39m
=[32m"flex-1 
overflow-auto"[39m
          [36m>[39m
            
[36m<table[39m
              [33mclass[3
9m=[32m"w-full text-left 
border-collapse"[39m
            [36m>[39m
              
[36m<thead[39m
                [33mclass
[39m=[32m"bg-ai-surface 
sticky top-0 z-10"[39m
              [36m>[39m
                
[36m<tr>[39m
                  
[36m<th[39m
                    
[33mclass[39m=[32m"px-6 
py-3 text-[10px] font-bold 
text-ai-subtext uppercase 
tracking-wider border-b 
border-ai-border"[39m
                  
[36m>[39m
                    
[0mUsu├írio[0m
                  
[36m</th>[39m
                  
[36m<th[39m
                    
[33mclass[39m=[32m"px-6 
py-3 text-[10px] font-bold 
text-ai-subtext uppercase 
tracking-wider border-b 
border-ai-border"[39m
                  
[36m>[39m
                    
[0mQualifica├º├úo[0m
                  
[36m</th>[39m
                  
[36m<th[39m
                    
[33mclass[39m=[32m"px-6 
py-3 text-[10px] font-bold 
text-ai-subtext uppercase 
tracking-wider border-b 
border-ai-border"[39m
                  
[36m>[39m
                    
[0mStatus[0m
                  
[36m</th>[39m
                  
[36m<th[39m
                    
[33mclass[39m=[32m"px-6 
py-3 text-[10px] font-bold 
text-ai-subtext uppercase 
tracking-wider border-b 
border-ai-border"[39m
                  
[36m>[39m
                    
[0m├Ültimo Acesso[0m
                  
[36m</th>[39m
                  
[36m<th[39m
                    
[33mclass[39m=[32m"px-6 
py-3 text-[10px] font-bold 
text-ai-subtext uppercase 
tracking-wider border-b 
border-ai-border 
text-right"[39m
                  
[36m>[39m
                    
[0mA├º├╡es[0m
                  
[36m</th>[39m
                
[36m</tr>[39m
              
[36m</thead>[39m
              
[36m<tbody[39m
                [33mclass
[39m=[32m"divide-y 
divide-ai-border"[39m
              [36m>[39m
                
[36m<tr>[39m
                  
[36m<td[39m
                    
[33mclass[39m=[32m"px-6 
py-8 text-center 
text-ai-subtext"[39m
                    [33mco
lspan[39m=[32m"5"[39m
                  
[36m>[39m
                    
[0mNenhum usu├írio 
cadastrado[0m
                  
[36m</td>[39m
                
[36m</tr>[39m
              
[36m</tbody>[39m
            
[36m</table>[39m
          [36m</div>[39m
          [36m<div[39m
            
[33mclass[39m=[32m"p-3 
border-t border-ai-border 
bg-ai-surface/30 text-xs 
text-ai-subtext 
text-center"[39m
          [36m>[39m
            [0mMostrando 
[0m
            [0m0[0m
            [0m de [0m
            [0m0[0m
            [0m 
usu├írios[0m
          [36m</div>[39m
        [36m</div>[39m
      [36m</div>[39m
    [36m</div>[39m
  [36m</body>[39m
[36m</html>[39m
[90m [2mΓ¥»[22m 
Proxy.waitForWrapper node_m
odules/@testing-library/dom
/dist/wait-for.js:[2m163:2
7[22m[39m
[36m [2mΓ¥»[22m src/test
/agents/AdminDashboard.test
.tsx:[2m454:13[22m[39m
    [90m452| [39m      [
34mrender[39m([33m<[39m
[33mAdminDashboard[39m [3
3m/[39m[33m>[39m)[33m;
[39m
    [90m453| [39m
    [90m454| [39m      
[35mawait[39m 
[34mwaitFor[39m(() 
[33m=>[39m {
    [90m   | [39m        
    [31m^[39m
    [90m455| [39m        
expect(screen.getByText(/ne
nhum cliente 
cadastrado/i)).toBeInTΓÇª
    [90m456| [39m      
})[33m;[39m

[31m[2mΓÄ»ΓÄ»ΓÄ»ΓÄ»ΓÄ»ΓÄ»
ΓÄ»ΓÄ»ΓÄ»ΓÄ»ΓÄ»ΓÄ»ΓÄ»ΓÄ»ΓÄ»
ΓÄ»ΓÄ»ΓÄ»ΓÄ»ΓÄ»ΓÄ»ΓÄ»[14/18
]ΓÄ»[22m[39m

[41m[1m FAIL [22m[49m s
rc/test/agents/AdminDashboa
rd.test.tsx[2m > 
[22mAdminDashboard 
Component[2m > [22mEdge 
Cases[2m > [22mshould 
handle malformed client 
data gracefully
[31m[1mTestingLibraryElem
entError[22m[39m: Unable 
to find an element with 
the text: /base de 
clientes/i. This could be 
because the text is broken 
up by multiple elements. 
In this case, you can 
provide a function for 
your text matcher to make 
your matcher more flexible.

Ignored nodes: comments, 
script, style
[36m<body>[39m
  [36m<div>[39m
    [36m<div[39m
      [33mclass[39m=[32m
"h-full flex flex-col 
gap-6 p-2"[39m
    [36m>[39m
      [36m<div[39m
        
[33mclass[39m=[32m"grid 
grid-cols-2 gap-4"[39m
      [36m>[39m
        [36m<div[39m
          [33mclass[39m=
[32m"bg-white p-4 
rounded-xl border 
border-ai-border 
shadow-sm"[39m
        [36m>[39m
          [36m<div[39m
            
[33mclass[39m=[32m"flex 
items-center gap-3 
mb-2"[39m
          [36m>[39m
            [36m<div[39m
              
[33mclass[39m=[32m"p-2 
bg-blue-50 text-blue-600 
rounded-lg"[39m
            [36m>[39m
              
[36m<svg[39m
                [33maria-h
idden[39m=[32m"true"[39m
                [33mclass
[39m=[32m"lucide 
lucide-users"[39m
                [33mfill[
39m=[32m"none"[39m
                [33mheight
[39m=[32m"18"[39m
                [33mstroke
[39m=[32m"currentColor"[
39m
                [33mstroke
-linecap[39m=[32m"round"
[39m
                [33mstroke
-linejoin[39m=[32m"round"
[39m
                [33mstroke
-width[39m=[32m"2"[39m
                
[33mviewBox[39m=[32m"0 
0 24 24"[39m
                [33mwidth
[39m=[32m"18"[39m
                [33mxmlns
[39m=[32m"http://www.w3.or
g/2000/svg"[39m
              [36m>[39m
                
[36m<path[39m
                  
[33md[39m=[32m"M16 
21v-2a4 4 0 0 0-4-4H6a4 4 
0 0 0-4 4v2"[39m
                
[36m/>[39m
                
[36m<path[39m
                  
[33md[39m=[32m"M16 
3.128a4 4 0 0 1 0 
7.744"[39m
                
[36m/>[39m
                
[36m<path[39m
                  
[33md[39m=[32m"M22 
21v-2a4 4 0 0 
0-3-3.87"[39m
                
[36m/>[39m
                
[36m<circle[39m
                  
[33mcx[39m=[32m"9"[39m
                  
[33mcy[39m=[32m"7"[39m
                  
[33mr[39m=[32m"4"[39m
                
[36m/>[39m
              
[36m</svg>[39m
            
[36m</div>[39m
            [36m<span[39m
              [33mclass[3
9m=[32m"text-xs font-bold 
text-ai-subtext 
uppercase"[39m
            [36m>[39m
              [0mTotal 
Usu├írios[0m
            
[36m</span>[39m
          [36m</div>[39m
          [36m<div[39m
            [33mclass[39m
=[32m"text-2xl font-mono 
font-bold 
text-ai-text"[39m
          [36m>[39m
            [0m0[0m
          [36m</div>[39m
          [36m<div[39m
            [33mclass[39m
=[32m"text-xs 
text-emerald-600 
font-medium mt-1"[39m
          [36m>[39m
            [0mUsu├írios 
cadastrados[0m
          [36m</div>[39m
        [36m</div>[39m
        [36m<div[39m
          [33mclass[39m=
[32m"bg-white p-4 
rounded-xl border 
border-ai-border 
shadow-sm"[39m
        [36m>[39m
          [36m<div[39m
            
[33mclass[39m=[32m"flex 
items-center gap-3 
mb-2"[39m
          [36m>[39m
            [36m<div[39m
              
[33mclass[39m=[32m"p-2 
bg-emerald-50 
text-emerald-600 
rounded-lg"[39m
            [36m>[39m
              
[36m<svg[39m
                [33maria-h
idden[39m=[32m"true"[39m
                [33mclass
[39m=[32m"lucide 
lucide-activity"[39m
                [33mfill[
39m=[32m"none"[39m
                [33mheight
[39m=[32m"18"[39m
                [33mstroke
[39m=[32m"currentColor"[
39m
                [33mstroke
-linecap[39m=[32m"round"
[39m
                [33mstroke
-linejoin[39m=[32m"round"
[39m
                [33mstroke
-width[39m=[32m"2"[39m
                
[33mviewBox[39m=[32m"0 
0 24 24"[39m
                [33mwidth
[39m=[32m"18"[39m
                [33mxmlns
[39m=[32m"http://www.w3.or
g/2000/svg"[39m
              [36m>[39m
                
[36m<path[39m
                  
[33md[39m=[32m"M22 
12h-2.48a2 2 0 0 0-1.93 
1.46l-2.35 8.36a.25.25 0 0 
1-.48 0L9.24 2.18a.25.25 0 
0 0-.48 0l-2.35 8.36A2 2 0 
0 1 4.49 12H2"[39m
                
[36m/>[39m
              
[36m</svg>[39m
            
[36m</div>[39m
            [36m<span[39m
              [33mclass[3
9m=[32m"text-xs font-bold 
text-ai-subtext 
uppercase"[39m
            [36m>[39m
              
[0mAtivos[0m
            
[36m</span>[39m
          [36m</div>[39m
          [36m<div[39m
            [33mclass[39m
=[32m"text-2xl font-mono 
font-bold 
text-ai-text"[39m
          [36m>[39m
            [0m0[0m
          [36m</div>[39m
          [36m<div[39m
            [33mclass[39m
=[32m"text-xs 
text-ai-subtext 
font-medium mt-1"[39m
          [36m>[39m
            [0mUsu├írios 
ativos[0m
          [36m</div>[39m
        [36m</div>[39m
      [36m</div>[39m
      [36m<div[39m
        [33mclass[39m=[3
2m"flex-1 bg-white 
rounded-xl border 
border-ai-border shadow-sm 
flex flex-col 
overflow-hidden"[39m
      [36m>[39m
        [36m<div[39m
          
[33mclass[39m=[32m"p-4 
border-b border-ai-border 
flex justify-between 
items-center"[39m
        [36m>[39m
          [36m<h2[39m
            [33mclass[39m
=[32m"text-sm font-bold 
text-ai-text"[39m
          [36m>[39m
            [0mBase de 
Usu├írios[0m
          [36m</h2>[39m
          [36m<div[39m
            [33mclass[39m
=[32m"relative w-64"[39m
          [36m>[39m
            [36m<svg[39m
              [33maria-hid
den[39m=[32m"true"[39m
              [33mclass[3
9m=[32m"lucide 
lucide-search absolute 
left-3 top-1/2 
-translate-y-1/2 
text-ai-subtext"[39m
              [33mfill[39
m=[32m"none"[39m
              [33mheight[
39m=[32m"14"[39m
              [33mstroke[
39m=[32m"currentColor"[39
m
              [33mstroke-l
inecap[39m=[32m"round"[3
9m
              [33mstroke-l
inejoin[39m=[32m"round"[
39m
              [33mstroke-w
idth[39m=[32m"2"[39m
              
[33mviewBox[39m=[32m"0 
0 24 24"[39m
              [33mwidth[3
9m=[32m"14"[39m
              [33mxmlns[3
9m=[32m"http://www.w3.org/
2000/svg"[39m
            [36m>[39m
              
[36m<path[39m
                
[33md[39m=[32m"m21 
21-4.34-4.34"[39m
              [36m/>[39m
              
[36m<circle[39m
                
[33mcx[39m=[32m"11"[39m
                
[33mcy[39m=[32m"11"[39m
                
[33mr[39m=[32m"8"[39m
              [36m/>[39m
            
[36m</svg>[39m
            
[36m<input[39m
              [33mclass[3
9m=[32m"w-full pl-9 pr-3 
py-1.5 text-xs border 
border-ai-border 
rounded-md bg-ai-surface 
focus:outline-none 
focus:border-ai-text 
transition-colors"[39m
              [33mplacehol
der[39m=[32m"Buscar 
usu├írio..."[39m
              [33mtype[39
m=[32m"text"[39m
              [33mvalue[3
9m=[32m""[39m
            [36m/>[39m
          [36m</div>[39m
        [36m</div>[39m
        [36m<div[39m
          [33mclass[39m=
[32m"flex-1 
overflow-auto"[39m
        [36m>[39m
          [36m<table[39m
            [33mclass[39m
=[32m"w-full text-left 
border-collapse"[39m
          [36m>[39m
            
[36m<thead[39m
              [33mclass[3
9m=[32m"bg-ai-surface 
sticky top-0 z-10"[39m
            [36m>[39m
              
[36m<tr>[39m
                
[36m<th[39m
                  
[33mclass[39m=[32m"px-6 
py-3 text-[10px] font-bold 
text-ai-subtext uppercase 
tracking-wider border-b 
border-ai-border"[39m
                [36m>[39m
                  
[0mUsu├írio[0m
                
[36m</th>[39m
                
[36m<th[39m
                  
[33mclass[39m=[32m"px-6 
py-3 text-[10px] font-bold 
text-ai-subtext uppercase 
tracking-wider border-b 
border-ai-border"[39m
                [36m>[39m
                  
[0mQualifica├º├úo[0m
                
[36m</th>[39m
                
[36m<th[39m
                  
[33mclass[39m=[32m"px-6 
py-3 text-[10px] font-bold 
text-ai-subtext uppercase 
tracking-wider border-b 
border-ai-border"[39m
                [36m>[39m
                  
[0mStatus[0m
                
[36m</th>[39m
                
[36m<th[39m
                  
[33mclass[39m=[32m"px-6 
py-3 text-[10px] font-bold 
text-ai-subtext uppercase 
tracking-wider border-b 
border-ai-border"[39m
                [36m>[39m
                  
[0m├Ültimo Acesso[0m
                
[36m</th>[39m
                
[36m<th[39m
                  
[33mclass[39m=[32m"px-6 
py-3 text-[10px] font-bold 
text-ai-subtext uppercase 
tracking-wider border-b 
border-ai-border 
text-right"[39m
                [36m>[39m
                  
[0mA├º├╡es[0m
                
[36m</th>[39m
              
[36m</tr>[39m
            
[36m</thead>[39m
            
[36m<tbody[39m
              [33mclass[3
9m=[32m"divide-y 
divide-ai-border"[39m
            [36m>[39m
              
[36m<tr>[39m
                
[36m<td[39m
                  
[33mclass[39m=[32m"px-6 
py-8 text-center 
text-ai-subtext"[39m
                  [33mcols
pan[39m=[32m"5"[39m
                [36m>[39m
                  
[0mNenhum usu├írio 
cadastrado[0m
                
[36m</td>[39m
              
[36m</tr>[39m
            
[36m</tbody>[39m
          
[36m</table>[39m
        [36m</div>[39m
        [36m<div[39m
          
[33mclass[39m=[32m"p-3 
border-t border-ai-border 
bg-ai-surface/30 text-xs 
text-ai-subtext 
text-center"[39m
        [36m>[39m
          [0mMostrando 
[0m
          [0m0[0m
          [0m de [0m
          [0m0[0m
          [0m 
usu├írios[0m
        [36m</div>[39m
      [36m</div>[39m
    [36m</div>[39m
  [36m</div>[39m
[36m</body>[39m

Ignored nodes: comments, 
script, style
[36m<html>[39m
  [36m<head />[39m
  [36m<body>[39m
    [36m<div>[39m
      [36m<div[39m
        [33mclass[39m=[3
2m"h-full flex flex-col 
gap-6 p-2"[39m
      [36m>[39m
        [36m<div[39m
          
[33mclass[39m=[32m"grid 
grid-cols-2 gap-4"[39m
        [36m>[39m
          [36m<div[39m
            [33mclass[39m
=[32m"bg-white p-4 
rounded-xl border 
border-ai-border 
shadow-sm"[39m
          [36m>[39m
            [36m<div[39m
              
[33mclass[39m=[32m"flex 
items-center gap-3 
mb-2"[39m
            [36m>[39m
              
[36m<div[39m
                
[33mclass[39m=[32m"p-2 
bg-blue-50 text-blue-600 
rounded-lg"[39m
              [36m>[39m
                
[36m<svg[39m
                  [33maria
-hidden[39m=[32m"true"[3
9m
                  [33mclas
s[39m=[32m"lucide 
lucide-users"[39m
                  [33mfill
[39m=[32m"none"[39m
                  [33mheig
ht[39m=[32m"18"[39m
                  [33mstro
ke[39m=[32m"currentColor"
[39m
                  [33mstro
ke-linecap[39m=[32m"round
"[39m
                  [33mstro
ke-linejoin[39m=[32m"roun
d"[39m
                  [33mstro
ke-width[39m=[32m"2"[39m
                  
[33mviewBox[39m=[32m"0 
0 24 24"[39m
                  [33mwidt
h[39m=[32m"18"[39m
                  [33mxmln
s[39m=[32m"http://www.w3.
org/2000/svg"[39m
                [36m>[39m
                  
[36m<path[39m
                    
[33md[39m=[32m"M16 
21v-2a4 4 0 0 0-4-4H6a4 4 
0 0 0-4 4v2"[39m
                  
[36m/>[39m
                  
[36m<path[39m
                    
[33md[39m=[32m"M16 
3.128a4 4 0 0 1 0 
7.744"[39m
                  
[36m/>[39m
                  
[36m<path[39m
                    
[33md[39m=[32m"M22 
21v-2a4 4 0 0 
0-3-3.87"[39m
                  
[36m/>[39m
                  
[36m<circle[39m
                    
[33mcx[39m=[32m"9"[39m
                    
[33mcy[39m=[32m"7"[39m
                    
[33mr[39m=[32m"4"[39m
                  
[36m/>[39m
                
[36m</svg>[39m
              
[36m</div>[39m
              
[36m<span[39m
                [33mclass
[39m=[32m"text-xs 
font-bold text-ai-subtext 
uppercase"[39m
              [36m>[39m
                [0mTotal 
Usu├írios[0m
              
[36m</span>[39m
            
[36m</div>[39m
            [36m<div[39m
              [33mclass[3
9m=[32m"text-2xl 
font-mono font-bold 
text-ai-text"[39m
            [36m>[39m
              [0m0[0m
            
[36m</div>[39m
            [36m<div[39m
              [33mclass[3
9m=[32m"text-xs 
text-emerald-600 
font-medium mt-1"[39m
            [36m>[39m
              
[0mUsu├írios 
cadastrados[0m
            
[36m</div>[39m
          [36m</div>[39m
          [36m<div[39m
            [33mclass[39m
=[32m"bg-white p-4 
rounded-xl border 
border-ai-border 
shadow-sm"[39m
          [36m>[39m
            [36m<div[39m
              
[33mclass[39m=[32m"flex 
items-center gap-3 
mb-2"[39m
            [36m>[39m
              
[36m<div[39m
                
[33mclass[39m=[32m"p-2 
bg-emerald-50 
text-emerald-600 
rounded-lg"[39m
              [36m>[39m
                
[36m<svg[39m
                  [33maria
-hidden[39m=[32m"true"[3
9m
                  [33mclas
s[39m=[32m"lucide 
lucide-activity"[39m
                  [33mfill
[39m=[32m"none"[39m
                  [33mheig
ht[39m=[32m"18"[39m
                  [33mstro
ke[39m=[32m"currentColor"
[39m
                  [33mstro
ke-linecap[39m=[32m"round
"[39m
                  [33mstro
ke-linejoin[39m=[32m"roun
d"[39m
                  [33mstro
ke-width[39m=[32m"2"[39m
                  
[33mviewBox[39m=[32m"0 
0 24 24"[39m
                  [33mwidt
h[39m=[32m"18"[39m
                  [33mxmln
s[39m=[32m"http://www.w3.
org/2000/svg"[39m
                [36m>[39m
                  
[36m<path[39m
                    
[33md[39m=[32m"M22 
12h-2.48a2 2 0 0 0-1.93 
1.46l-2.35 8.36a.25.25 0 0 
1-.48 0L9.24 2.18a.25.25 0 
0 0-.48 0l-2.35 8.36A2 2 0 
0 1 4.49 12H2"[39m
                  
[36m/>[39m
                
[36m</svg>[39m
              
[36m</div>[39m
              
[36m<span[39m
                [33mclass
[39m=[32m"text-xs 
font-bold text-ai-subtext 
uppercase"[39m
              [36m>[39m
                
[0mAtivos[0m
              
[36m</span>[39m
            
[36m</div>[39m
            [36m<div[39m
              [33mclass[3
9m=[32m"text-2xl 
font-mono font-bold 
text-ai-text"[39m
            [36m>[39m
              [0m0[0m
            
[36m</div>[39m
            [36m<div[39m
              [33mclass[3
9m=[32m"text-xs 
text-ai-subtext 
font-medium mt-1"[39m
            [36m>[39m
              
[0mUsu├írios ativos[0m
            
[36m</div>[39m
          [36m</div>[39m
        [36m</div>[39m
        [36m<div[39m
          [33mclass[39m=
[32m"flex-1 bg-white 
rounded-xl border 
border-ai-border shadow-sm 
flex flex-col 
overflow-hidden"[39m
        [36m>[39m
          [36m<div[39m
            
[33mclass[39m=[32m"p-4 
border-b border-ai-border 
flex justify-between 
items-center"[39m
          [36m>[39m
            [36m<h2[39m
              [33mclass[3
9m=[32m"text-sm font-bold 
text-ai-text"[39m
            [36m>[39m
              [0mBase de 
Usu├írios[0m
            [36m</h2>[39m
            [36m<div[39m
              [33mclass[3
9m=[32m"relative 
w-64"[39m
            [36m>[39m
              
[36m<svg[39m
                [33maria-h
idden[39m=[32m"true"[39m
                [33mclass
[39m=[32m"lucide 
lucide-search absolute 
left-3 top-1/2 
-translate-y-1/2 
text-ai-subtext"[39m
                [33mfill[
39m=[32m"none"[39m
                [33mheight
[39m=[32m"14"[39m
                [33mstroke
[39m=[32m"currentColor"[
39m
                [33mstroke
-linecap[39m=[32m"round"
[39m
                [33mstroke
-linejoin[39m=[32m"round"
[39m
                [33mstroke
-width[39m=[32m"2"[39m
                
[33mviewBox[39m=[32m"0 
0 24 24"[39m
                [33mwidth
[39m=[32m"14"[39m
                [33mxmlns
[39m=[32m"http://www.w3.or
g/2000/svg"[39m
              [36m>[39m
                
[36m<path[39m
                  
[33md[39m=[32m"m21 
21-4.34-4.34"[39m
                
[36m/>[39m
                
[36m<circle[39m
                  
[33mcx[39m=[32m"11"[39m
                  
[33mcy[39m=[32m"11"[39m
                  
[33mr[39m=[32m"8"[39m
                
[36m/>[39m
              
[36m</svg>[39m
              
[36m<input[39m
                [33mclass
[39m=[32m"w-full pl-9 
pr-3 py-1.5 text-xs border 
border-ai-border 
rounded-md bg-ai-surface 
focus:outline-none 
focus:border-ai-text 
transition-colors"[39m
                [33mplaceh
older[39m=[32m"Buscar 
usu├írio..."[39m
                [33mtype[
39m=[32m"text"[39m
                [33mvalue
[39m=[32m""[39m
              [36m/>[39m
            
[36m</div>[39m
          [36m</div>[39m
          [36m<div[39m
            [33mclass[39m
=[32m"flex-1 
overflow-auto"[39m
          [36m>[39m
            
[36m<table[39m
              [33mclass[3
9m=[32m"w-full text-left 
border-collapse"[39m
            [36m>[39m
              
[36m<thead[39m
                [33mclass
[39m=[32m"bg-ai-surface 
sticky top-0 z-10"[39m
              [36m>[39m
                
[36m<tr>[39m
                  
[36m<th[39m
                    
[33mclass[39m=[32m"px-6 
py-3 text-[10px] font-bold 
text-ai-subtext uppercase 
tracking-wider border-b 
border-ai-border"[39m
                  
[36m>[39m
                    
[0mUsu├írio[0m
                  
[36m</th>[39m
                  
[36m<th[39m
                    
[33mclass[39m=[32m"px-6 
py-3 text-[10px] font-bold 
text-ai-subtext uppercase 
tracking-wider border-b 
border-ai-border"[39m
                  
[36m>[39m
                    
[0mQualifica├º├úo[0m
                  
[36m</th>[39m
                  
[36m<th[39m
                    
[33mclass[39m=[32m"px-6 
py-3 text-[10px] font-bold 
text-ai-subtext uppercase 
tracking-wider border-b 
border-ai-border"[39m
                  
[36m>[39m
                    
[0mStatus[0m
                  
[36m</th>[39m
                  
[36m<th[39m
                    
[33mclass[39m=[32m"px-6 
py-3 text-[10px] font-bold 
text-ai-subtext uppercase 
tracking-wider border-b 
border-ai-border"[39m
                  
[36m>[39m
                    
[0m├Ültimo Acesso[0m
                  
[36m</th>[39m
                  
[36m<th[39m
                    
[33mclass[39m=[32m"px-6 
py-3 text-[10px] font-bold 
text-ai-subtext uppercase 
tracking-wider border-b 
border-ai-border 
text-right"[39m
                  
[36m>[39m
                    
[0mA├º├╡es[0m
                  
[36m</th>[39m
                
[36m</tr>[39m
              
[36m</thead>[39m
              
[36m<tbody[39m
                [33mclass
[39m=[32m"divide-y 
divide-ai-border"[39m
              [36m>[39m
                
[36m<tr>[39m
                  
[36m<td[39m
                    
[33mclass[39m=[32m"px-6 
py-8 text-center 
text-ai-subtext"[39m
                    [33mco
lspan[39m=[32m"5"[39m
                  
[36m>[39m
                    
[0mNenhum usu├írio 
cadastrado[0m
                  
[36m</td>[39m
                
[36m</tr>[39m
              
[36m</tbody>[39m
            
[36m</table>[39m
          [36m</div>[39m
          [36m<div[39m
            
[33mclass[39m=[32m"p-3 
border-t border-ai-border 
bg-ai-surface/30 text-xs 
text-ai-subtext 
text-center"[39m
          [36m>[39m
            [0mMostrando 
[0m
            [0m0[0m
            [0m de [0m
            [0m0[0m
            [0m 
usu├írios[0m
          [36m</div>[39m
        [36m</div>[39m
      [36m</div>[39m
    [36m</div>[39m
  [36m</body>[39m
[36m</html>[39m
[90m [2mΓ¥»[22m 
Proxy.waitForWrapper node_m
odules/@testing-library/dom
/dist/wait-for.js:[2m163:2
7[22m[39m
[36m [2mΓ¥»[22m src/test
/agents/AdminDashboard.test
.tsx:[2m471:13[22m[39m
    [90m469| [39m
    [90m470| [39m      
[90m// Should not crash, 
should filter out invalid 
entries[39m
    [90m471| [39m      
[35mawait[39m 
[34mwaitFor[39m(() 
[33m=>[39m {
    [90m   | [39m        
    [31m^[39m
    [90m472| [39m        
[90m// Component should 
render without errors[39m
    [90m473| [39m        
expect(screen.getByText(/ba
se de clientes/i)).toBeInTh
eDocumenΓÇª

[31m[2mΓÄ»ΓÄ»ΓÄ»ΓÄ»ΓÄ»ΓÄ»
ΓÄ»ΓÄ»ΓÄ»ΓÄ»ΓÄ»ΓÄ»ΓÄ»ΓÄ»ΓÄ»
ΓÄ»ΓÄ»ΓÄ»ΓÄ»ΓÄ»ΓÄ»ΓÄ»[15/18
]ΓÄ»[22m[39m

[41m[1m FAIL [22m[49m s
rc/test/agents/AdminDashboa
rd.test.tsx[2m > 
[22mAdminDashboard 
Component[2m > [22mEdge 
Cases[2m > [22mshould 
handle network timeout
[31m[1mTestingLibraryElem
entError[22m: Unable to 
find an element with the 
text: /erro/i. This could 
be because the text is 
broken up by multiple 
elements. In this case, 
you can provide a function 
for your text matcher to 
make your matcher more 
flexible.

Ignored nodes: comments, 
script, style
[36m<body>[31m
  [36m<div>[31m
    [36m<div[31m
      [33mclass[31m=[32m
"h-full flex items-center 
justify-center"[31m
    [36m>[31m
      [36m<svg[31m
        [33maria-hidden[3
1m=[32m"true"[31m
        [33mclass[31m=[3
2m"lucide 
lucide-loader-circle 
animate-spin 
text-ai-subtext"[31m
        [33mfill[31m=[32
m"none"[31m
        [33mheight[31m=[
32m"32"[31m
        [33mstroke[31m=[
32m"currentColor"[31m
        [33mstroke-linecap
[31m=[32m"round"[31m
        [33mstroke-linejoi
n[31m=[32m"round"[31m
        [33mstroke-width[
31m=[32m"2"[31m
        
[33mviewBox[31m=[32m"0 
0 24 24"[31m
        [33mwidth[31m=[3
2m"32"[31m
        [33mxmlns[31m=[3
2m"http://www.w3.org/2000/s
vg"[31m
      [36m>[31m
        [36m<path[31m
          
[33md[31m=[32m"M21 12a9 
9 0 1 1-6.219-8.56"[31m
        [36m/>[31m
      [36m</svg>[31m
    [36m</div>[31m
  [36m</div>[31m
[36m</body>[31m

Ignored nodes: comments, 
script, style
[36m<html>[31m
  [36m<head />[31m
  [36m<body>[31m
    [36m<div>[31m
      [36m<div[31m
        [33mclass[31m=[3
2m"h-full flex 
items-center 
justify-center"[31m
      [36m>[31m
        [36m<svg[31m
          [33maria-hidden
[31m=[32m"true"[31m
          [33mclass[31m=
[32m"lucide 
lucide-loader-circle 
animate-spin 
text-ai-subtext"[31m
          [33mfill[31m=[
32m"none"[31m
          [33mheight[31m=
[32m"32"[31m
          [33mstroke[31m=
[32m"currentColor"[31m
          [33mstroke-linec
ap[31m=[32m"round"[31m
          [33mstroke-linej
oin[31m=[32m"round"[31m
          [33mstroke-width
[31m=[32m"2"[31m
          
[33mviewBox[31m=[32m"0 
0 24 24"[31m
          [33mwidth[31m=
[32m"32"[31m
          [33mxmlns[31m=
[32m"http://www.w3.org/2000
/svg"[31m
        [36m>[31m
          [36m<path[31m
            
[33md[31m=[32m"M21 12a9 
9 0 1 1-6.219-8.56"[31m
          [36m/>[31m
        [36m</svg>[31m
      [36m</div>[31m
    [36m</div>[31m
  [36m</body>[31m
[36m</html>[31m[39m
[90m [2mΓ¥»[22m 
Proxy.waitForWrapper node_m
odules/@testing-library/dom
/dist/wait-for.js:[2m163:2
7[22m[39m
[36m [2mΓ¥»[22m src/test
/agents/AdminDashboard.test
.tsx:[2m486:13[22m[39m
    [90m484| [39m      [
34mrender[39m([33m<[39m
[33mAdminDashboard[39m [3
3m/[39m[33m>[39m)[33m;
[39m
    [90m485| [39m
    [90m486| [39m      
[35mawait[39m 
[34mwaitFor[39m(() 
[33m=>[39m {
    [90m   | [39m        
    [31m^[39m
    [90m487| [39m        
[34mexpect[39m(screen[33
m.[39m[34mgetByText[39m(
[36m/erro/i[39m))[33m.[
39m[34mtoBeInTheDocument[
39m()[33m;[39m
    [90m488| [39m      
}[33m,[39m { 
timeout[33m:[39m 
[34m2000[39m 
})[33m;[39m

[31m[2mΓÄ»ΓÄ»ΓÄ»ΓÄ»ΓÄ»ΓÄ»
ΓÄ»ΓÄ»ΓÄ»ΓÄ»ΓÄ»ΓÄ»ΓÄ»ΓÄ»ΓÄ»
ΓÄ»ΓÄ»ΓÄ»ΓÄ»ΓÄ»ΓÄ»ΓÄ»[16/18
]ΓÄ»[22m[39m

[41m[1m FAIL [22m[49m s
rc/test/agents/AdminDashboa
rd.test.tsx[2m > 
[22mAdminDashboard 
Component[2m > [22mTable 
Display[2m > [22mshould 
show correct table headers
[31m[1mTestingLibraryElem
entError[22m[39m: Unable 
to find an element with 
the text: /cliente/i. This 
could be because the text 
is broken up by multiple 
elements. In this case, 
you can provide a function 
for your text matcher to 
make your matcher more 
flexible.

Ignored nodes: comments, 
script, style
[36m<body>[39m
  [36m<div>[39m
    [36m<div[39m
      [33mclass[39m=[32m
"h-full flex flex-col 
gap-6 p-2"[39m
    [36m>[39m
      [36m<div[39m
        
[33mclass[39m=[32m"grid 
grid-cols-2 gap-4"[39m
      [36m>[39m
        [36m<div[39m
          [33mclass[39m=
[32m"bg-white p-4 
rounded-xl border 
border-ai-border 
shadow-sm"[39m
        [36m>[39m
          [36m<div[39m
            
[33mclass[39m=[32m"flex 
items-center gap-3 
mb-2"[39m
          [36m>[39m
            [36m<div[39m
              
[33mclass[39m=[32m"p-2 
bg-blue-50 text-blue-600 
rounded-lg"[39m
            [36m>[39m
              
[36m<svg[39m
                [33maria-h
idden[39m=[32m"true"[39m
                [33mclass
[39m=[32m"lucide 
lucide-users"[39m
                [33mfill[
39m=[32m"none"[39m
                [33mheight
[39m=[32m"18"[39m
                [33mstroke
[39m=[32m"currentColor"[
39m
                [33mstroke
-linecap[39m=[32m"round"
[39m
                [33mstroke
-linejoin[39m=[32m"round"
[39m
                [33mstroke
-width[39m=[32m"2"[39m
                
[33mviewBox[39m=[32m"0 
0 24 24"[39m
                [33mwidth
[39m=[32m"18"[39m
                [33mxmlns
[39m=[32m"http://www.w3.or
g/2000/svg"[39m
              [36m>[39m
                
[36m<path[39m
                  
[33md[39m=[32m"M16 
21v-2a4 4 0 0 0-4-4H6a4 4 
0 0 0-4 4v2"[39m
                
[36m/>[39m
                
[36m<path[39m
                  
[33md[39m=[32m"M16 
3.128a4 4 0 0 1 0 
7.744"[39m
                
[36m/>[39m
                
[36m<path[39m
                  
[33md[39m=[32m"M22 
21v-2a4 4 0 0 
0-3-3.87"[39m
                
[36m/>[39m
                
[36m<circle[39m
                  
[33mcx[39m=[32m"9"[39m
                  
[33mcy[39m=[32m"7"[39m
                  
[33mr[39m=[32m"4"[39m
                
[36m/>[39m
              
[36m</svg>[39m
            
[36m</div>[39m
            [36m<span[39m
              [33mclass[3
9m=[32m"text-xs font-bold 
text-ai-subtext 
uppercase"[39m
            [36m>[39m
              [0mTotal 
Usu├írios[0m
            
[36m</span>[39m
          [36m</div>[39m
          [36m<div[39m
            [33mclass[39m
=[32m"text-2xl font-mono 
font-bold 
text-ai-text"[39m
          [36m>[39m
            [0m3[0m
          [36m</div>[39m
          [36m<div[39m
            [33mclass[39m
=[32m"text-xs 
text-emerald-600 
font-medium mt-1"[39m
          [36m>[39m
            [0mUsu├írios 
cadastrados[0m
          [36m</div>[39m
        [36m</div>[39m
        [36m<div[39m
          [33mclass[39m=
[32m"bg-white p-4 
rounded-xl border 
border-ai-border 
shadow-sm"[39m
        [36m>[39m
          [36m<div[39m
            
[33mclass[39m=[32m"flex 
items-center gap-3 
mb-2"[39m
          [36m>[39m
            [36m<div[39m
              
[33mclass[39m=[32m"p-2 
bg-emerald-50 
text-emerald-600 
rounded-lg"[39m
            [36m>[39m
              
[36m<svg[39m
                [33maria-h
idden[39m=[32m"true"[39m
                [33mclass
[39m=[32m"lucide 
lucide-activity"[39m
                [33mfill[
39m=[32m"none"[39m
                [33mheight
[39m=[32m"18"[39m
                [33mstroke
[39m=[32m"currentColor"[
39m
                [33mstroke
-linecap[39m=[32m"round"
[39m
                [33mstroke
-linejoin[39m=[32m"round"
[39m
                [33mstroke
-width[39m=[32m"2"[39m
                
[33mviewBox[39m=[32m"0 
0 24 24"[39m
                [33mwidth
[39m=[32m"18"[39m
                [33mxmlns
[39m=[32m"http://www.w3.or
g/2000/svg"[39m
              [36m>[39m
                
[36m<path[39m
                  
[33md[39m=[32m"M22 
12h-2.48a2 2 0 0 0-1.93 
1.46l-2.35 8.36a.25.25 0 0 
1-.48 0L9.24 2.18a.25.25 0 
0 0-.48 0l-2.35 8.36A2 2 0 
0 1 4.49 12H2"[39m
                
[36m/>[39m
              
[36m</svg>[39m
            
[36m</div>[39m
            [36m<span[39m
              [33mclass[3
9m=[32m"text-xs font-bold 
text-ai-subtext 
uppercase"[39m
            [36m>[39m
              
[0mAtivos[0m
            
[36m</span>[39m
          [36m</div>[39m
          [36m<div[39m
            [33mclass[39m
=[32m"text-2xl font-mono 
font-bold 
text-ai-text"[39m
          [36m>[39m
            [0m2[0m
          [36m</div>[39m
          [36m<div[39m
            [33mclass[39m
=[32m"text-xs 
text-ai-subtext 
font-medium mt-1"[39m
          [36m>[39m
            [0mUsu├írios 
ativos[0m
          [36m</div>[39m
        [36m</div>[39m
      [36m</div>[39m
      [36m<div[39m
        [33mclass[39m=[3
2m"flex-1 bg-white 
rounded-xl border 
border-ai-border shadow-sm 
flex flex-col 
overflow-hidden"[39m
      [36m>[39m
        [36m<div[39m
          
[33mclass[39m=[32m"p-4 
border-b border-ai-border 
flex justify-between 
items-center"[39m
        [36m>[39m
          [36m<h2[39m
            [33mclass[39m
=[32m"text-sm font-bold 
text-ai-text"[39m
          [36m>[39m
            [0mBase de 
Usu├írios[0m
          [36m</h2>[39m
          [36m<div[39m
            [33mclass[39m
=[32m"relative w-64"[39m
          [36m>[39m
            [36m<svg[39m
              [33maria-hid
den[39m=[32m"true"[39m
              [33mclass[3
9m=[32m"lucide 
lucide-search absolute 
left-3 top-1/2 
-translate-y-1/2 
text-ai-subtext"[39m
              [33mfill[39
m=[32m"none"[39m
              [33mheight[
39m=[32m"14"[39m
              [33mstroke[
39m=[32m"currentColor"[39
m
              [33mstroke-l
inecap[39m=[32m"round"[3
9m
              [33mstroke-l
inejoin[39m=[32m"round"[
39m
              [33mstroke-w
idth[39m=[32m"2"[39m
              
[33mviewBox[39m=[32m"0 
0 24 24"[39m
              [33mwidth[3
9m=[32m"14"[39m
              [33mxmlns[3
9m=[32m"http://www.w3.org/
2000/svg"[39m
            [36m>[39m
              
[36m<path[39m
                
[33md[39m=[32m"m21 
21-4.34-4.34"[39m
              [36m/>[39m
              
[36m<circle[39m
                
[33mcx[39m=[32m"11"[39m
                
[33mcy[39m=[32m"11"[39m
                
[33mr[39m=[32m"8"[39m
              [36m/>[39m
            
[36m</svg>[39m
            
[36m<input[39m
              [33mclass[3
9m=[32m"w-full pl-9 pr-3 
py-1.5 text-xs border 
border-ai-border 
rounded-md bg-ai-surface 
focus:outline-none 
focus:border-ai-text 
transition-colors"[39m
              [33mplacehol
der[39m=[32m"Buscar 
usu├írio..."[39m
              [33mtype[39
m=[32m"text"[39m
              [33mvalue[3
9m=[32m""[39m
            [36m/>[39m
          [36m</div>[39m
        [36m</div>[39m
        [36m<div[39m
          [33mclass[39m=
[32m"flex-1 
overflow-auto"[39m
        [36m>[39m
          [36m<table[39m
            [33mclass[39m
=[32m"w-full text-left 
border-collapse"[39m
          [36m>[39m
            
[36m<thead[39m
              [33mclass[3
9m=[32m"bg-ai-surface 
sticky top-0 z-10"[39m
            ...

Ignored nodes: comments, 
script, style
[36m<html>[39m
  [36m<head />[39m
  [36m<body>[39m
    [36m<div>[39m
      [36m<div[39m
        [33mclass[39m=[3
2m"h-full flex flex-col 
gap-6 p-2"[39m
      [36m>[39m
        [36m<div[39m
          
[33mclass[39m=[32m"grid 
grid-cols-2 gap-4"[39m
        [36m>[39m
          [36m<div[39m
            [33mclass[39m
=[32m"bg-white p-4 
rounded-xl border 
border-ai-border 
shadow-sm"[39m
          [36m>[39m
            [36m<div[39m
              
[33mclass[39m=[32m"flex 
items-center gap-3 
mb-2"[39m
            [36m>[39m
              
[36m<div[39m
                
[33mclass[39m=[32m"p-2 
bg-blue-50 text-blue-600 
rounded-lg"[39m
              [36m>[39m
                
[36m<svg[39m
                  [33maria
-hidden[39m=[32m"true"[3
9m
                  [33mclas
s[39m=[32m"lucide 
lucide-users"[39m
                  [33mfill
[39m=[32m"none"[39m
                  [33mheig
ht[39m=[32m"18"[39m
                  [33mstro
ke[39m=[32m"currentColor"
[39m
                  [33mstro
ke-linecap[39m=[32m"round
"[39m
                  [33mstro
ke-linejoin[39m=[32m"roun
d"[39m
                  [33mstro
ke-width[39m=[32m"2"[39m
                  
[33mviewBox[39m=[32m"0 
0 24 24"[39m
                  [33mwidt
h[39m=[32m"18"[39m
                  [33mxmln
s[39m=[32m"http://www.w3.
org/2000/svg"[39m
                [36m>[39m
                  
[36m<path[39m
                    
[33md[39m=[32m"M16 
21v-2a4 4 0 0 0-4-4H6a4 4 
0 0 0-4 4v2"[39m
                  
[36m/>[39m
                  
[36m<path[39m
                    
[33md[39m=[32m"M16 
3.128a4 4 0 0 1 0 
7.744"[39m
                  
[36m/>[39m
                  
[36m<path[39m
                    
[33md[39m=[32m"M22 
21v-2a4 4 0 0 
0-3-3.87"[39m
                  
[36m/>[39m
                  
[36m<circle[39m
                    
[33mcx[39m=[32m"9"[39m
                    
[33mcy[39m=[32m"7"[39m
                    
[33mr[39m=[32m"4"[39m
                  
[36m/>[39m
                
[36m</svg>[39m
              
[36m</div>[39m
              
[36m<span[39m
                [33mclass
[39m=[32m"text-xs 
font-bold text-ai-subtext 
uppercase"[39m
              [36m>[39m
                [0mTotal 
Usu├írios[0m
              
[36m</span>[39m
            
[36m</div>[39m
            [36m<div[39m
              [33mclass[3
9m=[32m"text-2xl 
font-mono font-bold 
text-ai-text"[39m
            [36m>[39m
              [0m3[0m
            
[36m</div>[39m
            [36m<div[39m
              [33mclass[3
9m=[32m"text-xs 
text-emerald-600 
font-medium mt-1"[39m
            [36m>[39m
              
[0mUsu├írios 
cadastrados[0m
            
[36m</div>[39m
          [36m</div>[39m
          [36m<div[39m
            [33mclass[39m
=[32m"bg-white p-4 
rounded-xl border 
border-ai-border 
shadow-sm"[39m
          [36m>[39m
            [36m<div[39m
              
[33mclass[39m=[32m"flex 
items-center gap-3 
mb-2"[39m
            [36m>[39m
              
[36m<div[39m
                
[33mclass[39m=[32m"p-2 
bg-emerald-50 
text-emerald-600 
rounded-lg"[39m
              [36m>[39m
                
[36m<svg[39m
                  [33maria
-hidden[39m=[32m"true"[3
9m
                  [33mclas
s[39m=[32m"lucide 
lucide-activity"[39m
                  [33mfill
[39m=[32m"none"[39m
                  [33mheig
ht[39m=[32m"18"[39m
                  [33mstro
ke[39m=[32m"currentColor"
[39m
                  [33mstro
ke-linecap[39m=[32m"round
"[39m
                  [33mstro
ke-linejoin[39m=[32m"roun
d"[39m
                  [33mstro
ke-width[39m=[32m"2"[39m
                  
[33mviewBox[39m=[32m"0 
0 24 24"[39m
                  [33mwidt
h[39m=[32m"18"[39m
                  [33mxmln
s[39m=[32m"http://www.w3.
org/2000/svg"[39m
                [36m>[39m
                  
[36m<path[39m
                    
[33md[39m=[32m"M22 
12h-2.48a2 2 0 0 0-1.93 
1.46l-2.35 8.36a.25.25 0 0 
1-.48 0L9.24 2.18a.25.25 0 
0 0-.48 0l-2.35 8.36A2 2 0 
0 1 4.49 12H2"[39m
                  
[36m/>[39m
                
[36m</svg>[39m
              
[36m</div>[39m
              
[36m<span[39m
                [33mclass
[39m=[32m"text-xs 
font-bold text-ai-subtext 
uppercase"[39m
              [36m>[39m
                
[0mAtivos[0m
              
[36m</span>[39m
            
[36m</div>[39m
            [36m<div[39m
              [33mclass[3
9m=[32m"text-2xl 
font-mono font-bold 
text-ai-text"[39m
            [36m>[39m
              [0m2[0m
            
[36m</div>[39m
            [36m<div[39m
              [33mclass[3
9m=[32m"text-xs 
text-ai-subtext 
font-medium mt-1"[39m
            [36m>[39m
              
[0mUsu├írios ativos[0m
            
[36m</div>[39m
          [36m</div>[39m
        [36m</div>[39m
        [36m<div[39m
          [33mclass[39m=
[32m"flex-1 bg-white 
rounded-xl border 
border-ai-border shadow-sm 
flex flex-col 
overflow-hidden"[39m
        [36m>[39m
          [36m<div[39m
            
[33mclass[39m=[32m"p-4 
border-b border-ai-border 
flex justify-between 
items-center"[39m
          [36m>[39m
            [36m<h2[39m
              [33mclass[3
9m=[32m"text-sm font-bold 
text-ai-text"[39m
            [36m>[39m
              [0mBase de 
Usu├írios[0m
            [36m</h2>[39m
            [36m<div[39m
              [33mclass[3
9m=[32m"relative 
w-64"[39m
            [36m>[39m
              
[36m<svg[39m
                [33maria-h
idden[39m=[32m"true"[39m
                [33mclass
[39m=[32m"lucide 
lucide-search absolute 
left-3 top-1/2 
-translate-y-1/2 
text-ai-subtext"[39m
                [33mfill[
39m=[32m"none"[39m
                [33mheight
[39m=[32m"14"[39m
                [33mstroke
[39m=[32m"currentColor"[
39m
                [33mstroke
-linecap[39m=[32m"round"
[39m
                [33mstroke
-linejoin[39m=[32m"round"
[39m
                [33mstroke
-width[39m=[32m"2"[39m
                
[33mviewBox[39m=[32m"0 
0 24 24"[39m
                [33mwidth
[39m=[32m"14"[39m
                [33mxmlns
[39m=[32m"http://www.w3.or
g/2000/svg"[39m
              [36m>[39m
                
[36m<path[39m
                  
[33md[39m=[32m"m21 
21-4.34-4.34"[39m
                
[36m/>[39m
                
[36m<circle[39m
                  
[33mcx[39m=[32m"11"[39m
                  
[33mcy[39m=[32m"11"[39m
                  
[33mr[39m=[32m"8"[39m
                
[36m/>[39m
              
[36m</svg>[39m
              
[36m<input[39m
                [33mclass
[39m=[32m"w-full pl-9 
pr-3 py-1.5 text-xs border 
border-ai-border 
rounded-md bg-ai-surface 
focus:outline-none 
focus:border-ai-text 
transition-colors"[39m
                [33mplaceh
older[39m=[32m"Buscar 
usu├írio..."[39m
                [33mtype[
39m=[32m"text"[39m
                [33mvalue
[39m=[32m""[39m
              [36m/>[39m
            
[36m</div>[39m
          
[36m</div>[39...
[90m [2mΓ¥»[22m 
Proxy.waitForWrapper node_m
odules/@testing-library/dom
/dist/wait-for.js:[2m163:2
7[22m[39m
[36m [2mΓ¥»[22m src/test
/agents/AdminDashboard.test
.tsx:[2m496:13[22m[39m
    [90m494| [39m      [
34mrender[39m([33m<[39m
[33mAdminDashboard[39m [3
3m/[39m[33m>[39m)[33m;
[39m
    [90m495| [39m
    [90m496| [39m      
[35mawait[39m 
[34mwaitFor[39m(() 
[33m=>[39m {
    [90m   | [39m        
    [31m^[39m
    [90m497| [39m        
[34mexpect[39m(screen[33
m.[39m[34mgetByText[39m(
[36m/cliente/i[39m))[33m
.[39m[34mtoBeInTheDocumen
t[39m()[33m;[39m
    [90m498| [39m        
[34mexpect[39m(screen[33
m.[39m[34mgetByText[39m(
[36m/plano/i[39m))[33m.
[39m[34mtoBeInTheDocument
[39m()[33m;[39m

[31m[2mΓÄ»ΓÄ»ΓÄ»ΓÄ»ΓÄ»ΓÄ»
ΓÄ»ΓÄ»ΓÄ»ΓÄ»ΓÄ»ΓÄ»ΓÄ»ΓÄ»ΓÄ»
ΓÄ»ΓÄ»ΓÄ»ΓÄ»ΓÄ»ΓÄ»ΓÄ»[17/18
]ΓÄ»[22m[39m

[41m[1m FAIL [22m[49m s
rc/test/agents/AdminDashboa
rd.test.tsx[2m > 
[22mAdminDashboard 
Component[2m > [22mTable 
Display[2m > [22mshould 
show client count in footer
[31m[1mTestingLibraryElem
entError[22m[39m: Unable 
to find an element with 
the text: /mostrando.*de.*c
lientes/i. This could be 
because the text is broken 
up by multiple elements. 
In this case, you can 
provide a function for 
your text matcher to make 
your matcher more flexible.

Ignored nodes: comments, 
script, style
[36m<body>[39m
  [36m<div>[39m
    [36m<div[39m
      [33mclass[39m=[32m
"h-full flex flex-col 
gap-6 p-2"[39m
    [36m>[39m
      [36m<div[39m
        
[33mclass[39m=[32m"grid 
grid-cols-2 gap-4"[39m
      [36m>[39m
        [36m<div[39m
          [33mclass[39m=
[32m"bg-white p-4 
rounded-xl border 
border-ai-border 
shadow-sm"[39m
        [36m>[39m
          [36m<div[39m
            
[33mclass[39m=[32m"flex 
items-center gap-3 
mb-2"[39m
          [36m>[39m
            [36m<div[39m
              
[33mclass[39m=[32m"p-2 
bg-blue-50 text-blue-600 
rounded-lg"[39m
            [36m>[39m
              
[36m<svg[39m
                [33maria-h
idden[39m=[32m"true"[39m
                [33mclass
[39m=[32m"lucide 
lucide-users"[39m
                [33mfill[
39m=[32m"none"[39m
                [33mheight
[39m=[32m"18"[39m
                [33mstroke
[39m=[32m"currentColor"[
39m
                [33mstroke
-linecap[39m=[32m"round"
[39m
                [33mstroke
-linejoin[39m=[32m"round"
[39m
                [33mstroke
-width[39m=[32m"2"[39m
                
[33mviewBox[39m=[32m"0 
0 24 24"[39m
                [33mwidth
[39m=[32m"18"[39m
                [33mxmlns
[39m=[32m"http://www.w3.or
g/2000/svg"[39m
              [36m>[39m
                
[36m<path[39m
                  
[33md[39m=[32m"M16 
21v-2a4 4 0 0 0-4-4H6a4 4 
0 0 0-4 4v2"[39m
                
[36m/>[39m
                
[36m<path[39m
                  
[33md[39m=[32m"M16 
3.128a4 4 0 0 1 0 
7.744"[39m
                
[36m/>[39m
                
[36m<path[39m
                  
[33md[39m=[32m"M22 
21v-2a4 4 0 0 
0-3-3.87"[39m
                
[36m/>[39m
                
[36m<circle[39m
                  
[33mcx[39m=[32m"9"[39m
                  
[33mcy[39m=[32m"7"[39m
                  
[33mr[39m=[32m"4"[39m
                
[36m/>[39m
              
[36m</svg>[39m
            
[36m</div>[39m
            [36m<span[39m
              [33mclass[3
9m=[32m"text-xs font-bold 
text-ai-subtext 
uppercase"[39m
            [36m>[39m
              [0mTotal 
Usu├írios[0m
            
[36m</span>[39m
          [36m</div>[39m
          [36m<div[39m
            [33mclass[39m
=[32m"text-2xl font-mono 
font-bold 
text-ai-text"[39m
          [36m>[39m
            [0m3[0m
          [36m</div>[39m
          [36m<div[39m
            [33mclass[39m
=[32m"text-xs 
text-emerald-600 
font-medium mt-1"[39m
          [36m>[39m
            [0mUsu├írios 
cadastrados[0m
          [36m</div>[39m
        [36m</div>[39m
        [36m<div[39m
          [33mclass[39m=
[32m"bg-white p-4 
rounded-xl border 
border-ai-border 
shadow-sm"[39m
        [36m>[39m
          [36m<div[39m
            
[33mclass[39m=[32m"flex 
items-center gap-3 
mb-2"[39m
          [36m>[39m
            [36m<div[39m
              
[33mclass[39m=[32m"p-2 
bg-emerald-50 
text-emerald-600 
rounded-lg"[39m
            [36m>[39m
              
[36m<svg[39m
                [33maria-h
idden[39m=[32m"true"[39m
                [33mclass
[39m=[32m"lucide 
lucide-activity"[39m
                [33mfill[
39m=[32m"none"[39m
                [33mheight
[39m=[32m"18"[39m
                [33mstroke
[39m=[32m"currentColor"[
39m
                [33mstroke
-linecap[39m=[32m"round"
[39m
                [33mstroke
-linejoin[39m=[32m"round"
[39m
                [33mstroke
-width[39m=[32m"2"[39m
                
[33mviewBox[39m=[32m"0 
0 24 24"[39m
                [33mwidth
[39m=[32m"18"[39m
                [33mxmlns
[39m=[32m"http://www.w3.or
g/2000/svg"[39m
              [36m>[39m
                
[36m<path[39m
                  
[33md[39m=[32m"M22 
12h-2.48a2 2 0 0 0-1.93 
1.46l-2.35 8.36a.25.25 0 0 
1-.48 0L9.24 2.18a.25.25 0 
0 0-.48 0l-2.35 8.36A2 2 0 
0 1 4.49 12H2"[39m
                
[36m/>[39m
              
[36m</svg>[39m
            
[36m</div>[39m
            [36m<span[39m
              [33mclass[3
9m=[32m"text-xs font-bold 
text-ai-subtext 
uppercase"[39m
            [36m>[39m
              
[0mAtivos[0m
            
[36m</span>[39m
          [36m</div>[39m
          [36m<div[39m
            [33mclass[39m
=[32m"text-2xl font-mono 
font-bold 
text-ai-text"[39m
          [36m>[39m
            [0m2[0m
          [36m</div>[39m
          [36m<div[39m
            [33mclass[39m
=[32m"text-xs 
text-ai-subtext 
font-medium mt-1"[39m
          [36m>[39m
            [0mUsu├írios 
ativos[0m
          [36m</div>[39m
        [36m</div>[39m
      [36m</div>[39m
      [36m<div[39m
        [33mclass[39m=[3
2m"flex-1 bg-white 
rounded-xl border 
border-ai-border shadow-sm 
flex flex-col 
overflow-hidden"[39m
      [36m>[39m
        [36m<div[39m
          
[33mclass[39m=[32m"p-4 
border-b border-ai-border 
flex justify-between 
items-center"[39m
        [36m>[39m
          [36m<h2[39m
            [33mclass[39m
=[32m"text-sm font-bold 
text-ai-text"[39m
          [36m>[39m
            [0mBase de 
Usu├írios[0m
          [36m</h2>[39m
          [36m<div[39m
            [33mclass[39m
=[32m"relative w-64"[39m
          [36m>[39m
            [36m<svg[39m
              [33maria-hid
den[39m=[32m"true"[39m
              [33mclass[3
9m=[32m"lucide 
lucide-search absolute 
left-3 top-1/2 
-translate-y-1/2 
text-ai-subtext"[39m
              [33mfill[39
m=[32m"none"[39m
              [33mheight[
39m=[32m"14"[39m
              [33mstroke[
39m=[32m"currentColor"[39
m
              [33mstroke-l
inecap[39m=[32m"round"[3
9m
              [33mstroke-l
inejoin[39m=[32m"round"[
39m
              [33mstroke-w
idth[39m=[32m"2"[39m
              
[33mviewBox[39m=[32m"0 
0 24 24"[39m
              [33mwidth[3
9m=[32m"14"[39m
              [33mxmlns[3
9m=[32m"http://www.w3.org/
2000/svg"[39m
            [36m>[39m
              
[36m<path[39m
                
[33md[39m=[32m"m21 
21-4.34-4.34"[39m
              [36m/>[39m
              
[36m<circle[39m
                
[33mcx[39m=[32m"11"[39m
                
[33mcy[39m=[32m"11"[39m
                
[33mr[39m=[32m"8"[39m
              [36m/>[39m
            
[36m</svg>[39m
            
[36m<input[39m
              [33mclass[3
9m=[32m"w-full pl-9 pr-3 
py-1.5 text-xs border 
border-ai-border 
rounded-md bg-ai-surface 
focus:outline-none 
focus:border-ai-text 
transition-colors"[39m
              [33mplacehol
der[39m=[32m"Buscar 
usu├írio..."[39m
              [33mtype[39
m=[32m"text"[39m
              [33mvalue[3
9m=[32m""[39m
            [36m/>[39m
          [36m</div>[39m
        [36m</div>[39m
        [36m<div[39m
          [33mclass[39m=
[32m"flex-1 
overflow-auto"[39m
        [36m>[39m
          [36m<table[39m
            [33mclass[39m
=[32m"w-full text-left 
border-collapse"[39m
          [36m>[39m
            
[36m<thead[39m
              [33mclass[3
9m=[32m"bg-ai-surface 
sticky top-0 z-10"[39m
            ...

Ignored nodes: comments, 
script, style
[36m<html>[39m
  [36m<head />[39m
  [36m<body>[39m
    [36m<div>[39m
      [36m<div[39m
        [33mclass[39m=[3
2m"h-full flex flex-col 
gap-6 p-2"[39m
      [36m>[39m
        [36m<div[39m
          
[33mclass[39m=[32m"grid 
grid-cols-2 gap-4"[39m
        [36m>[39m
          [36m<div[39m
            [33mclass[39m
=[32m"bg-white p-4 
rounded-xl border 
border-ai-border 
shadow-sm"[39m
          [36m>[39m
            [36m<div[39m
              
[33mclass[39m=[32m"flex 
items-center gap-3 
mb-2"[39m
            [36m>[39m
              
[36m<div[39m
                
[33mclass[39m=[32m"p-2 
bg-blue-50 text-blue-600 
rounded-lg"[39m
              [36m>[39m
                
[36m<svg[39m
                  [33maria
-hidden[39m=[32m"true"[3
9m
                  [33mclas
s[39m=[32m"lucide 
lucide-users"[39m
                  [33mfill
[39m=[32m"none"[39m
                  [33mheig
ht[39m=[32m"18"[39m
                  [33mstro
ke[39m=[32m"currentColor"
[39m
                  [33mstro
ke-linecap[39m=[32m"round
"[39m
                  [33mstro
ke-linejoin[39m=[32m"roun
d"[39m
                  [33mstro
ke-width[39m=[32m"2"[39m
                  
[33mviewBox[39m=[32m"0 
0 24 24"[39m
                  [33mwidt
h[39m=[32m"18"[39m
                  [33mxmln
s[39m=[32m"http://www.w3.
org/2000/svg"[39m
                [36m>[39m
                  
[36m<path[39m
                    
[33md[39m=[32m"M16 
21v-2a4 4 0 0 0-4-4H6a4 4 
0 0 0-4 4v2"[39m
                  
[36m/>[39m
                  
[36m<path[39m
                    
[33md[39m=[32m"M16 
3.128a4 4 0 0 1 0 
7.744"[39m
                  
[36m/>[39m
                  
[36m<path[39m
                    
[33md[39m=[32m"M22 
21v-2a4 4 0 0 
0-3-3.87"[39m
                  
[36m/>[39m
                  
[36m<circle[39m
                    
[33mcx[39m=[32m"9"[39m
                    
[33mcy[39m=[32m"7"[39m
                    
[33mr[39m=[32m"4"[39m
                  
[36m/>[39m
                
[36m</svg>[39m
              
[36m</div>[39m
              
[36m<span[39m
                [33mclass
[39m=[32m"text-xs 
font-bold text-ai-subtext 
uppercase"[39m
              [36m>[39m
                [0mTotal 
Usu├írios[0m
              
[36m</span>[39m
            
[36m</div>[39m
            [36m<div[39m
              [33mclass[3
9m=[32m"text-2xl 
font-mono font-bold 
text-ai-text"[39m
            [36m>[39m
              [0m3[0m
            
[36m</div>[39m
            [36m<div[39m
              [33mclass[3
9m=[32m"text-xs 
text-emerald-600 
font-medium mt-1"[39m
            [36m>[39m
              
[0mUsu├írios 
cadastrados[0m

[2m Test Files [22m [1m[31m1 failed[39m[22m[90m (1)[39m
[2m      Tests [22m [1m[31m18 failed[39m[22m[2m | [22m[1m[32m11 passed[39m[22m[90m (29)[39m
[2m   Start at [22m 06:25:09
[2m   Duration [22m 17.79s[2m (transform 174ms, setup 114ms, import 503ms, tests 16.43s, environment 571ms)[22m

            
[36m</div>[39m
          [36m</div>[39m
          [36m<div[39m
            [33mclass[39m
=[32m"bg-white p-4 
rounded-xl border 
border-ai-border 
shadow-sm"[39m
          [36m>[39m
            [36m<div[39m
              
[33mclass[39m=[32m"flex 
items-center gap-3 
mb-2"[39m
            [36m>[39m
              
[36m<div[39m
                
[33mclass[39m=[32m"p-2 
bg-emerald-50 
text-emerald-600 
rounded-lg"[39m
              [36m>[39m
                
[36m<svg[39m
                  [33maria
-hidden[39m=[32m"true"[3
9m
                  [33mclas
s[39m=[32m"lucide 
lucide-activity"[39m
                  [33mfill
[39m=[32m"none"[39m
                  [33mheig
ht[39m=[32m"18"[39m
                  [33mstro
ke[39m=[32m"currentColor"
[39m
                  [33mstro
ke-linecap[39m=[32m"round
"[39m
                  [33mstro
ke-linejoin[39m=[32m"roun
d"[39m
                  [33mstro
ke-width[39m=[32m"2"[39m
                  
[33mviewBox[39m=[32m"0 
0 24 24"[39m
                  [33mwidt
h[39m=[32m"18"[39m
                  [33mxmln
s[39m=[32m"http://www.w3.
org/2000/svg"[39m
                [36m>[39m
                  
[36m<path[39m
                    
[33md[39m=[32m"M22 
12h-2.48a2 2 0 0 0-1.93 
1.46l-2.35 8.36a.25.25 0 0 
1-.48 0L9.24 2.18a.25.25 0 
0 0-.48 0l-2.35 8.36A2 2 0 
0 1 4.49 12H2"[39m
                  
[36m/>[39m
                
[36m</svg>[39m
              
[36m</div>[39m
              
[36m<span[39m
                [33mclass
[39m=[32m"text-xs 
font-bold text-ai-subtext 
uppercase"[39m
              [36m>[39m
                
[0mAtivos[0m
              
[36m</span>[39m
            
[36m</div>[39m
            [36m<div[39m
              [33mclass[3
9m=[32m"text-2xl 
font-mono font-bold 
text-ai-text"[39m
            [36m>[39m
              [0m2[0m
            
[36m</div>[39m
            [36m<div[39m
              [33mclass[3
9m=[32m"text-xs 
text-ai-subtext 
font-medium mt-1"[39m
            [36m>[39m
              
[0mUsu├írios ativos[0m
            
[36m</div>[39m
          [36m</div>[39m
        [36m</div>[39m
        [36m<div[39m
          [33mclass[39m=
[32m"flex-1 bg-white 
rounded-xl border 
border-ai-border shadow-sm 
flex flex-col 
overflow-hidden"[39m
        [36m>[39m
          [36m<div[39m
            
[33mclass[39m=[32m"p-4 
border-b border-ai-border 
flex justify-between 
items-center"[39m
          [36m>[39m
            [36m<h2[39m
              [33mclass[3
9m=[32m"text-sm font-bold 
text-ai-text"[39m
            [36m>[39m
              [0mBase de 
Usu├írios[0m
            [36m</h2>[39m
            [36m<div[39m
              [33mclass[3
9m=[32m"relative 
w-64"[39m
            [36m>[39m
              
[36m<svg[39m
                [33maria-h
idden[39m=[32m"true"[39m
                [33mclass
[39m=[32m"lucide 
lucide-search absolute 
left-3 top-1/2 
-translate-y-1/2 
text-ai-subtext"[39m
                [33mfill[
39m=[32m"none"[39m
                [33mheight
[39m=[32m"14"[39m
                [33mstroke
[39m=[32m"currentColor"[
39m
                [33mstroke
-linecap[39m=[32m"round"
[39m
                [33mstroke
-linejoin[39m=[32m"round"
[39m
                [33mstroke
-width[39m=[32m"2"[39m
                
[33mviewBox[39m=[32m"0 
0 24 24"[39m
                [33mwidth
[39m=[32m"14"[39m
                [33mxmlns
[39m=[32m"http://www.w3.or
g/2000/svg"[39m
              [36m>[39m
                
[36m<path[39m
                  
[33md[39m=[32m"m21 
21-4.34-4.34"[39m
                
[36m/>[39m
                
[36m<circle[39m
                  
[33mcx[39m=[32m"11"[39m
                  
[33mcy[39m=[32m"11"[39m
                  
[33mr[39m=[32m"8"[39m
                
[36m/>[39m
              
[36m</svg>[39m
              
[36m<input[39m
                [33mclass
[39m=[32m"w-full pl-9 
pr-3 py-1.5 text-xs border 
border-ai-border 
rounded-md bg-ai-surface 
focus:outline-none 
focus:border-ai-text 
transition-colors"[39m
                [33mplaceh
older[39m=[32m"Buscar 
usu├írio..."[39m
                [33mtype[
39m=[32m"text"[39m
                [33mvalue
[39m=[32m""[39m
              [36m/>[39m
            
[36m</div>[39m
          
[36m</div>[39...
[90m [2mΓ¥»[22m 
Proxy.waitForWrapper node_m
odules/@testing-library/dom
/dist/wait-for.js:[2m163:2
7[22m[39m
[36m [2mΓ¥»[22m src/test
/agents/AdminDashboard.test
.tsx:[2m508:13[22m[39m
    [90m506| [39m      [
34mrender[39m([33m<[39m
[33mAdminDashboard[39m [3
3m/[39m[33m>[39m)[33m;
[39m
    [90m507| [39m
    [90m508| [39m      
[35mawait[39m 
[34mwaitFor[39m(() 
[33m=>[39m {
    [90m   | [39m        
    [31m^[39m
    [90m509| [39m        
expect(screen.getByText(/mo
strando.*de.*clientes/i)).t
oBeInTheΓÇª
    [90m510| [39m      
})[33m;[39m

[31m[2mΓÄ»ΓÄ»ΓÄ»ΓÄ»ΓÄ»ΓÄ»
ΓÄ»ΓÄ»ΓÄ»ΓÄ»ΓÄ»ΓÄ»ΓÄ»ΓÄ»ΓÄ»
ΓÄ»ΓÄ»ΓÄ»ΓÄ»ΓÄ»ΓÄ»ΓÄ»[18/18
]ΓÄ»[22m[39m

