agents/FarmManagement.tsx(639,7): error TS2353: Object literal may only specify known properties, and 'operationPecuary' does not exist in type 'Partial<Farm>'.
components/ErrorBoundary.tsx(46,10): error TS2339: Property 'setState' does not exist on type 'ErrorBoundary'.
components/ErrorBoundary.tsx(77,10): error TS2339: Property 'setState' does not exist on type 'ErrorBoundary'.
lib/examples/robustnessExamples.ts(6,49): error TS2307: Cannot find module '../lib/retryHandler' or its corresponding type declarations.
lib/examples/robustnessExamples.ts(7,21): error TS2307: Cannot find module '../lib/apiClient' or its corresponding type declarations.
lib/examples/robustnessExamples.ts(8,56): error TS2307: Cannot find module '../lib/inputSanitizer' or its corresponding type declarations.
lib/examples/robustnessExamples.ts(9,81): error TS2307: Cannot find module '../lib/errorHandler' or its corresponding type declarations.
lib/examples/robustnessExamples.ts(10,24): error TS2307: Cannot find module '../lib/logger' or its corresponding type declarations.
lib/examples/robustnessExamples.ts(11,26): error TS2307: Cannot find module '../lib/supabase' or its corresponding type declarations.
lib/supabaseClient.ts(110,16): error TS2347: Untyped function calls may not accept type arguments.
lib/supabaseClient.ts(125,16): error TS2347: Untyped function calls may not accept type arguments.
lib/supabaseClient.ts(141,16): error TS2347: Untyped function calls may not accept type arguments.
lib/utils/farmMapper.ts(23,5): error TS2353: Object literal may only specify known properties, and 'operationPecuary' does not exist in type 'Farm'.
src/test/agents/AdminDashboard.test.tsx(330,23): error TS2345: Argument of type 'Element' is not assignable to parameter of type 'HTMLElement'.
  Type 'Element' is missing the following properties from type 'HTMLElement': accessKey, accessKeyLabel, autocapitalize, dir, and 126 more.
src/test/agents/AdminDashboard.test.tsx(340,23): error TS2345: Argument of type 'Element' is not assignable to parameter of type 'HTMLElement'.
  Type 'Element' is missing the following properties from type 'HTMLElement': accessKey, accessKeyLabel, autocapitalize, dir, and 126 more.
src/test/agents/AdminDashboard.test.tsx(350,23): error TS2345: Argument of type 'Element' is not assignable to parameter of type 'HTMLElement'.
  Type 'Element' is missing the following properties from type 'HTMLElement': accessKey, accessKeyLabel, autocapitalize, dir, and 126 more.
src/test/agents/AdminDashboard.test.tsx(372,23): error TS2345: Argument of type 'Element' is not assignable to parameter of type 'HTMLElement'.
  Type 'Element' is missing the following properties from type 'HTMLElement': accessKey, accessKeyLabel, autocapitalize, dir, and 126 more.
src/test/api/openai-assistant.test.ts(32,19): error TS2339: Property 'length' does not exist on type 'AssistantResponse'.
src/test/api/openai-assistant.test.ts(33,48): error TS2339: Property 'substring' does not exist on type 'AssistantResponse'.
src/test/api/openai-assistant.test.ts(42,19): error TS2339: Property 'length' does not exist on type 'AssistantResponse'.
src/test/api/openai-assistant.test.ts(43,49): error TS2339: Property 'substring' does not exist on type 'AssistantResponse'.
src/test/api/openai-assistant.test.ts(52,19): error TS2339: Property 'length' does not exist on type 'AssistantResponse'.
src/test/api/openai-assistant.test.ts(53,51): error TS2339: Property 'substring' does not exist on type 'AssistantResponse'.
src/test/api/openai-assistant.test.ts(62,19): error TS2339: Property 'length' does not exist on type 'AssistantResponse'.
src/test/api/openai-assistant.test.ts(63,52): error TS2339: Property 'substring' does not exist on type 'AssistantResponse'.
src/test/components/LoginPage.test.tsx(20,3): error TS2304: Cannot find name 'beforeEach'.
src/test/utils.tsx(4,30): error TS2307: Cannot find module '../contexts/AuthContext' or its corresponding type declarations.
