agents/InitiativesActivities.tsx(522,51): error TS2339: Property 'localeCompare' does not exist on type 'unknown'.
agents/InitiativesActivities.tsx(529,48): error TS2339: Property 'localeCompare' does not exist on type 'unknown'.
agents/SavedScenarios.tsx(82,41): error TS2367: This comparison appears to be unintentional because the types '"comparator_pdf"' and '"initiatives_overview_pdf"' have no overlap.
agents/SavedScenarios.tsx(84,41): error TS2367: This comparison appears to be unintentional because the types '"comparator_pdf"' and '"project_structure_pdf"' have no overlap.
agents/SavedScenarios.tsx(202,12): error TS2367: This comparison appears to be unintentional because the types '"comparator_pdf"' and '"initiatives_overview_pdf"' have no overlap.
agents/SavedScenarios.tsx(202,59): error TS2367: This comparison appears to be unintentional because the types '"comparator_pdf"' and '"project_structure_pdf"' have no overlap.
agents/SavedScenarios.tsx(365,28): error TS2367: This comparison appears to be unintentional because the types '"comparator_pdf"' and '"initiatives_overview_pdf"' have no overlap.
agents/SavedScenarios.tsx(367,13): error TS2367: This comparison appears to be unintentional because the types '"comparator_pdf"' and '"project_structure_pdf"' have no overlap.
agents/SavedScenarios.tsx(685,81): error TS2367: This comparison appears to be unintentional because the types '"comparator_pdf"' and '"initiatives_overview_pdf"' have no overlap.
agents/SavedScenarios.tsx(686,89): error TS2367: This comparison appears to be unintentional because the types '"comparator_pdf"' and '"project_structure_pdf"' have no overlap.
components/ErrorBoundary.tsx(46,10): error TS2339: Property 'setState' does not exist on type 'ErrorBoundary'.
components/ErrorBoundary.tsx(77,10): error TS2339: Property 'setState' does not exist on type 'ErrorBoundary'.
components/InitiativesGantt.tsx(142,25): error TS2352: Conversion of type 'Record<string, unknown>[]' to type 'Scales' may be a mistake because neither type sufficiently overlaps with the other. If this was intentional, convert the expression to 'unknown' first.
  Property '0' is missing in type 'Record<string, unknown>[]' but required in type 'ScaleArray<Scale>'.
components/InitiativesGantt.tsx(318,5): error TS2322: Type '{ month_full: string[]; month_short: string[]; day_full: string[]; day_short: string[]; }' is not assignable to type 'GanttLocaleDate'.
  Types of property 'month_full' are incompatible.
    Type 'string[]' is not assignable to type 'MonthLabelList'.
      Target requires 12 element(s) but source may have fewer.
components/InitiativesGantt.tsx(395,55): error TS2345: Argument of type 'Task' is not assignable to parameter of type '{ start_date: Date; duration: number; }'.
  Property 'start_date' is optional in type 'Task' but required in type '{ start_date: Date; duration: number; }'.
components/InitiativeTasksKanban.tsx(22,58): error TS2305: Module '"../lib/initiatives"' has no exported member 'KanbanStatus'.
components/InitiativeTasksKanban.tsx(23,10): error TS2305: Module '"../lib/initiatives"' has no exported member 'updateTasksKanban'.
components/InitiativeTasksKanban.tsx(118,88): error TS2339: Property 'responsible_person_id' does not exist on type 'FlatTask'.
components/InitiativeTasksKanban.tsx(414,17): error TS2322: Type '{ children: any; key: KanbanStatus; status: KanbanStatus; onClick: (e: React.MouseEvent) => void; }' is not assignable to type '{ status: KanbanStatus; children: React.ReactNode; onClick?: (e: React.MouseEvent) => void; }'.
  Property 'key' does not exist on type '{ status: KanbanStatus; children: React.ReactNode; onClick?: (e: React.MouseEvent) => void; }'.
components/InitiativeTasksKanban.tsx(442,31): error TS2322: Type '{ key: any; id: any; task: any; responsibleLabel: (personId: string) => string; onEdit: (task: FlatTask) => void; onDelete: (task: FlatTask) => void; }' is not assignable to type '{ id: string; task: FlatTask; responsibleLabel: (personId: string) => string; onEdit?: (task: FlatTask) => void; onDelete?: (task: FlatTask) => void; }'.
  Property 'key' does not exist on type '{ id: string; task: FlatTask; responsibleLabel: (personId: string) => string; onEdit?: (task: FlatTask) => void; onDelete?: (task: FlatTask) => void; }'.
components/ProgramaWorkbench.tsx(204,72): error TS2698: Spread types may only be created from object types.
components/ProgramaWorkbench.tsx(211,72): error TS2698: Spread types may only be created from object types.
components/TaskCreateModal.tsx(91,16): error TS2339: Property 'kanban_status' does not exist on type 'InitiativeTaskRow'.
components/TaskCreateModal.tsx(92,39): error TS2339: Property 'kanban_order' does not exist on type 'InitiativeTaskRow'.
components/TaskCreateModal.tsx(92,57): error TS2339: Property 'kanban_order' does not exist on type 'InitiativeTaskRow'.
components/TaskCreateModal.tsx(137,9): error TS2353: Object literal may only specify known properties, and 'responsible_person_id' does not exist in type 'CreateInitiativeTaskPayload'.
components/TaskEditModal.tsx(45,33): error TS2339: Property 'responsible_person_id' does not exist on type 'InitiativeTaskRow'.
components/TaskEditModal.tsx(71,9): error TS2353: Object literal may only specify known properties, and 'responsible_person_id' does not exist in type 'Partial<{ title: string; description: string; due_date: string; completed: boolean; sort_order: number; }>'.
lib/examples/robustnessExamples.ts(6,49): error TS2307: Cannot find module '../lib/retryHandler' or its corresponding type declarations.
lib/examples/robustnessExamples.ts(7,21): error TS2307: Cannot find module '../lib/apiClient' or its corresponding type declarations.
lib/examples/robustnessExamples.ts(8,56): error TS2307: Cannot find module '../lib/inputSanitizer' or its corresponding type declarations.
lib/examples/robustnessExamples.ts(9,81): error TS2307: Cannot find module '../lib/errorHandler' or its corresponding type declarations.
lib/examples/robustnessExamples.ts(10,24): error TS2307: Cannot find module '../lib/logger' or its corresponding type declarations.
lib/examples/robustnessExamples.ts(11,26): error TS2307: Cannot find module '../lib/supabase' or its corresponding type declarations.
lib/supabaseClient.ts(110,16): error TS2347: Untyped function calls may not accept type arguments.
lib/supabaseClient.ts(125,16): error TS2347: Untyped function calls may not accept type arguments.
lib/supabaseClient.ts(141,16): error TS2347: Untyped function calls may not accept type arguments.
src/test/components/LoginPage.test.tsx(20,3): error TS2304: Cannot find name 'beforeEach'.
src/test/utils.tsx(4,30): error TS2307: Cannot find module '../contexts/AuthContext' or its corresponding type declarations.
